Component: ARM Compiler 5.06 update 6 (build 750) Tool: armlink [4d35ed]

==============================================================================

Section Cross References

    main.o(i.adventure) refers to main.o(i.start_point) for start_point
    main.o(i.adventure) refers to main.o(i.st7586_write) for st7586_write
    main.o(i.adventure) refers to main.o(i.white) for white
    main.o(i.adventure) refers to main.o(i.w_b_w) for w_b_w
    main.o(i.adventure) refers to main.o(i.enemy) for enemy
    main.o(i.adventure) refers to main.o(i.nrf_delay_ms) for nrf_delay_ms
    main.o(i.adventure) refers to app_scheduler.o(i.app_sched_execute) for app_sched_execute
    main.o(i.adventure) refers to main.o(.data) for .data
    main.o(i.adventure_start) refers to main.o(i.start_point) for start_point
    main.o(i.adventure_start) refers to main.o(i.st7586_write) for st7586_write
    main.o(i.adventure_start) refers to main.o(i.black) for black
    main.o(i.adventure_start) refers to main.o(i.nrf_delay_ms) for nrf_delay_ms
    main.o(i.adventure_start) refers to main.o(i.white) for white
    main.o(i.arrow) refers to main.o(i.st7586_write) for st7586_write
    main.o(i.arrow) refers to main.o(i.white) for white
    main.o(i.assert_nrf_callback) refers to app_error.o(i.app_error_handler) for app_error_handler
    main.o(i.b_w_b) refers to main.o(i.st7586_write) for st7586_write
    main.o(i.black) refers to main.o(i.st7586_write) for st7586_write
    main.o(i.ble_evt_handler) refers to nrf_log_frontend.o(i.nrf_log_frontend_std_0) for nrf_log_frontend_std_0
    main.o(i.ble_evt_handler) refers to boards.o(i.bsp_board_led_on) for bsp_board_led_on
    main.o(i.ble_evt_handler) refers to boards.o(i.bsp_board_led_off) for bsp_board_led_off
    main.o(i.ble_evt_handler) refers to app_button.o(i.app_button_enable) for app_button_enable
    main.o(i.ble_evt_handler) refers to app_button.o(i.app_button_disable) for app_button_disable
    main.o(i.ble_evt_handler) refers to app_error.o(i.app_error_handler_bare) for app_error_handler_bare
    main.o(i.ble_evt_handler) refers to memcpya.o(.text) for __aeabi_memcpy
    main.o(i.ble_evt_handler) refers to main.o(.data) for .data
    main.o(i.ble_evt_handler) refers to nrf_log_frontend.o(log_dynamic_data) for m_nrf_log_app_logs_data_dynamic
    main.o(i.bow) refers to main.o(i.start_point) for start_point
    main.o(i.bow) refers to main.o(i.st7586_write) for st7586_write
    main.o(i.bow) refers to main.o(i.white) for white
    main.o(i.bow) refers to main.o(i.w_b_w) for w_b_w
    main.o(i.bow) refers to main.o(i.b_w_b) for b_w_b
    main.o(i.bow) refers to main.o(i.enemy) for enemy
    main.o(i.bow) refers to main.o(i.nrf_delay_ms) for nrf_delay_ms
    main.o(i.bow) refers to app_scheduler.o(i.app_sched_execute) for app_sched_execute
    main.o(i.bow) refers to main.o(.data) for .data
    main.o(i.button_handler) refers to app_timer_1.o(i.app_timer_start) for app_timer_start
    main.o(i.button_handler) refers to app_error.o(i.app_error_handler_bare) for app_error_handler_bare
    main.o(i.button_handler) refers to main.o(.constdata) for .constdata
    main.o(i.button_handler) refers to main.o(.data) for .data
    main.o(i.button_scheduler_event_handler) refers to main.o(i.button_handler) for button_handler
    main.o(i.clear) refers to main.o(i.start_point) for start_point
    main.o(i.clear) refers to main.o(i.st7586_write) for st7586_write
    main.o(i.clear) refers to main.o(i.white) for white
    main.o(i.conn_params_error_handler) refers to app_error.o(i.app_error_handler_bare) for app_error_handler_bare
    main.o(i.display_head) refers to main.o(i.start_point) for start_point
    main.o(i.display_head) refers to main.o(i.st7586_write) for st7586_write
    main.o(i.display_head) refers to main.o(i.white) for white
    main.o(i.display_head) refers to main.o(i.w_b_w) for w_b_w
    main.o(i.display_head) refers to main.o(i.black) for black
    main.o(i.display_head) refers to main.o(i.b_w_b) for b_w_b
    main.o(i.display_head) refers to main.o(i.select_state) for select_state
    main.o(i.display_head) refers to main.o(i.nrf_delay_ms) for nrf_delay_ms
    main.o(i.display_head) refers to app_scheduler.o(i.app_sched_execute) for app_sched_execute
    main.o(i.display_hp) refers to main.o(i.start_point) for start_point
    main.o(i.display_hp) refers to main.o(i.heart) for heart
    main.o(i.display_hp) refers to main.o(i.st7586_write) for st7586_write
    main.o(i.display_hp) refers to main.o(i.white) for white
    main.o(i.display_hp) refers to main.o(.data) for .data
    main.o(i.display_state) refers to main.o(i.start_point) for start_point
    main.o(i.display_state) refers to main.o(i.st7586_write) for st7586_write
    main.o(i.display_state) refers to main.o(i.white) for white
    main.o(i.display_state) refers to main.o(i.max) for max
    main.o(i.display_state) refers to main.o(i.one) for one
    main.o(i.display_state) refers to main.o(i.two) for two
[...]
    i.update_timeout_handler                 0x0002d89c   Section        0  ble_conn_params.o(i.update_timeout_handler)
    update_timeout_handler                   0x0002d89d   Thumb Code    98  ble_conn_params.o(i.update_timeout_handler)
    i.user_op_alloc                          0x0002d904   Section        0  app_timer_1.o(i.user_op_alloc)
    user_op_alloc                            0x0002d905   Thumb Code    42  app_timer_1.o(i.user_op_alloc)
    i.w_b_w                                  0x0002d934   Section        0  main.o(i.w_b_w)
    i.white                                  0x0002d978   Section        0  main.o(i.white)
    i.zero                                   0x0002d9a0   Section        0  main.o(i.zero)
    .constdata                               0x0002dad8   Section       32  main.o(.constdata)
    m_led_a_timer_id                         0x0002dad8   Data           4  main.o(.constdata)
    st7586_spi                               0x0002dae0   Data           8  main.o(.constdata)
    .constdata                               0x0002daf8   Section        8  boards.o(.constdata)
    m_board_led_list                         0x0002daf8   Data           4  boards.o(.constdata)
    m_board_btn_list                         0x0002dafc   Data           4  boards.o(.constdata)
    .constdata                               0x0002db00   Section       22  nrf_ble_gatt.o(.constdata)
    .constdata                               0x0002db18   Section       16  ble_lbs.o(.constdata)
    .constdata                               0x0002db28   Section        4  nrf_drv_gpiote.o(.constdata)
    .constdata                               0x0002db2c   Section        8  app_button.o(.constdata)
    m_detection_delay_timer_id               0x0002db2c   Data           4  app_button.o(.constdata)
    .constdata                               0x0002db34   Section       16  nrf_fprintf_format.o(.constdata)
    _aV2C                                    0x0002db34   Data          16  nrf_fprintf_format.o(.constdata)
    .constdata                               0x0002db44   Section      260  nrf_strerror.o(.constdata)
    m_unknown_str                            0x0002db44   Data          19  nrf_strerror.o(.constdata)
    nrf_strerror_array                       0x0002db58   Data         240  nrf_strerror.o(.constdata)
    .constdata                               0x0002dc48   Section       12  nrf_log_backend_uart.o(.constdata)
    .constdata                               0x0002dc54   Section       32  nrf_log_backend_uart.o(.constdata)
    .constdata                               0x0002dc74   Section       20  nrf_log_frontend.o(.constdata)
    mempool                                  0x0002dc74   Data          20  nrf_log_frontend.o(.constdata)
    .constdata                               0x0002dc88   Section       16  nrf_sdh.o(.constdata)
    sdh_req_observers_array                  0x0002dc88   Data          16  nrf_sdh.o(.constdata)
    .constdata                               0x0002dc98   Section       40  nrf_sdh.o(.constdata)
    sdh_req_observers                        0x0002dc9c   Data          12  nrf_sdh.o(.constdata)
    sdh_state_observers                      0x0002dca8   Data          12  nrf_sdh.o(.constdata)
    sdh_stack_observers                      0x0002dcb4   Data          12  nrf_sdh.o(.constdata)
    .constdata                               0x0002dcc0   Section       16  nrf_sdh.o(.constdata)
    sdh_state_observers_array                0x0002dcc0   Data          16  nrf_sdh.o(.constdata)
    .constdata                               0x0002dcd0   Section       16  nrf_sdh.o(.constdata)
    sdh_stack_observers_array                0x0002dcd0   Data          16  nrf_sdh.o(.constdata)
    .constdata                               0x0002dce0   Section       32  nrf_sdh_ble.o(.constdata)
    sdh_ble_observers_array                  0x0002dce0   Data          32  nrf_sdh_ble.o(.constdata)
    .constdata                               0x0002dd00   Section       16  nrf_sdh_ble.o(.constdata)
    sdh_ble_observers                        0x0002dd04   Data          12  nrf_sdh_ble.o(.constdata)
    .constdata                               0x0002dd10   Section       16  nrf_sdh_soc.o(.constdata)
    sdh_soc_observers_array                  0x0002dd10   Data          16  nrf_sdh_soc.o(.constdata)
    .constdata                               0x0002dd20   Section       12  nrf_sdh_soc.o(.constdata)
    sdh_soc_observers                        0x0002dd20   Data          12  nrf_sdh_soc.o(.constdata)
    .constdata                               0x0002dd2c   Section      129  ctype_o.o(.constdata)
    .constdata                               0x0002ddb0   Section        4  ctype_o.o(.constdata)
    table                                    0x0002ddb0   Data           4  ctype_o.o(.constdata)
    .conststring                             0x0002ddb4   Section      301  nrf_ble_gatt.o(.conststring)
    .conststring                             0x0002dee4   Section      775  nrf_strerror.o(.conststring)
    .conststring                             0x0002e1ec   Section      102  nrf_log_str_formatter.o(.conststring)
    .conststring                             0x0002e254   Section      392  nrf_sdh_ble.o(.conststring)
    .conststrlit                             0x0002e3dc   Section        9  nrf_ble_gatt.o(.conststrlit)
    .conststrlit                             0x0002e3e8   Section        6  nrf_drv_clock.o(.conststrlit)
    .conststrlit                             0x0002e3f0   Section        7  nrf_drv_gpiote.o(.conststrlit)
    .conststrlit                             0x0002e3f8   Section        5  nrf_drv_uart.o(.conststrlit)
    .conststrlit                             0x0002e400   Section        4  nrf_drv_spi.o(.conststrlit)
    .conststrlit                             0x0002e404   Section        7  nrf_balloc.o(.conststrlit)
    .conststrlit                             0x0002e40c   Section        9  nrf_pwr_mgmt.o(.conststrlit)
    .conststrlit                             0x0002e418   Section        4  nrf_log_frontend.o(.conststrlit)
    .conststrlit                             0x0002e41c   Section        8  nrf_sdh.o(.conststrlit)
    .conststrlit                             0x0002e424   Section       12  nrf_sdh_ble.o(.conststrlit)
    .conststrlit                             0x0002e430   Section       12  nrf_sdh_soc.o(.conststrlit)
    log_const_data                           0x0002e45c   Section        8  nrf_ble_gatt.o(log_const_data)
    __tagsym$$used                           0x0002e45c   Number         0  nrf_ble_gatt.o(log_const_data)
    log_const_data                           0x0002e464   Section        8  nrf_drv_clock.o(log_const_data)
    __tagsym$$used                           0x0002e464   Number         0  nrf_drv_clock.o(log_const_data)
    log_const_data                           0x0002e46c   Section        8  nrf_drv_gpiote.o(log_const_data)
    __tagsym$$used                           0x0002e46c   Number         0  nrf_drv_gpiote.o(log_const_data)
    log_const_data                           0x0002e474   Section        8  nrf_drv_uart.o(log_const_data)
    __tagsym$$used                           0x0002e474   Number         0  nrf_drv_uart.o(log_const_data)
    log_const_data                           0x0002e47c   Section        8  nrf_drv_spi.o(log_const_data)
    __tagsym$$used                           0x0002e47c   Number         0  nrf_drv_spi.o(log_const_data)
    log_const_data                           0x0002e484   Section        8  nrf_balloc.o(log_const_data)
    __tagsym$$used                           0x0002e484   Number         0  nrf_balloc.o(log_const_data)
    log_const_data                           0x0002e48c   Section        8  nrf_pwr_mgmt.o(log_const_data)
    __tagsym$$used                           0x0002e48c   Number         0  nrf_pwr_mgmt.o(log_const_data)
    log_const_data                           0x0002e494   Section        8  nrf_log_frontend.o(log_const_data)
    __tagsym$$used                           0x0002e494   Number         0  nrf_log_frontend.o(log_const_data)
    log_const_data                           0x0002e49c   Section        8  nrf_sdh.o(log_const_data)
    __tagsym$$used                           0x0002e49c   Number         0  nrf_sdh.o(log_const_data)
    log_const_data                           0x0002e4a4   Section        8  nrf_sdh_ble.o(log_const_data)
    __tagsym$$used                           0x0002e4a4   Number         0  nrf_sdh_ble.o(log_const_data)
    log_const_data                           0x0002e4ac   Section        8  nrf_sdh_soc.o(log_const_data)
    __tagsym$$used                           0x0002e4ac   Number         0  nrf_sdh_soc.o(log_const_data)
    sdh_ble_observers0                       0x0002e4b4   Section        8  ble_conn_state.o(sdh_ble_observers0)
    __tagsym$$used                           0x0002e4b4   Number         0  ble_conn_state.o(sdh_ble_observers0)
    m_ble_evt_observer                       0x0002e4b4   Data           8  ble_conn_state.o(sdh_ble_observers0)
    sdh_ble_observers1                       0x0002e4bc   Section        8  main.o(sdh_ble_observers1)
    __tagsym$$used                           0x0002e4bc   Number         0  main.o(sdh_ble_observers1)
    m_gatt_obs                               0x0002e4bc   Data           8  main.o(sdh_ble_observers1)
    sdh_ble_observers1                       0x0002e4c4   Section        8  ble_conn_params.o(sdh_ble_observers1)
    __tagsym$$used                           0x0002e4c4   Number         0  ble_conn_params.o(sdh_ble_observers1)
    m_ble_observer                           0x0002e4c4   Data           8  ble_conn_params.o(sdh_ble_observers1)
    sdh_ble_observers2                       0x0002e4cc   Section        8  main.o(sdh_ble_observers2)
    __tagsym$$used                           0x0002e4cc   Number         0  main.o(sdh_ble_observers2)
    m_lbs_obs                                0x0002e4cc   Data           8  main.o(sdh_ble_observers2)
    sdh_ble_observers3                       0x0002e4d4   Section        8  main.o(sdh_ble_observers3)
    __tagsym$$used                           0x0002e4d4   Number         0  main.o(sdh_ble_observers3)
    m_ble_observer                           0x0002e4d4   Data           8  main.o(sdh_ble_observers3)
    sdh_soc_observers0                       0x0002e4dc   Section        8  nrf_drv_clock.o(sdh_soc_observers0)
    __tagsym$$used                           0x0002e4dc   Number         0  nrf_drv_clock.o(sdh_soc_observers0)
    m_soc_evt_observer                       0x0002e4dc   Data           8  nrf_drv_clock.o(sdh_soc_observers0)
    sdh_stack_observers0                     0x0002e4e4   Section        8  nrf_sdh_ble.o(sdh_stack_observers0)
    __tagsym$$used                           0x0002e4e4   Number         0  nrf_sdh_ble.o(sdh_stack_observers0)
    m_nrf_sdh_ble_evts_poll                  0x0002e4e4   Data           8  nrf_sdh_ble.o(sdh_stack_observers0)
    sdh_stack_observers0                     0x0002e4ec   Section        8  nrf_sdh_soc.o(sdh_stack_observers0)
    __tagsym$$used                           0x0002e4ec   Number         0  nrf_sdh_soc.o(sdh_stack_observers0)
    m_nrf_sdh_soc_evts_poll                  0x0002e4ec   Data           8  nrf_sdh_soc.o(sdh_stack_observers0)
    sdh_state_observers0                     0x0002e4f4   Section        8  nrf_drv_clock.o(sdh_state_observers0)
    __tagsym$$used                           0x0002e4f4   Number         0  nrf_drv_clock.o(sdh_state_observers0)
    m_sd_state_observer                      0x0002e4f4   Data           8  nrf_drv_clock.o(sdh_state_observers0)
    .data                                    0x20002180   Section       52  main.o(.data)
    st7586_spi_xfer_done                     0x20002180   Data           1  main.o(.data)
    rx_data                                  0x20002183   Data           1  main.o(.data)
    m_conn_handle                            0x20002184   Data           2  main.o(.data)
    .data                                    0x200021b4   Section        8  ble_conn_params.o(.data)
    m_preferred_conn_params                  0x200021b4   Data           8  ble_conn_params.o(.data)
    .data                                    0x200021bc   Section       20  app_button.o(.data)
    m_button_count                           0x200021bc   Data           1  app_button.o(.data)
    mp_buttons                               0x200021c0   Data           4  app_button.o(.data)
    m_detection_delay                        0x200021c4   Data           4  app_button.o(.data)
    m_pin_state                              0x200021c8   Data           4  app_button.o(.data)
    m_pin_transition                         0x200021cc   Data           4  app_button.o(.data)
    .data                                    0x200021d0   Section       16  app_scheduler.o(.data)
    m_queue_start_index                      0x200021d0   Data           1  app_scheduler.o(.data)
    m_queue_end_index                        0x200021d1   Data           1  app_scheduler.o(.data)
    m_queue_event_size                       0x200021d2   Data           2  app_scheduler.o(.data)
    m_queue_size                             0x200021d4   Data           2  app_scheduler.o(.data)
    m_queue_event_headers                    0x200021d8   Data           4  app_scheduler.o(.data)
    m_queue_event_data                       0x200021dc   Data           4  app_scheduler.o(.data)
    .data                                    0x200021e0   Section       20  app_timer_1.o(.data)
    m_ticks_elapsed_q_read_ind               0x200021e0   Data           1  app_timer_1.o(.data)
    m_ticks_elapsed_q_write_ind              0x200021e1   Data           1  app_timer_1.o(.data)
    m_rtc1_running                           0x200021e2   Data           1  app_timer_1.o(.data)
    m_rtc1_reset                             0x200021e3   Data           1  app_timer_1.o(.data)
    mp_timer_id_head                         0x200021e4   Data           4  app_timer_1.o(.data)
    m_ticks_latest                           0x200021e8   Data           4  app_timer_1.o(.data)
    m_ticks_elapsed                          0x200021ec   Data           8  app_timer_1.o(.data)
    .data                                    0x200021f4   Section       12  nrf_log_backend_uart.o(.data)
    m_xfer_done                              0x200021f4   Data           1  nrf_log_backend_uart.o(.data)
    m_async_mode                             0x200021f5   Data           1  nrf_log_backend_uart.o(.data)
    .data                                    0x20002200   Section       12  nrf_log_default_backends.o(.data)
    uart_log_backend                         0x20002200   Data          12  nrf_log_default_backends.o(.data)
    .data                                    0x2000220c   Section        8  nrf_log_frontend.o(.data)
    mempool_nrf_balloc_pool_stack            0x2000220c   Data           8  nrf_log_frontend.o(.data)
    .data                                    0x20002214   Section        8  nrf_log_frontend.o(.data)
    mempool_nrf_balloc_cb                    0x20002214   Data           8  nrf_log_frontend.o(.data)
    .data                                    0x2000221c   Section       56  nrf_log_str_formatter.o(.data)
    severity_names                           0x2000221c   Data          20  nrf_log_str_formatter.o(.data)
    m_colors                                 0x20002230   Data          36  nrf_log_str_formatter.o(.data)
    .data                                    0x20002254   Section        3  nrf_sdh.o(.data)
    m_nrf_sdh_enabled                        0x20002254   Data           1  nrf_sdh.o(.data)
    m_nrf_sdh_suspended                      0x20002255   Data           1  nrf_sdh.o(.data)
    m_nrf_sdh_continue                       0x20002256   Data           1  nrf_sdh.o(.data)
    .data                                    0x20002258   Section        4  system_nrf52_1.o(.data)
    __tagsym$$used                           0x20002258   Number         0  system_nrf52_1.o(.data)
    log_dynamic_data                         0x2000225c   Section       12  nrf_ble_gatt.o(log_dynamic_data)
    __tagsym$$used                           0x2000225c   Number         0  nrf_ble_gatt.o(log_dynamic_data)
    log_dynamic_data                         0x20002268   Section       12  nrf_drv_clock.o(log_dynamic_data)
    __tagsym$$used                           0x20002268   Number         0  nrf_drv_clock.o(log_dynamic_data)
    log_dynamic_data                         0x20002274   Section       12  nrf_drv_gpiote.o(log_dynamic_data)
    __tagsym$$used                           0x20002274   Number         0  nrf_drv_gpiote.o(log_dynamic_data)
    log_dynamic_data                         0x20002280   Section       12  nrf_drv_uart.o(log_dynamic_data)
    __tagsym$$used                           0x20002280   Number         0  nrf_drv_uart.o(log_dynamic_data)
    log_dynamic_data                         0x2000228c   Section       12  nrf_drv_spi.o(log_dynamic_data)
    __tagsym$$used                           0x2000228c   Number         0  nrf_drv_spi.o(log_dynamic_data)
    log_dynamic_data                         0x20002298   Section       12  nrf_balloc.o(log_dynamic_data)
    __tagsym$$used                           0x20002298   Number         0  nrf_balloc.o(log_dynamic_data)
    log_dynamic_data                         0x200022a4   Section       12  nrf_pwr_mgmt.o(log_dynamic_data)
    __tagsym$$used                           0x200022a4   Number         0  nrf_pwr_mgmt.o(log_dynamic_data)
    log_dynamic_data                         0x200022b0   Section       12  nrf_log_frontend.o(log_dynamic_data)
    __tagsym$$used                           0x200022b0   Number         0  nrf_log_frontend.o(log_dynamic_data)
    log_dynamic_data                         0x200022bc   Section       12  nrf_sdh.o(log_dynamic_data)
    __tagsym$$used                           0x200022bc   Number         0  nrf_sdh.o(log_dynamic_data)
    log_dynamic_data                         0x200022c8   Section       12  nrf_sdh_ble.o(log_dynamic_data)
    __tagsym$$used                           0x200022c8   Number         0  nrf_sdh_ble.o(log_dynamic_data)
    log_dynamic_data                         0x200022d4   Section       12  nrf_sdh_soc.o(log_dynamic_data)
    __tagsym$$used                           0x200022d4   Number         0  nrf_sdh_soc.o(log_dynamic_data)
    .bss                                     0x200022e0   Section       32  main.o(.bss)
    m_led_a_timer_id_data                    0x200022e0   Data          32  main.o(.bss)
    .bss                                     0x20002300   Section      220  main.o(.bss)
    APP_SCHED_BUF                            0x20002300   Data         176  main.o(.bss)
    m_lbs                                    0x200023b0   Data          24  main.o(.bss)
    m_gatt                                   0x200023c8   Data          20  main.o(.bss)
    .bss                                     0x200023dc   Section       80  ble_conn_params.o(.bss)
    m_timer_data                             0x200023dc   Data          32  ble_conn_params.o(.bss)
    m_conn_params_instances                  0x200023fc   Data          20  ble_conn_params.o(.bss)
    m_conn_params_config                     0x20002410   Data          28  ble_conn_params.o(.bss)
    .bss                                     0x2000242c   Section      184  ble_conn_state.o(.bss)
    m_bcs                                    0x2000242c   Data         184  ble_conn_state.o(.bss)
    .bss                                     0x200024e4   Section       20  nrf_drv_clock.o(.bss)
    m_clock_cb                               0x200024e4   Data          20  nrf_drv_clock.o(.bss)
    .bss                                     0x200024f8   Section       88  nrf_drv_gpiote.o(.bss)
    m_cb                                     0x200024f8   Data          88  nrf_drv_gpiote.o(.bss)
    .bss                                     0x20002550   Section       32  nrf_drv_uart.o(.bss)
    m_cb                                     0x20002550   Data          32  nrf_drv_uart.o(.bss)
    .bss                                     0x20002570   Section      108  nrf_drv_spi.o(.bss)
    m_cb                                     0x20002570   Data         108  nrf_drv_spi.o(.bss)
    .bss                                     0x200025dc   Section       32  app_button.o(.bss)
    m_detection_delay_timer_id_data          0x200025dc   Data          32  app_button.o(.bss)
    .bss                                     0x200025fc   Section      268  app_timer_1.o(.bss)
    m_op_queue                               0x200025fc   Data         268  app_timer_1.o(.bss)
    .bss                                     0x20002708   Section       12  app_util_platform.o(.bss)
    .bss                                     0x20002714   Section       64  nrf_log_backend_uart.o(.bss)
    m_string_buff                            0x20002714   Data          64  nrf_log_backend_uart.o(.bss)
    .bss                                     0x20002754   Section      192  nrf_log_frontend.o(.bss)
    mempool_nrf_balloc_pool_mem              0x20002754   Data         192  nrf_log_frontend.o(.bss)
    .bss                                     0x20002814   Section     1056  nrf_log_frontend.o(.bss)
    m_log_data                               0x20002814   Data        1056  nrf_log_frontend.o(.bss)
    STACK                                    0x20002c38   Section     8192  arm_startup_nrf52.o(STACK)

    Global Symbols

    Symbol Name                              Value     Ov Type        Size  Object(Section)

    BuildAttributes$$THM_ISAv4$E$P$D$K$B$S$7EM$VFPi3$EXTD16$VFPS$VFMA$PE$A:L22UL41UL21$X:L11$S22US41US21$IEEE1$IW$USESV6$~STKCKD$USESV7$~SHL$OSPACE$EBA8$MICROLIB$REQ8$PRES8$EABIv2 0x00000000   Number         0  anon$$obj.o ABSOLUTE
    __ARM_use_no_argv                        0x00000000   Number         0  main.o ABSOLUTE
    __use_no_errno                           0x00000000   Number         0  useno.o ABSOLUTE
    __use_no_exception_handling              0x00000000   Number         0  useno.o ABSOLUTE
    __use_no_fp                              0x00000000   Number         0  useno.o ABSOLUTE
    __use_no_heap                            0x00000000   Number         0  useno.o ABSOLUTE
    __use_no_heap_region                     0x00000000   Number         0  useno.o ABSOLUTE
    __use_no_semihosting                     0x00000000   Number         0  useno.o ABSOLUTE
    __use_no_semihosting_swi                 0x00000000   Number         0  useno.o ABSOLUTE
    __use_no_signal_handling                 0x00000000   Number         0  useno.o ABSOLUTE
    __cpp_initialize__aeabi_                  - Undefined Weak Reference
    __cxa_finalize                            - Undefined Weak Reference
    _clock_init                               - Undefined Weak Reference
    _microlib_exit                            - Undefined Weak Reference
    pwr_mgmt_data0$$Base                      - Undefined Reference
    pwr_mgmt_data0$$Limit                     - Undefined Reference
    pwr_mgmt_data1$$Base                      - Undefined Reference
    pwr_mgmt_data1$$Limit                     - Undefined Reference
    pwr_mgmt_data2$$Base                      - Undefined Reference
    pwr_mgmt_data2$$Limit                     - Undefined Reference
    sdh_req_observers0$$Base                  - Undefined Reference
    sdh_req_observers0$$Limit                 - Undefined Reference
    sdh_req_observers1$$Base                  - Undefined Reference
    sdh_req_observers1$$Limit                 - Undefined Reference
    sdh_soc_observers1$$Base                  - Undefined Reference
    sdh_soc_observers1$$Limit                 - Undefined Reference
    sdh_stack_observers1$$Base                - Undefined Reference
    sdh_stack_observers1$$Limit               - Undefined Reference
    sdh_state_observers1$$Base                - Undefined Reference
    sdh_state_observers1$$Limit               - Undefined Reference
    __Vectors_Size                           0x00000200   Number         0  arm_startup_nrf52.o ABSOLUTE
    __Vectors                                0x00023000   Data           4  arm_startup_nrf52.o(RESET)
    __Vectors_End                            0x00023200   Data           0  arm_startup_nrf52.o(RESET)
    __main                                   0x00023201   Thumb Code     0  entry.o(.ARM.Collect$$$$00000000)
    _main_stk                                0x00023201   Thumb Code     0  entry2.o(.ARM.Collect$$$$00000001)
    _main_scatterload                        0x00023205   Thumb Code     0  entry5.o(.ARM.Collect$$$$00000004)
    __main_after_scatterload                 0x00023209   Thumb Code     0  entry5.o(.ARM.Collect$$$$00000004)
    _main_clock                              0x00023209   Thumb Code     0  entry7b.o(.ARM.Collect$$$$00000008)
    _main_cpp_init                           0x00023209   Thumb Code     0  entry8b.o(.ARM.Collect$$$$0000000A)
    _main_init                               0x00023209   Thumb Code     0  entry9a.o(.ARM.Collect$$$$0000000B)
    __rt_final_cpp                           0x00023211   Thumb Code     0  entry10a.o(.ARM.Collect$$$$0000000D)
    __rt_final_exit                          0x00023211   Thumb Code     0  entry11a.o(.ARM.Collect$$$$0000000F)
    __asm___12_nrf_memobj_c_9bb9f865__nrf_atomic_internal_mov 0x00023215   Thumb Code    24  nrf_memobj.o(.emb_text)
    __asm___12_nrf_memobj_c_9bb9f865__nrf_atomic_internal_orr 0x0002322d   Thumb Code    26  nrf_memobj.o(.emb_text)
    __asm___12_nrf_memobj_c_9bb9f865__nrf_atomic_internal_and 0x00023247   Thumb Code    26  nrf_memobj.o(.emb_text)
    __asm___12_nrf_memobj_c_9bb9f865__nrf_atomic_internal_eor 0x00023261   Thumb Code    26  nrf_memobj.o(.emb_text)
    __asm___12_nrf_memobj_c_9bb9f865__nrf_atomic_internal_add 0x0002327b   Thumb Code    26  nrf_memobj.o(.emb_text)
    __asm___12_nrf_memobj_c_9bb9f865__nrf_atomic_internal_sub 0x00023295   Thumb Code    26  nrf_memobj.o(.emb_text)
    __asm___18_nrf_log_frontend_c_bc460776__nrf_atomic_internal_mov 0x000232b1   Thumb Code    24  nrf_log_frontend.o(.emb_text)
    __asm___18_nrf_log_frontend_c_bc460776__nrf_atomic_internal_orr 0x000232c9   Thumb Code    26  nrf_log_frontend.o(.emb_text)
    __asm___18_nrf_log_frontend_c_bc460776__nrf_atomic_internal_and 0x000232e3   Thumb Code    26  nrf_log_frontend.o(.emb_text)
    __asm___18_nrf_log_frontend_c_bc460776__nrf_atomic_internal_eor 0x000232fd   Thumb Code    26  nrf_log_frontend.o(.emb_text)
    __asm___18_nrf_log_frontend_c_bc460776__nrf_atomic_internal_add 0x00023317   Thumb Code    26  nrf_log_frontend.o(.emb_text)
    __asm___18_nrf_log_frontend_c_bc460776__nrf_atomic_internal_sub 0x00023331   Thumb Code    26  nrf_log_frontend.o(.emb_text)
    Reset_Handler                            0x0002334d   Thumb Code     8  arm_startup_nrf52.o(.text)
    NMI_Handler                              0x00023355   Thumb Code     2  arm_startup_nrf52.o(.text)
    HardFault_Handler                        0x00023357   Thumb Code     2  arm_startup_nrf52.o(.text)
    MemoryManagement_Handler                 0x00023359   Thumb Code     2  arm_startup_nrf52.o(.text)
    BusFault_Handler                         0x0002335b   Thumb Code     2  arm_startup_nrf52.o(.text)
    UsageFault_Handler                       0x0002335d   Thumb Code     2  arm_startup_nrf52.o(.text)
    SVC_Handler                              0x0002335f   Thumb Code     2  arm_startup_nrf52.o(.text)
    DebugMon_Handler                         0x00023361   Thumb Code     2  arm_startup_nrf52.o(.text)
    PendSV_Handler                           0x00023363   Thumb Code     2  arm_startup_nrf52.o(.text)
    SysTick_Handler                          0x00023365   Thumb Code     2  arm_startup_nrf52.o(.text)
    CCM_AAR_IRQHandler                       0x00023367   Thumb Code     0  arm_startup_nrf52.o(.text)
    COMP_LPCOMP_IRQHandler                   0x00023367   Thumb Code     0  arm_startup_nrf52.o(.text)
    ECB_IRQHandler                           0x00023367   Thumb Code     0  arm_startup_nrf52.o(.text)
    FPU_IRQHandler                           0x00023367   Thumb Code     0  arm_startup_nrf52.o(.text)
    I2S_IRQHandler                           0x00023367   Thumb Code     0  arm_startup_nrf52.o(.text)
    MWU_IRQHandler                           0x00023367   Thumb Code     0  arm_startup_nrf52.o(.text)
    NFCT_IRQHandler                          0x00023367   Thumb Code     0  arm_startup_nrf52.o(.text)
    PDM_IRQHandler                           0x00023367   Thumb Code     0  arm_startup_nrf52.o(.text)
    PWM0_IRQHandler                          0x00023367   Thumb Code     0  arm_startup_nrf52.o(.text)
    PWM1_IRQHandler                          0x00023367   Thumb Code     0  arm_startup_nrf52.o(.text)
    PWM2_IRQHandler                          0x00023367   Thumb Code     0  arm_startup_nrf52.o(.text)
    QDEC_IRQHandler                          0x00023367   Thumb Code     0  arm_startup_nrf52.o(.text)
    RADIO_IRQHandler                         0x00023367   Thumb Code     0  arm_startup_nrf52.o(.text)
    RNG_IRQHandler                           0x00023367   Thumb Code     0  arm_startup_nrf52.o(.text)
    RTC0_IRQHandler                          0x00023367   Thumb Code     0  arm_startup_nrf52.o(.text)
    RTC2_IRQHandler                          0x00023367   Thumb Code     0  arm_startup_nrf52.o(.text)
    SAADC_IRQHandler                         0x00023367   Thumb Code     0  arm_startup_nrf52.o(.text)
    SWI1_EGU1_IRQHandler                     0x00023367   Thumb Code     0  arm_startup_nrf52.o(.text)
    SWI3_EGU3_IRQHandler                     0x00023367   Thumb Code     0  arm_startup_nrf52.o(.text)
    SWI4_EGU4_IRQHandler                     0x00023367   Thumb Code     0  arm_startup_nrf52.o(.text)
    SWI5_EGU5_IRQHandler                     0x00023367   Thumb Code     0  arm_startup_nrf52.o(.text)
    TEMP_IRQHandler                          0x00023367   Thumb Code     0  arm_startup_nrf52.o(.text)
    TIMER0_IRQHandler                        0x00023367   Thumb Code     0  arm_startup_nrf52.o(.text)
    TIMER1_IRQHandler                        0x00023367   Thumb Code     0  arm_startup_nrf52.o(.text)
    TIMER2_IRQHandler                        0x00023367   Thumb Code     0  arm_startup_nrf52.o(.text)
    TIMER3_IRQHandler                        0x00023367   Thumb Code     0  arm_startup_nrf52.o(.text)
    TIMER4_IRQHandler                        0x00023367   Thumb Code     0  arm_startup_nrf52.o(.text)
    WDT_IRQHandler                           0x00023367   Thumb Code     0  arm_startup_nrf52.o(.text)
    __rt_ctype_table                         0x00023371   Thumb Code     4  ctype_o.o(.text)
    __aeabi_memcpy                           0x00023379   Thumb Code    36  memcpya.o(.text)
    __aeabi_memcpy4                          0x00023379   Thumb Code     0  memcpya.o(.text)
    __aeabi_memcpy8                          0x00023379   Thumb Code     0  memcpya.o(.text)
    __aeabi_memset                           0x0002339d   Thumb Code    14  memseta.o(.text)
    __aeabi_memset4                          0x0002339d   Thumb Code     0  memseta.o(.text)
    __aeabi_memset8                          0x0002339d   Thumb Code     0  memseta.o(.text)
    __aeabi_memclr                           0x000233ab   Thumb Code     4  memseta.o(.text)
    __aeabi_memclr4                          0x000233ab   Thumb Code     0  memseta.o(.text)
    __aeabi_memclr8                          0x000233ab   Thumb Code     0  memseta.o(.text)
    _memset$wrapper                          0x000233af   Thumb Code    18  memseta.o(.text)
    strlen                                   0x000233c1   Thumb Code    14  strlen.o(.text)
    __scatterload                            0x000233d1   Thumb Code    28  init.o(.text)
    __scatterload_rt2                        0x000233d1   Thumb Code     0  init.o(.text)
    __decompress                             0x000233f5   Thumb Code     0  __dczerorl2.o(.text)
    __decompress1                            0x000233f5   Thumb Code    86  __dczerorl2.o(.text)
    GPIOTE_IRQHandler                        0x0002344d   Thumb Code   362  nrf_drv_gpiote.o(i.GPIOTE_IRQHandler)
    POWER_CLOCK_IRQHandler                   0x00023625   Thumb Code    84  nrf_drv_clock.o(i.POWER_CLOCK_IRQHandler)
    RTC1_IRQHandler                          0x0002367d   Thumb Code    32  app_timer_1.o(i.RTC1_IRQHandler)
    SPIM0_SPIS0_TWIM0_TWIS0_SPI0_TWI0_IRQHandler 0x000236a1   Thumb Code     8  nrf_drv_spi.o(i.SPIM0_SPIS0_TWIM0_TWIS0_SPI0_TWI0_IRQHandler)
    SPIM1_SPIS1_TWIM1_TWIS1_SPI1_TWI1_IRQHandler 0x000236b1   Thumb Code    10  nrf_drv_spi.o(i.SPIM1_SPIS1_TWIM1_TWIS1_SPI1_TWI1_IRQHandler)
    SPIM2_SPIS2_SPI2_IRQHandler              0x000236c1   Thumb Code     8  nrf_drv_spi.o(i.SPIM2_SPIS2_SPI2_IRQHandler)
    SWI0_EGU0_IRQHandler                     0x000236d1   Thumb Code     4  app_timer_1.o(i.SWI0_EGU0_IRQHandler)
    SWI2_EGU2_IRQHandler                     0x000236d5   Thumb Code     4  nrf_sdh.o(i.SWI2_EGU2_IRQHandler)
    SystemInit                               0x000236d9   Thumb Code   726  system_nrf52_1.o(i.SystemInit)
    UARTE0_UART0_IRQHandler                  0x000239f5   Thumb Code    20  nrf_drv_uart.o(i.UARTE0_UART0_IRQHandler)
    __scatterload_copy                       0x00023a11   Thumb Code    14  handlers.o(i.__scatterload_copy)
    __scatterload_null                       0x00023a1f   Thumb Code     2  handlers.o(i.__scatterload_null)
    __scatterload_zeroinit                   0x00023a21   Thumb Code    14  handlers.o(i.__scatterload_zeroinit)
    adventure                                0x00023a6d   Thumb Code   616  main.o(i.adventure)
    adventure_start                          0x00023cd9   Thumb Code    70  main.o(i.adventure_start)
    app_button_disable                       0x00023d21   Thumb Code    38  app_button.o(i.app_button_disable)
    app_button_enable                        0x00023d51   Thumb Code    32  app_button.o(i.app_button_enable)
    app_error_fault_handler                  0x00023d75   Thumb Code    80  app_error_weak.o(i.app_error_fault_handler)
    app_error_handler_bare                   0x00023ded   Thumb Code    22  app_error.o(i.app_error_handler_bare)
    app_sched_event_put                      0x00023e05   Thumb Code   154  app_scheduler.o(i.app_sched_event_put)
    app_sched_execute                        0x00023ea5   Thumb Code    58  app_scheduler.o(i.app_sched_execute)
    app_sched_init                           0x00023ee5   Thumb Code    40  app_scheduler.o(i.app_sched_init)
    app_timer_create                         0x00023f11   Thumb Code    36  app_timer_1.o(i.app_timer_create)
    app_timer_init                           0x00023f39   Thumb Code    70  app_timer_1.o(i.app_timer_init)
    app_timer_start                          0x00023f8d   Thumb Code   128  app_timer_1.o(i.app_timer_start)
    app_timer_stop                           0x00024015   Thumb Code    26  app_timer_1.o(i.app_timer_stop)
    app_util_critical_region_enter           0x00024035   Thumb Code    64  app_util_platform.o(i.app_util_critical_region_enter)
    app_util_critical_region_exit            0x0002407d   Thumb Code    46  app_util_platform.o(i.app_util_critical_region_exit)
    arrow                                    0x00024169   Thumb Code   374  main.o(i.arrow)
    b_w_b                                    0x000242df   Thumb Code    68  main.o(i.b_w_b)
    black                                    0x00024323   Thumb Code    40  main.o(i.black)
    ble_conn_params_init                     0x0002434d   Thumb Code    90  ble_conn_params.o(i.ble_conn_params_init)
    ble_lbs_init                             0x000246e5   Thumb Code    82  ble_lbs.o(i.ble_lbs_init)
    ble_lbs_on_ble_evt                       0x0002473d   Thumb Code    46  ble_lbs.o(i.ble_lbs_on_ble_evt)
    ble_srv_is_notification_enabled          0x0002476b   Thumb Code     8  ble_srv_common.o(i.ble_srv_is_notification_enabled)
    bow                                      0x00024775   Thumb Code   610  main.o(i.bow)
    bsp_board_led_off                        0x000249dd   Thumb Code    10  boards.o(i.bsp_board_led_off)
    bsp_board_led_on                         0x000249ed   Thumb Code    10  boards.o(i.bsp_board_led_on)
    bsp_board_leds_init                      0x000249fd   Thumb Code    38  boards.o(i.bsp_board_leds_init)
    bsp_board_leds_off                       0x00024a29   Thumb Code    18  boards.o(i.bsp_board_leds_off)
    buffer_is_empty                          0x00024ac1   Thumb Code    16  nrf_log_frontend.o(i.buffer_is_empty)
    button_handler                           0x00024ba9   Thumb Code    94  main.o(i.button_handler)
    button_scheduler_event_handler           0x00024c11   Thumb Code     6  main.o(i.button_scheduler_event_handler)
    clear                                    0x00024c8d   Thumb Code    34  main.o(i.clear)
    display_head                             0x00024dd1   Thumb Code  2192  main.o(i.display_head)
    display_hp                               0x00025661   Thumb Code    80  main.o(i.display_hp)
    display_state                            0x000256b5   Thumb Code  3156  main.o(i.display_state)
    display_z                                0x0002630d   Thumb Code    34  main.o(i.display_z)
    display_zZ                               0x0002632f   Thumb Code   794  main.o(i.display_zZ)
    eating                                   0x00026649   Thumb Code  3350  main.o(i.eating)
    enemy                                    0x000273a1   Thumb Code   160  main.o(i.enemy)
    gameover                                 0x00027445   Thumb Code  1462  main.o(i.gameover)
    gpiote_event_handler                     0x00027ac1   Thumb Code    14  main.o(i.gpiote_event_handler)
    health                                   0x00027ad5   Thumb Code  2510  main.o(i.health)
    heart                                    0x000284a3   Thumb Code   390  main.o(i.heart)
    hited                                    0x00028629   Thumb Code   760  main.o(i.hited)
    jump                                     0x00028af1   Thumb Code   802  main.o(i.jump)
    main                                     0x000292e5   Thumb Code   622  main.o(i.main)
    main_context                             0x00029581   Thumb Code    18  main.o(i.main_context)
    max                                      0x00029593   Thumb Code  1016  main.o(i.max)
    nrf_balloc_alloc                         0x00029a43   Thumb Code    68  nrf_balloc.o(i.nrf_balloc_alloc)
    nrf_balloc_free                          0x00029a87   Thumb Code    48  nrf_balloc.o(i.nrf_balloc_free)
    nrf_balloc_init                          0x00029ab7   Thumb Code    48  nrf_balloc.o(i.nrf_balloc_init)
    nrf_ble_gatt_init                        0x00029af7   Thumb Code    34  nrf_ble_gatt.o(i.nrf_ble_gatt_init)
    nrf_ble_gatt_on_ble_evt                  0x00029b19   Thumb Code   312  nrf_ble_gatt.o(i.nrf_ble_gatt_on_ble_evt)
    nrf_drv_clock_init                       0x00029da1   Thumb Code    64  nrf_drv_clock.o(i.nrf_drv_clock_init)
    nrf_drv_clock_lfclk_release              0x00029de9   Thumb Code    40  nrf_drv_clock.o(i.nrf_drv_clock_lfclk_release)
    nrf_drv_clock_lfclk_request              0x00029e15   Thumb Code    96  nrf_drv_clock.o(i.nrf_drv_clock_lfclk_request)
    nrf_drv_common_irq_enable                0x00029e93   Thumb Code    56  nrf_drv_common.o(i.nrf_drv_common_irq_enable)
    nrf_drv_gpiote_in_event_disable          0x00029ed1   Thumb Code    66  nrf_drv_gpiote.o(i.nrf_drv_gpiote_in_event_disable)
    nrf_drv_gpiote_in_event_enable           0x00029f19   Thumb Code   156  nrf_drv_gpiote.o(i.nrf_drv_gpiote_in_event_enable)
    nrf_drv_gpiote_in_init                   0x00029fbd   Thumb Code   172  nrf_drv_gpiote.o(i.nrf_drv_gpiote_in_init)
    nrf_drv_gpiote_init                      0x0002a075   Thumb Code    84  nrf_drv_gpiote.o(i.nrf_drv_gpiote_init)
    nrf_drv_gpiote_out_clear                 0x0002a0d1   Thumb Code    14  nrf_drv_gpiote.o(i.nrf_drv_gpiote_out_clear)
    nrf_drv_gpiote_out_init                  0x0002a0e1   Thumb Code   170  nrf_drv_gpiote.o(i.nrf_drv_gpiote_out_init)
    nrf_drv_gpiote_out_set                   0x0002a199   Thumb Code    14  nrf_drv_gpiote.o(i.nrf_drv_gpiote_out_set)
    nrf_drv_gpiote_out_toggle                0x0002a1a7   Thumb Code    28  nrf_drv_gpiote.o(i.nrf_drv_gpiote_out_toggle)
    nrf_drv_spi_init                         0x0002a1e5   Thumb Code   292  nrf_drv_spi.o(i.nrf_drv_spi_init)
    nrf_drv_spi_transfer                     0x0002a30d   Thumb Code    28  nrf_drv_spi.o(i.nrf_drv_spi_transfer)
    nrf_drv_spi_xfer                         0x0002a329   Thumb Code    90  nrf_drv_spi.o(i.nrf_drv_spi_xfer)
    nrf_drv_uart_init                        0x0002a389   Thumb Code    98  nrf_drv_uart.o(i.nrf_drv_uart_init)
    nrf_drv_uart_tx                          0x0002a3f1   Thumb Code   262  nrf_drv_uart.o(i.nrf_drv_uart_tx)
    nrf_drv_uart_tx_in_progress              0x0002a4fd   Thumb Code    18  nrf_drv_uart.o(i.nrf_drv_uart_tx_in_progress)
    nrf_drv_uart_uninit                      0x0002a515   Thumb Code    74  nrf_drv_uart.o(i.nrf_drv_uart_uninit)
    nrf_fprintf                              0x0002a569   Thumb Code    26  nrf_fprintf.o(i.nrf_fprintf)
    nrf_fprintf_buffer_flush                 0x0002a583   Thumb Code    24  nrf_fprintf.o(i.nrf_fprintf_buffer_flush)
    nrf_fprintf_fmt                          0x0002a59b   Thumb Code   474  nrf_fprintf_format.o(i.nrf_fprintf_fmt)
    nrf_log_backend_add                      0x0002a909   Thumb Code    74  nrf_log_frontend.o(i.nrf_log_backend_add)
    nrf_log_backend_serial_put               0x0002a959   Thumb Code   210  nrf_log_backend_serial.o(i.nrf_log_backend_serial_put)
    nrf_log_backend_uart_init                0x0002aa2d   Thumb Code     6  nrf_log_backend_uart.o(i.nrf_log_backend_uart_init)
    nrf_log_color_id_get                     0x0002aa65   Thumb Code    42  nrf_log_frontend.o(i.nrf_log_color_id_get)
    nrf_log_default_backends_init            0x0002aa95   Thumb Code    22  nrf_log_default_backends.o(i.nrf_log_default_backends_init)
    nrf_log_frontend_dequeue                 0x0002aab1   Thumb Code   488  nrf_log_frontend.o(i.nrf_log_frontend_dequeue)
    nrf_log_frontend_std_0                   0x0002aca1   Thumb Code     8  nrf_log_frontend.o(i.nrf_log_frontend_std_0)
    nrf_log_frontend_std_1                   0x0002aca9   Thumb Code    14  nrf_log_frontend.o(i.nrf_log_frontend_std_1)
    nrf_log_frontend_std_2                   0x0002acb7   Thumb Code    16  nrf_log_frontend.o(i.nrf_log_frontend_std_2)
    nrf_log_hexdump_entry_process            0x0002acc9   Thumb Code   146  nrf_log_str_formatter.o(i.nrf_log_hexdump_entry_process)
    nrf_log_init                             0x0002ad75   Thumb Code    70  nrf_log_frontend.o(i.nrf_log_init)
    nrf_log_module_cnt_get                   0x0002add1   Thumb Code    10  nrf_log_frontend.o(i.nrf_log_module_cnt_get)
    nrf_log_module_name_get                  0x0002ade5   Thumb Code    24  nrf_log_frontend.o(i.nrf_log_module_name_get)
    nrf_log_panic                            0x0002ae01   Thumb Code    34  nrf_log_frontend.o(i.nrf_log_panic)
    nrf_log_std_entry_process                0x0002ae29   Thumb Code   182  nrf_log_str_formatter.o(i.nrf_log_std_entry_process)
    nrf_memobj_alloc                         0x0002aedf   Thumb Code    96  nrf_memobj.o(i.nrf_memobj_alloc)
    nrf_memobj_free                          0x0002af3f   Thumb Code    50  nrf_memobj.o(i.nrf_memobj_free)
    nrf_memobj_get                           0x0002af71   Thumb Code    14  nrf_memobj.o(i.nrf_memobj_get)
    nrf_memobj_pool_init                     0x0002af7f   Thumb Code     4  nrf_memobj.o(i.nrf_memobj_pool_init)
    nrf_memobj_put                           0x0002af83   Thumb Code    34  nrf_memobj.o(i.nrf_memobj_put)
    nrf_memobj_read                          0x0002afa5   Thumb Code    12  nrf_memobj.o(i.nrf_memobj_read)
    nrf_memobj_write                         0x0002afb1   Thumb Code    12  nrf_memobj.o(i.nrf_memobj_write)
    nrf_sdh_ble_app_ram_start_get            0x0002afbd   Thumb Code    16  nrf_sdh_ble.o(i.nrf_sdh_ble_app_ram_start_get)
    nrf_sdh_ble_default_cfg_set              0x0002afd1   Thumb Code   240  nrf_sdh_ble.o(i.nrf_sdh_ble_default_cfg_set)
    nrf_sdh_ble_enable                       0x0002b0d9   Thumb Code    96  nrf_sdh_ble.o(i.nrf_sdh_ble_enable)
    nrf_sdh_enable_request                   0x0002b201   Thumb Code    96  nrf_sdh.o(i.nrf_sdh_enable_request)
    nrf_sdh_evts_poll                        0x0002b26d   Thumb Code    32  nrf_sdh.o(i.nrf_sdh_evts_poll)
    nrf_sdh_is_enabled                       0x0002b291   Thumb Code     6  nrf_sdh.o(i.nrf_sdh_is_enabled)
    nrf_section_iter_init                    0x0002b2d9   Thumb Code    10  nrf_section_iter.o(i.nrf_section_iter_init)
    nrf_section_iter_next                    0x0002b307   Thumb Code    32  nrf_section_iter.o(i.nrf_section_iter_next)
    nrf_strerror_find                        0x0002b331   Thumb Code    52  nrf_strerror.o(i.nrf_strerror_find)
    nrf_strerror_get                         0x0002b369   Thumb Code    14  nrf_strerror.o(i.nrf_strerror_get)
    one                                      0x0002b4e1   Thumb Code   104  main.o(i.one)
    reject                                   0x0002b689   Thumb Code  2022  main.o(i.reject)
    sdk_mapped_flags_bulk_update_by_key      0x0002bfe9   Thumb Code    68  sdk_mapped_flags.o(i.sdk_mapped_flags_bulk_update_by_key)
    sdk_mapped_flags_first_key_index_get     0x0002c02d   Thumb Code    34  sdk_mapped_flags.o(i.sdk_mapped_flags_first_key_index_get)
    sdk_mapped_flags_key_list_get            0x0002c05f   Thumb Code    74  sdk_mapped_flags.o(i.sdk_mapped_flags_key_list_get)
    sdk_mapped_flags_update_by_key           0x0002c0a9   Thumb Code    14  sdk_mapped_flags.o(i.sdk_mapped_flags_update_by_key)
    select_state                             0x0002c0b9   Thumb Code   746  main.o(i.select_state)
    sleep                                    0x0002c3e1   Thumb Code  2698  main.o(i.sleep)
    spi_event_handler                        0x0002cec5   Thumb Code     8  main.o(i.spi_event_handler)
    st7586_write                             0x0002cf85   Thumb Code    56  main.o(i.st7586_write)
    start_point                              0x0002cfc5   Thumb Code    96  main.o(i.start_point)
    three                                    0x0002d0b5   Thumb Code   288  main.o(i.three)
    two                                      0x0002d421   Thumb Code   288  main.o(i.two)
    w_b_w                                    0x0002d935   Thumb Code    68  main.o(i.w_b_w)
    white                                    0x0002d979   Thumb Code    40  main.o(i.white)
    zero                                     0x0002d9a1   Thumb Code   312  main.o(i.zero)
    nrf_log_backend_uart_api                 0x0002dc48   Data          12  nrf_log_backend_uart.o(.constdata)
    m_ram_start                              0x0002dd00   Data           4  nrf_sdh_ble.o(.constdata)
    __ctype_table                            0x0002dd2c   Data         129  ctype_o.o(.constdata)
    Region$$Table$$Base                      0x0002e43c   Number         0  anon$$obj.o(Region$$Table)
    Region$$Table$$Limit                     0x0002e45c   Number         0  anon$$obj.o(Region$$Table)
    log_const_data$$Base                     0x0002e45c   Number         0  nrf_ble_gatt.o(log_const_data)
    m_nrf_log_ble_gatt_logs_data_const       0x0002e45c   Data           8  nrf_ble_gatt.o(log_const_data)
    m_nrf_log_clock_logs_data_const          0x0002e464   Data           8  nrf_drv_clock.o(log_const_data)
    m_nrf_log_gpiote_logs_data_const         0x0002e46c   Data           8  nrf_drv_gpiote.o(log_const_data)
    m_nrf_log_uart_logs_data_const           0x0002e474   Data           8  nrf_drv_uart.o(log_const_data)
    m_nrf_log_spi_logs_data_const            0x0002e47c   Data           8  nrf_drv_spi.o(log_const_data)
    m_nrf_log_balloc_logs_data_const         0x0002e484   Data           8  nrf_balloc.o(log_const_data)
    m_nrf_log_pwr_mgmt_logs_data_const       0x0002e48c   Data           8  nrf_pwr_mgmt.o(log_const_data)
    m_nrf_log_app_logs_data_const            0x0002e494   Data           8  nrf_log_frontend.o(log_const_data)
    m_nrf_log_nrf_sdh_logs_data_const        0x0002e49c   Data           8  nrf_sdh.o(log_const_data)
    m_nrf_log_nrf_sdh_ble_logs_data_const    0x0002e4a4   Data           8  nrf_sdh_ble.o(log_const_data)
    m_nrf_log_nrf_sdh_soc_logs_data_const    0x0002e4ac   Data           8  nrf_sdh_soc.o(log_const_data)
    log_const_data$$Limit                    0x0002e4b4   Number         0  nrf_sdh_soc.o(log_const_data)
    sdh_ble_observers0$$Base                 0x0002e4b4   Number         0  ble_conn_state.o(sdh_ble_observers0)
    sdh_ble_observers0$$Limit                0x0002e4bc   Number         0  ble_conn_state.o(sdh_ble_observers0)
    sdh_ble_observers1$$Base                 0x0002e4bc   Number         0  main.o(sdh_ble_observers1)
    sdh_ble_observers1$$Limit                0x0002e4cc   Number         0  ble_conn_params.o(sdh_ble_observers1)
    sdh_ble_observers2$$Base                 0x0002e4cc   Number         0  main.o(sdh_ble_observers2)
    sdh_ble_observers2$$Limit                0x0002e4d4   Number         0  main.o(sdh_ble_observers2)
    sdh_ble_observers3$$Base                 0x0002e4d4   Number         0  main.o(sdh_ble_observers3)
    sdh_ble_observers3$$Limit                0x0002e4dc   Number         0  main.o(sdh_ble_observers3)
    sdh_soc_observers0$$Base                 0x0002e4dc   Number         0  nrf_drv_clock.o(sdh_soc_observers0)
    sdh_soc_observers0$$Limit                0x0002e4e4   Number         0  nrf_drv_clock.o(sdh_soc_observers0)
    sdh_stack_observers0$$Base               0x0002e4e4   Number         0  nrf_sdh_ble.o(sdh_stack_observers0)
    sdh_stack_observers0$$Limit              0x0002e4f4   Number         0  nrf_sdh_soc.o(sdh_stack_observers0)
    sdh_state_observers0$$Base               0x0002e4f4   Number         0  nrf_drv_clock.o(sdh_state_observers0)
    sdh_state_observers0$$Limit              0x0002e4fc   Number         0  nrf_drv_clock.o(sdh_state_observers0)
    Image$$RW_IRAM1$$Base                    0x20002180   Number         0  anon$$obj.o ABSOLUTE
    hit                                      0x20002181   Data           1  main.o(.data)
    adventure_ing                            0x20002182   Data           1  main.o(.data)
    adventure_temp                           0x20002188   Data           4  main.o(.data)
    state_temp                               0x2000218c   Data           4  main.o(.data)
    enemy_num                                0x20002190   Data           4  main.o(.data)
    state                                    0x20002194   Data           4  main.o(.data)
    enemy_temp                               0x20002198   Data           4  main.o(.data)
    hp                                       0x2000219c   Data           4  main.o(.data)
    lv                                       0x200021a0   Data           4  main.o(.data)
    full                                     0x200021a4   Data           4  main.o(.data)
    tired                                    0x200021a8   Data           4  main.o(.data)
    experience                               0x200021ac   Data           4  main.o(.data)
    select                                   0x200021b0   Data           4  main.o(.data)
    m_uart                                   0x200021f8   Data           8  nrf_log_backend_uart.o(.data)
    SystemCoreClock                          0x20002258   Data           4  system_nrf52_1.o(.data)
    log_dynamic_data$$Base                   0x2000225c   Number         0  nrf_ble_gatt.o(log_dynamic_data)
    m_nrf_log_ble_gatt_logs_data_dynamic     0x2000225c   Data          12  nrf_ble_gatt.o(log_dynamic_data)
    m_nrf_log_clock_logs_data_dynamic        0x20002268   Data          12  nrf_drv_clock.o(log_dynamic_data)
    m_nrf_log_gpiote_logs_data_dynamic       0x20002274   Data          12  nrf_drv_gpiote.o(log_dynamic_data)
    m_nrf_log_uart_logs_data_dynamic         0x20002280   Data          12  nrf_drv_uart.o(log_dynamic_data)
    m_nrf_log_spi_logs_data_dynamic          0x2000228c   Data          12  nrf_drv_spi.o(log_dynamic_data)
    m_nrf_log_balloc_logs_data_dynamic       0x20002298   Data          12  nrf_balloc.o(log_dynamic_data)
    m_nrf_log_pwr_mgmt_logs_data_dynamic     0x200022a4   Data          12  nrf_pwr_mgmt.o(log_dynamic_data)
    m_nrf_log_app_logs_data_dynamic          0x200022b0   Data          12  nrf_log_frontend.o(log_dynamic_data)
    m_nrf_log_nrf_sdh_logs_data_dynamic      0x200022bc   Data          12  nrf_sdh.o(log_dynamic_data)
    m_nrf_log_nrf_sdh_ble_logs_data_dynamic  0x200022c8   Data          12  nrf_sdh_ble.o(log_dynamic_data)
    m_nrf_log_nrf_sdh_soc_logs_data_dynamic  0x200022d4   Data          12  nrf_sdh_soc.o(log_dynamic_data)
    nrf_nvic_state                           0x20002708   Data          12  app_util_platform.o(.bss)
    __initial_sp                             0x20004c38   Data           0  arm_startup_nrf52.o(STACK)



==============================================================================

Memory Map of the image

  Image Entry point : 0x00023201

  Load Region LR_IROM1 (Base: 0x00023000, Size: 0x0000b65c, Max: 0x0005d000, ABSOLUTE, COMPRESSED[0x0000b548])

    Execution Region ER_IROM1 (Exec base: 0x00023000, Load base: 0x00023000, Size: 0x0000b4fc, Max: 0x0005d000, ABSOLUTE)

    Exec Addr    Load Addr    Size         Type   Attr      Idx    E Section Name        Object

    0x00023000   0x00023000   0x00000200   Data   RO         4117    RESET               arm_startup_nrf52.o
    0x00023200   0x00023200   0x00000000   Code   RO         4158  * .ARM.Collect$$$$00000000  mc_w.l(entry.o)
    0x00023200   0x00023200   0x00000004   Code   RO         4206    .ARM.Collect$$$$00000001  mc_w.l(entry2.o)
    0x00023204   0x00023204   0x00000004   Code   RO         4209    .ARM.Collect$$$$00000004  mc_w.l(entry5.o)
    0x00023208   0x00023208   0x00000000   Code   RO         4211    .ARM.Collect$$$$00000008  mc_w.l(entry7b.o)
    0x00023208   0x00023208   0x00000000   Code   RO         4213    .ARM.Collect$$$$0000000A  mc_w.l(entry8b.o)
    0x00023208   0x00023208   0x00000008   Code   RO         4214    .ARM.Collect$$$$0000000B  mc_w.l(entry9a.o)
    0x00023210   0x00023210   0x00000000   Code   RO         4216    .ARM.Collect$$$$0000000D  mc_w.l(entry10a.o)
    0x00023210   0x00023210   0x00000000   Code   RO         4218    .ARM.Collect$$$$0000000F  mc_w.l(entry11a.o)
    0x00023210   0x00023210   0x00000004   Code   RO         4207    .ARM.Collect$$$$00002712  mc_w.l(entry2.o)
    0x00023214   0x00023214   0x0000009a   Code   RO         2851    .emb_text           nrf_memobj.o
    0x000232ae   0x000232ae   0x00000002   PAD
    0x000232b0   0x000232b0   0x0000009a   Code   RO         3308    .emb_text           nrf_log_frontend.o
    0x0002334a   0x0002334a   0x00000002   PAD
    0x0002334c   0x0002334c   0x00000024   Code   RO         4118    .text               arm_startup_nrf52.o
    0x00023370   0x00023370   0x00000008   Code   RO         4166    .text               mc_w.l(ctype_o.o)
    0x00023378   0x00023378   0x00000024   Code   RO         4194    .text               mc_w.l(memcpya.o)
    0x0002339c   0x0002339c   0x00000024   Code   RO         4196    .text               mc_w.l(memseta.o)
    0x000233c0   0x000233c0   0x0000000e   Code   RO         4198    .text               mc_w.l(strlen.o)
    0x000233ce   0x000233ce   0x00000002   PAD
    0x000233d0   0x000233d0   0x00000024   Code   RO         4222    .text               mc_w.l(init.o)
    0x000233f4   0x000233f4   0x00000056   Code   RO         4232    .text               mc_w.l(__dczerorl2.o)
    0x0002344a   0x0002344a   0x00000002   PAD
    0x0002344c   0x0002344c   0x00000174   Code   RO         1536    i.GPIOTE_IRQHandler  nrf_drv_gpiote.o
    0x000235c0   0x000235c0   0x00000016   Code   RO         2372    i.NVIC_ClearPendingIRQ  app_timer_1.o
    0x000235d6   0x000235d6   0x00000016   Code   RO         2373    i.NVIC_EnableIRQ    app_timer_1.o
    0x000235ec   0x000235ec   0x00000016   Code   RO         2374    i.NVIC_SetPendingIRQ  app_timer_1.o
    0x00023602   0x00023602   0x00000020   Code   RO         2375    i.NVIC_SetPriority  app_timer_1.o
    0x00023622   0x00023622   0x00000002   PAD
    0x00023624   0x00023624   0x00000058   Code   RO         1311    i.POWER_CLOCK_IRQHandler  nrf_drv_clock.o
    0x0002367c   0x0002367c   0x00000024   Code   RO         2376    i.RTC1_IRQHandler   app_timer_1.o
    0x000236a0   0x000236a0   0x00000010   Code   RO         2014    i.SPIM0_SPIS0_TWIM0_TWIS0_SPI0_TWI0_IRQHandler  nrf_drv_spi.o
    0x000236b0   0x000236b0   0x00000010   Code   RO         2015    i.SPIM1_SPIS1_TWIM1_TWIS1_SPI1_TWI1_IRQHandler  nrf_drv_spi.o
    0x000236c0   0x000236c0   0x00000010   Code   RO         2016    i.SPIM2_SPIS2_SPI2_IRQHandler  nrf_drv_spi.o
    0x000236d0   0x000236d0   0x00000004   Code   RO         2377    i.SWI0_EGU0_IRQHandler  app_timer_1.o
    0x000236d4   0x000236d4   0x00000004   Code   RO         3905    i.SWI2_EGU2_IRQHandler  nrf_sdh.o
    0x000236d8   0x000236d8   0x0000031c   Code   RO         4126    i.SystemInit        system_nrf52_1.o
    0x000239f4   0x000239f4   0x0000001c   Code   RO         1783    i.UARTE0_UART0_IRQHandler  nrf_drv_uart.o
    0x00023a10   0x00023a10   0x0000000e   Code   RO         4226    i.__scatterload_copy  mc_w.l(handlers.o)
    0x00023a1e   0x00023a1e   0x00000002   Code   RO         4227    i.__scatterload_null  mc_w.l(handlers.o)
    0x00023a20   0x00023a20   0x0000000e   Code   RO         4228    i.__scatterload_zeroinit  mc_w.l(handlers.o)
    0x00023a2e   0x00023a2e   0x00000002   PAD
    0x00023a30   0x00023a30   0x00000024   Code   RO         3906    i.__sd_nvic_app_accessible_irq  nrf_sdh.o
    0x00023a54   0x00023a54   0x00000016   Code   RO         3907    i.__sd_nvic_is_app_accessible_priority  nrf_sdh.o
    0x00023a6a   0x00023a6a   0x00000002   PAD
    0x00023a6c   0x00023a6c   0x0000026c   Code   RO            4    i.adventure         main.o
    0x00023cd8   0x00023cd8   0x00000046   Code   RO            5    i.adventure_start   main.o
    0x00023d1e   0x00023d1e   0x00000002   PAD
    0x00023d20   0x00023d20   0x00000030   Code   RO         2151    i.app_button_disable  app_button.o
    0x00023d50   0x00023d50   0x00000024   Code   RO         2152    i.app_button_enable  app_button.o
    0x00023d74   0x00023d74   0x00000078   Code   RO         2259    i.app_error_fault_handler  app_error_weak.o
    0x00023dec   0x00023dec   0x00000016   Code   RO         2220    i.app_error_handler_bare  app_error.o
    0x00023e02   0x00023e02   0x00000002   PAD
    0x00023e04   0x00023e04   0x000000a0   Code   RO         2321    i.app_sched_event_put  app_scheduler.o
    0x00023ea4   0x00023ea4   0x00000040   Code   RO         2322    i.app_sched_execute  app_scheduler.o
    0x00023ee4   0x00023ee4   0x0000002c   Code   RO         2323    i.app_sched_init    app_scheduler.o
    0x00023f10   0x00023f10   0x00000028   Code   RO         2380    i.app_timer_create  app_timer_1.o
    0x00023f38   0x00023f38   0x00000054   Code   RO         2381    i.app_timer_init    app_timer_1.o
    0x00023f8c   0x00023f8c   0x00000088   Code   RO         2384    i.app_timer_start   app_timer_1.o
    0x00024014   0x00024014   0x00000020   Code   RO         2385    i.app_timer_stop    app_timer_1.o
    0x00024034   0x00024034   0x00000048   Code   RO         2541    i.app_util_critical_region_enter  app_util_platform.o
    0x0002407c   0x0002407c   0x00000034   Code   RO         2542    i.app_util_critical_region_exit  app_util_platform.o
    0x000240b0   0x000240b0   0x000000b8   Code   RO         1784    i.apply_config      nrf_drv_uart.o
    0x00024168   0x00024168   0x00000176   Code   RO            6    i.arrow             main.o
    0x000242de   0x000242de   0x00000044   Code   RO            8    i.b_w_b             main.o
    0x00024322   0x00024322   0x00000028   Code   RO            9    i.black             main.o
    0x0002434a   0x0002434a   0x00000002   PAD
    0x0002434c   0x0002434c   0x00000068   Code   RO          840    i.ble_conn_params_init  ble_conn_params.o
    0x000243b4   0x000243b4   0x00000128   Code   RO           10    i.ble_evt_handler   main.o
    0x000244dc   0x000244dc   0x000000fc   Code   RO          842    i.ble_evt_handler   ble_conn_params.o
    0x000245d8   0x000245d8   0x0000010c   Code   RO          965    i.ble_evt_handler   ble_conn_state.o
    0x000246e4   0x000246e4   0x00000058   Code   RO         1261    i.ble_lbs_init      ble_lbs.o
    0x0002473c   0x0002473c   0x0000002e   Code   RO         1262    i.ble_lbs_on_ble_evt  ble_lbs.o
    0x0002476a   0x0002476a   0x00000008   Code   RO         1101    i.ble_srv_is_notification_enabled  ble_srv_common.o
    0x00024772   0x00024772   0x00000002   PAD
    0x00024774   0x00024774   0x00000268   Code   RO           11    i.bow               main.o
    0x000249dc   0x000249dc   0x00000010   Code   RO          570    i.bsp_board_led_off  boards.o
    0x000249ec   0x000249ec   0x00000010   Code   RO          571    i.bsp_board_led_on  boards.o
    0x000249fc   0x000249fc   0x0000002c   Code   RO          573    i.bsp_board_leds_init  boards.o
    0x00024a28   0x00024a28   0x00000012   Code   RO          574    i.bsp_board_leds_off  boards.o
    0x00024a3a   0x00024a3a   0x00000002   PAD
    0x00024a3c   0x00024a3c   0x00000064   Code   RO         3309    i.buf_prealloc      nrf_log_frontend.o
    0x00024aa0   0x00024aa0   0x0000001e   Code   RO         2811    i.buffer_add        nrf_fprintf_format.o
    0x00024abe   0x00024abe   0x00000002   PAD
    0x00024ac0   0x00024ac0   0x00000014   Code   RO         3310    i.buffer_is_empty   nrf_log_frontend.o
    0x00024ad4   0x00024ad4   0x000000d2   Code   RO         1264    i.button_char_add   ble_lbs.o
    0x00024ba6   0x00024ba6   0x00000002   PAD
    0x00024ba8   0x00024ba8   0x00000068   Code   RO           12    i.button_handler    main.o
    0x00024c10   0x00024c10   0x00000006   Code   RO           13    i.button_scheduler_event_handler  main.o
    0x00024c16   0x00024c16   0x00000002   PAD
    0x00024c18   0x00024c18   0x0000001c   Code   RO         1537    i.channel_free      nrf_drv_gpiote.o
    0x00024c34   0x00024c34   0x00000048   Code   RO         1538    i.channel_port_alloc  nrf_drv_gpiote.o
    0x00024c7c   0x00024c7c   0x00000010   Code   RO         1539    i.channel_port_get  nrf_drv_gpiote.o
    0x00024c8c   0x00024c8c   0x00000022   Code   RO           14    i.clear             main.o
    0x00024cae   0x00024cae   0x00000002   PAD
    0x00024cb0   0x00024cb0   0x00000028   Code   RO         1312    i.clock_clk_started_notify  nrf_drv_clock.o
    0x00024cd8   0x00024cd8   0x000000ac   Code   RO         2387    i.compare_reg_update  app_timer_1.o
    0x00024d84   0x00024d84   0x00000004   Code   RO           15    i.conn_params_error_handler  main.o
    0x00024d88   0x00024d88   0x00000048   Code   RO          843    i.conn_params_negotiation  ble_conn_params.o
    0x00024dd0   0x00024dd0   0x00000890   Code   RO           16    i.display_head      main.o
    0x00025660   0x00025660   0x00000054   Code   RO           17    i.display_hp        main.o
    0x000256b4   0x000256b4   0x00000c58   Code   RO           18    i.display_state     main.o
    0x0002630c   0x0002630c   0x00000022   Code   RO           19    i.display_z         main.o
    0x0002632e   0x0002632e   0x0000031a   Code   RO           20    i.display_zZ        main.o
    0x00026648   0x00026648   0x00000d16   Code   RO           21    i.eating            main.o
    0x0002735e   0x0002735e   0x00000002   PAD
    0x00027360   0x00027360   0x00000040   Code   RO         2388    i.elapsed_ticks_acquire  app_timer_1.o
    0x000273a0   0x000273a0   0x000000a4   Code   RO           22    i.enemy             main.o
    0x00027444   0x00027444   0x000005b6   Code   RO           23    i.gameover          main.o
    0x000279fa   0x000279fa   0x00000002   PAD
    0x000279fc   0x000279fc   0x000000c4   Code   RO           24    i.gpio_config       main.o
    0x00027ac0   0x00027ac0   0x00000014   Code   RO           25    i.gpiote_event_handler  main.o
    0x00027ad4   0x00027ad4   0x000009ce   Code   RO           26    i.health            main.o
    0x000284a2   0x000284a2   0x00000186   Code   RO           27    i.heart             main.o
    0x00028628   0x00028628   0x000002f8   Code   RO           28    i.hited             main.o
    0x00028920   0x00028920   0x00000014   Code   RO          844    i.instance_get      ble_conn_params.o
    0x00028934   0x00028934   0x000000a6   Code   RO         2812    i.int_print         nrf_fprintf_format.o
    0x000289da   0x000289da   0x00000002   PAD
    0x000289dc   0x000289dc   0x00000078   Code   RO         1785    i.interrupts_enable  nrf_drv_uart.o
    0x00028a54   0x00028a54   0x00000040   Code   RO         2017    i.irq_handler_spim  nrf_drv_spi.o
    0x00028a94   0x00028a94   0x00000044   Code   RO          845    i.is_conn_params_ok  ble_conn_params.o
    0x00028ad8   0x00028ad8   0x00000016   Code   RO         1314    i.item_enqueue      nrf_drv_clock.o
    0x00028aee   0x00028aee   0x00000002   PAD
    0x00028af0   0x00028af0   0x00000328   Code   RO           29    i.jump              main.o
    0x00028e18   0x00028e18   0x00000208   Code   RO           30    i.lcd_init          main.o
    0x00029020   0x00029020   0x0000009e   Code   RO         1265    i.led_char_add      ble_lbs.o
    0x000290be   0x000290be   0x00000002   PAD
    0x000290c0   0x000290c0   0x0000005c   Code   RO           31    i.led_write_handler  main.o
    0x0002911c   0x0002911c   0x00000028   Code   RO         1315    i.lfclk_stop        nrf_drv_clock.o
    0x00029144   0x00029144   0x00000014   Code   RO         1158    i.link_init         nrf_ble_gatt.o
    0x00029158   0x00029158   0x000000f8   Code   RO         2389    i.list_insertions_handler  app_timer_1.o
    0x00029250   0x00029250   0x00000094   Code   RO         3312    i.log_skip          nrf_log_frontend.o
    0x000292e4   0x000292e4   0x0000029c   Code   RO           32    i.main              main.o
    0x00029580   0x00029580   0x00000012   Code   RO           33    i.main_context      main.o
    0x00029592   0x00029592   0x000003f8   Code   RO           34    i.max               main.o
    0x0002998a   0x0002998a   0x00000076   Code   RO         2852    i.memobj_op         nrf_memobj.o
    0x00029a00   0x00029a00   0x00000034   Code   RO         3313    i.module_idx_get    nrf_log_frontend.o
    0x00029a34   0x00029a34   0x0000000e   Code   RO         3314    i.nrf_atomic_flag_set  nrf_log_frontend.o
    0x00029a42   0x00029a42   0x00000044   Code   RO         2727    i.nrf_balloc_alloc  nrf_balloc.o
    0x00029a86   0x00029a86   0x00000030   Code   RO         2728    i.nrf_balloc_free   nrf_balloc.o
    0x00029ab6   0x00029ab6   0x00000030   Code   RO         2729    i.nrf_balloc_init   nrf_balloc.o
    0x00029ae6   0x00029ae6   0x00000010   Code   RO         1540    i.nrf_bitmask_bit_is_set  nrf_drv_gpiote.o
    0x00029af6   0x00029af6   0x00000022   Code   RO         1164    i.nrf_ble_gatt_init  nrf_ble_gatt.o
    0x00029b18   0x00029b18   0x00000148   Code   RO         1165    i.nrf_ble_gatt_on_ble_evt  nrf_ble_gatt.o
    0x00029c60   0x00029c60   0x0000000e   Code   RO         1316    i.nrf_clock_event_check  nrf_drv_clock.o
    0x00029c6e   0x00029c6e   0x00000010   Code   RO         1317    i.nrf_clock_event_clear  nrf_drv_clock.o
    0x00029c7e   0x00029c7e   0x0000000a   Code   RO           35    i.nrf_delay_ms      main.o
    0x00029c88   0x00029c88   0x0000008c   Code   RO           36    i.nrf_delay_us      main.o
    0x00029d14   0x00029d14   0x0000008c   Code   RO         2390    i.nrf_delay_us      app_timer_1.o
    0x00029da0   0x00029da0   0x00000048   Code   RO         1324    i.nrf_drv_clock_init  nrf_drv_clock.o
    0x00029de8   0x00029de8   0x0000002c   Code   RO         1328    i.nrf_drv_clock_lfclk_release  nrf_drv_clock.o
    0x00029e14   0x00029e14   0x00000068   Code   RO         1329    i.nrf_drv_clock_lfclk_request  nrf_drv_clock.o
    0x00029e7c   0x00029e7c   0x00000016   Code   RO         1786    i.nrf_drv_common_irq_disable  nrf_drv_uart.o
    0x00029e92   0x00029e92   0x00000038   Code   RO         1500    i.nrf_drv_common_irq_enable  nrf_drv_common.o
    0x00029eca   0x00029eca   0x00000006   Code   RO         1787    i.nrf_drv_get_IRQn  nrf_drv_uart.o
    0x00029ed0   0x00029ed0   0x00000048   Code   RO         1544    i.nrf_drv_gpiote_in_event_disable  nrf_drv_gpiote.o
    0x00029f18   0x00029f18   0x000000a4   Code   RO         1545    i.nrf_drv_gpiote_in_event_enable  nrf_drv_gpiote.o
    0x00029fbc   0x00029fbc   0x000000b8   Code   RO         1546    i.nrf_drv_gpiote_in_init  nrf_drv_gpiote.o
    0x0002a074   0x0002a074   0x0000005c   Code   RO         1549    i.nrf_drv_gpiote_init  nrf_drv_gpiote.o
    0x0002a0d0   0x0002a0d0   0x0000000e   Code   RO         1551    i.nrf_drv_gpiote_out_clear  nrf_drv_gpiote.o
    0x0002a0de   0x0002a0de   0x00000002   PAD
    0x0002a0e0   0x0002a0e0   0x000000b8   Code   RO         1552    i.nrf_drv_gpiote_out_init  nrf_drv_gpiote.o
    0x0002a198   0x0002a198   0x0000000e   Code   RO         1553    i.nrf_drv_gpiote_out_set  nrf_drv_gpiote.o
    0x0002a1a6   0x0002a1a6   0x0000001c   Code   RO         1559    i.nrf_drv_gpiote_out_toggle  nrf_drv_gpiote.o
    0x0002a1c2   0x0002a1c2   0x00000010   Code   RO         1788    i.nrf_drv_is_in_RAM  nrf_drv_uart.o
    0x0002a1d2   0x0002a1d2   0x00000010   Code   RO         2018    i.nrf_drv_is_in_RAM  nrf_drv_spi.o
    0x0002a1e2   0x0002a1e2   0x00000002   PAD
    0x0002a1e4   0x0002a1e4   0x00000128   Code   RO         2021    i.nrf_drv_spi_init  nrf_drv_spi.o
    0x0002a30c   0x0002a30c   0x0000001c   Code   RO         2023    i.nrf_drv_spi_transfer  nrf_drv_spi.o
    0x0002a328   0x0002a328   0x00000060   Code   RO         2025    i.nrf_drv_spi_xfer  nrf_drv_spi.o
    0x0002a388   0x0002a388   0x00000068   Code   RO         1790    i.nrf_drv_uart_init  nrf_drv_uart.o
    0x0002a3f0   0x0002a3f0   0x0000010c   Code   RO         1798    i.nrf_drv_uart_tx   nrf_drv_uart.o
    0x0002a4fc   0x0002a4fc   0x00000018   Code   RO         1800    i.nrf_drv_uart_tx_in_progress  nrf_drv_uart.o
    0x0002a514   0x0002a514   0x00000054   Code   RO         1801    i.nrf_drv_uart_uninit  nrf_drv_uart.o
    0x0002a568   0x0002a568   0x0000001a   Code   RO         2768    i.nrf_fprintf       nrf_fprintf.o
    0x0002a582   0x0002a582   0x00000018   Code   RO         2769    i.nrf_fprintf_buffer_flush  nrf_fprintf.o
    0x0002a59a   0x0002a59a   0x000001da   Code   RO         2813    i.nrf_fprintf_fmt   nrf_fprintf_format.o
    0x0002a774   0x0002a774   0x00000024   Code   RO          578    i.nrf_gpio_cfg      boards.o
    0x0002a798   0x0002a798   0x00000024   Code   RO         1564    i.nrf_gpio_cfg      nrf_drv_gpiote.o
    0x0002a7bc   0x0002a7bc   0x00000024   Code   RO         1802    i.nrf_gpio_cfg      nrf_drv_uart.o
    0x0002a7e0   0x0002a7e0   0x00000024   Code   RO         2026    i.nrf_gpio_cfg      nrf_drv_spi.o
    0x0002a804   0x0002a804   0x00000012   Code   RO         1803    i.nrf_gpio_cfg_default  nrf_drv_uart.o
    0x0002a816   0x0002a816   0x00000012   Code   RO         1804    i.nrf_gpio_cfg_input  nrf_drv_uart.o
    0x0002a828   0x0002a828   0x00000010   Code   RO           37    i.nrf_gpio_cfg_output  main.o
    0x0002a838   0x0002a838   0x00000014   Code   RO         1805    i.nrf_gpio_cfg_output  nrf_drv_uart.o
    0x0002a84c   0x0002a84c   0x00000014   Code   RO         2027    i.nrf_gpio_cfg_output  nrf_drv_spi.o
    0x0002a860   0x0002a860   0x00000022   Code   RO         1566    i.nrf_gpio_cfg_sense_set  nrf_drv_gpiote.o
    0x0002a882   0x0002a882   0x0000000e   Code   RO         2028    i.nrf_gpio_pin_set  nrf_drv_spi.o
    0x0002a890   0x0002a890   0x00000016   Code   RO           38    i.nrf_gpio_pin_write  main.o
    0x0002a8a6   0x0002a8a6   0x00000016   Code   RO          579    i.nrf_gpio_pin_write  boards.o
    0x0002a8bc   0x0002a8bc   0x00000028   Code   RO         1567    i.nrf_gpio_ports_read  nrf_drv_gpiote.o
    0x0002a8e4   0x0002a8e4   0x00000014   Code   RO         1568    i.nrf_gpiote_event_clear  nrf_drv_gpiote.o
    0x0002a8f8   0x0002a8f8   0x00000010   Code   RO         1569    i.nrf_gpiote_event_is_set  nrf_drv_gpiote.o
    0x0002a908   0x0002a908   0x00000050   Code   RO         3315    i.nrf_log_backend_add  nrf_log_frontend.o
    0x0002a958   0x0002a958   0x000000d2   Code   RO         3160    i.nrf_log_backend_serial_put  nrf_log_backend_serial.o
    0x0002aa2a   0x0002aa2a   0x00000002   Code   RO         3200    i.nrf_log_backend_uart_flush  nrf_log_backend_uart.o
    0x0002aa2c   0x0002aa2c   0x00000006   Code   RO         3201    i.nrf_log_backend_uart_init  nrf_log_backend_uart.o
    0x0002aa32   0x0002aa32   0x00000002   PAD
    0x0002aa34   0x0002aa34   0x00000018   Code   RO         3202    i.nrf_log_backend_uart_panic_set  nrf_log_backend_uart.o
    0x0002aa4c   0x0002aa4c   0x00000018   Code   RO         3203    i.nrf_log_backend_uart_put  nrf_log_backend_uart.o
    0x0002aa64   0x0002aa64   0x00000030   Code   RO         3317    i.nrf_log_color_id_get  nrf_log_frontend.o
    0x0002aa94   0x0002aa94   0x0000001c   Code   RO         3272    i.nrf_log_default_backends_init  nrf_log_default_backends.o
    0x0002aab0   0x0002aab0   0x000001f0   Code   RO         3318    i.nrf_log_frontend_dequeue  nrf_log_frontend.o
    0x0002aca0   0x0002aca0   0x00000008   Code   RO         3320    i.nrf_log_frontend_std_0  nrf_log_frontend.o
    0x0002aca8   0x0002aca8   0x0000000e   Code   RO         3321    i.nrf_log_frontend_std_1  nrf_log_frontend.o
    0x0002acb6   0x0002acb6   0x00000010   Code   RO         3322    i.nrf_log_frontend_std_2  nrf_log_frontend.o
    0x0002acc6   0x0002acc6   0x00000002   PAD
    0x0002acc8   0x0002acc8   0x000000ac   Code   RO         3500    i.nrf_log_hexdump_entry_process  nrf_log_str_formatter.o
    0x0002ad74   0x0002ad74   0x0000005c   Code   RO         3327    i.nrf_log_init      nrf_log_frontend.o
    0x0002add0   0x0002add0   0x00000014   Code   RO         3328    i.nrf_log_module_cnt_get  nrf_log_frontend.o
    0x0002ade4   0x0002ade4   0x0000001c   Code   RO         3331    i.nrf_log_module_name_get  nrf_log_frontend.o
    0x0002ae00   0x0002ae00   0x00000028   Code   RO         3332    i.nrf_log_panic     nrf_log_frontend.o
    0x0002ae28   0x0002ae28   0x000000b6   Code   RO         3501    i.nrf_log_std_entry_process  nrf_log_str_formatter.o
    0x0002aede   0x0002aede   0x00000060   Code   RO         2853    i.nrf_memobj_alloc  nrf_memobj.o
    0x0002af3e   0x0002af3e   0x00000032   Code   RO         2854    i.nrf_memobj_free   nrf_memobj.o
    0x0002af70   0x0002af70   0x0000000e   Code   RO         2855    i.nrf_memobj_get    nrf_memobj.o
    0x0002af7e   0x0002af7e   0x00000004   Code   RO         2856    i.nrf_memobj_pool_init  nrf_memobj.o
    0x0002af82   0x0002af82   0x00000022   Code   RO         2857    i.nrf_memobj_put    nrf_memobj.o
    0x0002afa4   0x0002afa4   0x0000000c   Code   RO         2858    i.nrf_memobj_read   nrf_memobj.o
    0x0002afb0   0x0002afb0   0x0000000c   Code   RO         2859    i.nrf_memobj_write  nrf_memobj.o
    0x0002afbc   0x0002afbc   0x00000014   Code   RO         4036    i.nrf_sdh_ble_app_ram_start_get  nrf_sdh_ble.o
    0x0002afd0   0x0002afd0   0x00000108   Code   RO         4037    i.nrf_sdh_ble_default_cfg_set  nrf_sdh_ble.o
    0x0002b0d8   0x0002b0d8   0x000000d8   Code   RO         4038    i.nrf_sdh_ble_enable  nrf_sdh_ble.o
    0x0002b1b0   0x0002b1b0   0x00000050   Code   RO         4039    i.nrf_sdh_ble_evts_poll  nrf_sdh_ble.o
    0x0002b200   0x0002b200   0x0000006c   Code   RO         3909    i.nrf_sdh_enable_request  nrf_sdh.o
    0x0002b26c   0x0002b26c   0x00000024   Code   RO         3910    i.nrf_sdh_evts_poll  nrf_sdh.o
    0x0002b290   0x0002b290   0x0000000c   Code   RO         3911    i.nrf_sdh_is_enabled  nrf_sdh.o
    0x0002b29c   0x0002b29c   0x0000003c   Code   RO         4086    i.nrf_sdh_soc_evts_poll  nrf_sdh_soc.o
    0x0002b2d8   0x0002b2d8   0x0000000a   Code   RO         3006    i.nrf_section_iter_init  nrf_section_iter.o
    0x0002b2e2   0x0002b2e2   0x00000024   Code   RO         3007    i.nrf_section_iter_item_set  nrf_section_iter.o
    0x0002b306   0x0002b306   0x00000020   Code   RO         3008    i.nrf_section_iter_next  nrf_section_iter.o
    0x0002b326   0x0002b326   0x0000000a   Code   RO         2029    i.nrf_spim_event_check  nrf_drv_spi.o
    0x0002b330   0x0002b330   0x00000038   Code   RO         3041    i.nrf_strerror_find  nrf_strerror.o
    0x0002b368   0x0002b368   0x00000014   Code   RO         3042    i.nrf_strerror_get  nrf_strerror.o
    0x0002b37c   0x0002b37c   0x0000000a   Code   RO         1806    i.nrf_uart_event_check  nrf_drv_uart.o
    0x0002b386   0x0002b386   0x0000000c   Code   RO         1807    i.nrf_uart_event_clear  nrf_drv_uart.o
    0x0002b392   0x0002b392   0x0000000c   Code   RO         1808    i.nrf_uart_int_enable_check  nrf_drv_uart.o
    0x0002b39e   0x0002b39e   0x0000000a   Code   RO         1809    i.nrf_uarte_event_check  nrf_drv_uart.o
    0x0002b3a8   0x0002b3a8   0x0000000c   Code   RO         1810    i.nrf_uarte_event_clear  nrf_drv_uart.o
    0x0002b3b4   0x0002b3b4   0x0000001c   Code   RO           39    i.on_conn_params_evt  main.o
    0x0002b3d0   0x0002b3d0   0x0000009c   Code   RO         1166    i.on_connected_evt  nrf_ble_gatt.o
    0x0002b46c   0x0002b46c   0x00000074   Code   RO         1167    i.on_exchange_mtu_request_evt  nrf_ble_gatt.o
    0x0002b4e0   0x0002b4e0   0x00000068   Code   RO           40    i.one               main.o
    0x0002b548   0x0002b548   0x00000018   Code   RO         1570    i.pin_in_use_by_port  nrf_drv_gpiote.o
    0x0002b560   0x0002b560   0x00000018   Code   RO         1571    i.pin_in_use_by_te  nrf_drv_gpiote.o
    0x0002b578   0x0002b578   0x00000078   Code   RO         1811    i.pins_to_default   nrf_drv_uart.o
    0x0002b5f0   0x0002b5f0   0x0000003c   Code   RO         3502    i.postfix_process   nrf_log_str_formatter.o
    0x0002b62c   0x0002b62c   0x0000005c   Code   RO         3503    i.prefix_process    nrf_log_str_formatter.o
    0x0002b688   0x0002b688   0x000007e6   Code   RO           41    i.reject            main.o
    0x0002be6e   0x0002be6e   0x00000002   PAD
    0x0002be70   0x0002be70   0x0000003c   Code   RO         2391    i.rtc1_stop         app_timer_1.o
    0x0002beac   0x0002beac   0x00000032   Code   RO         1812    i.rx_byte           nrf_drv_uart.o
    0x0002bede   0x0002bede   0x00000018   Code   RO         1813    i.rx_done_event     nrf_drv_uart.o
    0x0002bef6   0x0002bef6   0x00000042   Code   RO         3916    i.sd_nvic_SetPriority  nrf_sdh.o
    0x0002bf38   0x0002bf38   0x00000054   Code   RO         1331    i.sd_state_evt_handler  nrf_drv_clock.o
    0x0002bf8c   0x0002bf8c   0x00000030   Code   RO         3917    i.sdh_request_observer_notify  nrf_sdh.o
    0x0002bfbc   0x0002bfbc   0x0000002c   Code   RO         3918    i.sdh_state_observer_notify  nrf_sdh.o
    0x0002bfe8   0x0002bfe8   0x00000044   Code   RO         3074    i.sdk_mapped_flags_bulk_update_by_key  sdk_mapped_flags.o
    0x0002c02c   0x0002c02c   0x00000022   Code   RO         3075    i.sdk_mapped_flags_first_key_index_get  sdk_mapped_flags.o
    0x0002c04e   0x0002c04e   0x00000010   Code   RO         3076    i.sdk_mapped_flags_get_by_index  sdk_mapped_flags.o
    0x0002c05e   0x0002c05e   0x0000004a   Code   RO         3079    i.sdk_mapped_flags_key_list_get  sdk_mapped_flags.o
    0x0002c0a8   0x0002c0a8   0x0000000e   Code   RO         3081    i.sdk_mapped_flags_update_by_key  sdk_mapped_flags.o
    0x0002c0b6   0x0002c0b6   0x00000002   PAD
    0x0002c0b8   0x0002c0b8   0x000002f0   Code   RO           42    i.select_state      main.o
    0x0002c3a8   0x0002c3a8   0x00000010   Code   RO          846    i.send_error_evt    ble_conn_params.o
    0x0002c3b8   0x0002c3b8   0x00000028   Code   RO         3204    i.serial_tx         nrf_log_backend_uart.o
    0x0002c3e0   0x0002c3e0   0x00000a8a   Code   RO           43    i.sleep             main.o
    0x0002ce6a   0x0002ce6a   0x0000000a   Code   RO         1332    i.soc_evt_handler   nrf_drv_clock.o
    0x0002ce74   0x0002ce74   0x00000050   Code   RO         3920    i.softdevices_evt_irq_enable  nrf_sdh.o
    0x0002cec4   0x0002cec4   0x0000000c   Code   RO           44    i.spi_event_handler  main.o
    0x0002ced0   0x0002ced0   0x000000b2   Code   RO         2030    i.spim_xfer         nrf_drv_spi.o
    0x0002cf82   0x0002cf82   0x00000002   PAD
    0x0002cf84   0x0002cf84   0x00000040   Code   RO           45    i.st7586_write      main.o
    0x0002cfc4   0x0002cfc4   0x00000060   Code   RO           46    i.start_point       main.o
    0x0002d024   0x0002d024   0x00000090   Code   RO         3334    i.std_n             nrf_log_frontend.o
    0x0002d0b4   0x0002d0b4   0x00000120   Code   RO           47    i.three             main.o
    0x0002d1d4   0x0002d1d4   0x00000074   Code   RO           48    i.timer_handler     main.o
    0x0002d248   0x0002d248   0x00000080   Code   RO         2392    i.timer_list_handler  app_timer_1.o
    0x0002d2c8   0x0002d2c8   0x0000003c   Code   RO         2393    i.timer_list_insert  app_timer_1.o
    0x0002d304   0x0002d304   0x00000060   Code   RO         2394    i.timer_list_remove  app_timer_1.o
    0x0002d364   0x0002d364   0x00000048   Code   RO         2395    i.timer_stop_op_schedule  app_timer_1.o
    0x0002d3ac   0x0002d3ac   0x00000074   Code   RO         2396    i.timer_timeouts_check  app_timer_1.o
    0x0002d420   0x0002d420   0x00000120   Code   RO           49    i.two               main.o
    0x0002d540   0x0002d540   0x00000020   Code   RO         1815    i.tx_byte           nrf_drv_uart.o
    0x0002d560   0x0002d560   0x0000001c   Code   RO         1816    i.tx_done_event     nrf_drv_uart.o
    0x0002d57c   0x0002d57c   0x0000000c   Code   RO         3205    i.uart_evt_handler  nrf_log_backend_uart.o
    0x0002d588   0x0002d588   0x00000050   Code   RO         3206    i.uart_init         nrf_log_backend_uart.o
    0x0002d5d8   0x0002d5d8   0x0000011e   Code   RO         1817    i.uart_irq_handler  nrf_drv_uart.o
    0x0002d6f6   0x0002d6f6   0x000000f0   Code   RO         1818    i.uarte_irq_handler  nrf_drv_uart.o
    0x0002d7e6   0x0002d7e6   0x00000002   PAD
    0x0002d7e8   0x0002d7e8   0x000000b4   Code   RO         2814    i.unsigned_print    nrf_fprintf_format.o
    0x0002d89c   0x0002d89c   0x00000068   Code   RO          847    i.update_timeout_handler  ble_conn_params.o
    0x0002d904   0x0002d904   0x00000030   Code   RO         2397    i.user_op_alloc     app_timer_1.o
    0x0002d934   0x0002d934   0x00000044   Code   RO           50    i.w_b_w             main.o
    0x0002d978   0x0002d978   0x00000028   Code   RO           51    i.white             main.o
    0x0002d9a0   0x0002d9a0   0x00000138   Code   RO           52    i.zero              main.o
    0x0002dad8   0x0002dad8   0x00000020   Data   RO           55    .constdata          main.o
    0x0002daf8   0x0002daf8   0x00000008   Data   RO          580    .constdata          boards.o
    0x0002db00   0x0002db00   0x00000016   Data   RO         1168    .constdata          nrf_ble_gatt.o
    0x0002db16   0x0002db16   0x00000002   PAD
    0x0002db18   0x0002db18   0x00000010   Data   RO         1266    .constdata          ble_lbs.o
    0x0002db28   0x0002db28   0x00000004   Data   RO         1573    .constdata          nrf_drv_gpiote.o
    0x0002db2c   0x0002db2c   0x00000008   Data   RO         2158    .constdata          app_button.o
    0x0002db34   0x0002db34   0x00000010   Data   RO         2815    .constdata          nrf_fprintf_format.o
    0x0002db44   0x0002db44   0x00000104   Data   RO         3043    .constdata          nrf_strerror.o
    0x0002dc48   0x0002dc48   0x0000000c   Data   RO         3208    .constdata          nrf_log_backend_uart.o
    0x0002dc54   0x0002dc54   0x00000020   Data   RO         3209    .constdata          nrf_log_backend_uart.o
    0x0002dc74   0x0002dc74   0x00000014   Data   RO         3337    .constdata          nrf_log_frontend.o
    0x0002dc88   0x0002dc88   0x00000010   Data   RO         3921    .constdata          nrf_sdh.o
    0x0002dc98   0x0002dc98   0x00000028   Data   RO         3922    .constdata          nrf_sdh.o
    0x0002dcc0   0x0002dcc0   0x00000010   Data   RO         3923    .constdata          nrf_sdh.o
    0x0002dcd0   0x0002dcd0   0x00000010   Data   RO         3924    .constdata          nrf_sdh.o
    0x0002dce0   0x0002dce0   0x00000020   Data   RO         4040    .constdata          nrf_sdh_ble.o
    0x0002dd00   0x0002dd00   0x00000010   Data   RO         4041    .constdata          nrf_sdh_ble.o
    0x0002dd10   0x0002dd10   0x00000010   Data   RO         4087    .constdata          nrf_sdh_soc.o
    0x0002dd20   0x0002dd20   0x0000000c   Data   RO         4088    .constdata          nrf_sdh_soc.o
    0x0002dd2c   0x0002dd2c   0x00000081   Data   RO         4167    .constdata          mc_w.l(ctype_o.o)
    0x0002ddad   0x0002ddad   0x00000003   PAD
    0x0002ddb0   0x0002ddb0   0x00000004   Data   RO         4168    .constdata          mc_w.l(ctype_o.o)
    0x0002ddb4   0x0002ddb4   0x0000012d   Data   RO         1169    .conststring        nrf_ble_gatt.o
    0x0002dee1   0x0002dee1   0x00000003   PAD
    0x0002dee4   0x0002dee4   0x00000307   Data   RO         3044    .conststring        nrf_strerror.o
    0x0002e1eb   0x0002e1eb   0x00000001   PAD
    0x0002e1ec   0x0002e1ec   0x00000066   Data   RO         3504    .conststring        nrf_log_str_formatter.o
    0x0002e252   0x0002e252   0x00000002   PAD
    0x0002e254   0x0002e254   0x00000188   Data   RO         4042    .conststring        nrf_sdh_ble.o
    0x0002e3dc   0x0002e3dc   0x00000009   Data   RO         1170    .conststrlit        nrf_ble_gatt.o
    0x0002e3e5   0x0002e3e5   0x00000003   PAD
    0x0002e3e8   0x0002e3e8   0x00000006   Data   RO         1338    .conststrlit        nrf_drv_clock.o
    0x0002e3ee   0x0002e3ee   0x00000002   PAD
    0x0002e3f0   0x0002e3f0   0x00000007   Data   RO         1577    .conststrlit        nrf_drv_gpiote.o
    0x0002e3f7   0x0002e3f7   0x00000001   PAD
    0x0002e3f8   0x0002e3f8   0x00000005   Data   RO         1820    .conststrlit        nrf_drv_uart.o
    0x0002e3fd   0x0002e3fd   0x00000003   PAD
    0x0002e400   0x0002e400   0x00000004   Data   RO         2035    .conststrlit        nrf_drv_spi.o
    0x0002e404   0x0002e404   0x00000007   Data   RO         2730    .conststrlit        nrf_balloc.o
    0x0002e40b   0x0002e40b   0x00000001   PAD
    0x0002e40c   0x0002e40c   0x00000009   Data   RO         2935    .conststrlit        nrf_pwr_mgmt.o
    0x0002e415   0x0002e415   0x00000003   PAD
    0x0002e418   0x0002e418   0x00000004   Data   RO         3339    .conststrlit        nrf_log_frontend.o
    0x0002e41c   0x0002e41c   0x00000008   Data   RO         3925    .conststrlit        nrf_sdh.o
    0x0002e424   0x0002e424   0x0000000c   Data   RO         4043    .conststrlit        nrf_sdh_ble.o
    0x0002e430   0x0002e430   0x0000000c   Data   RO         4089    .conststrlit        nrf_sdh_soc.o
    0x0002e43c   0x0002e43c   0x00000020   Data   RO         4224    Region$$Table       anon$$obj.o
    0x0002e45c   0x0002e45c   0x00000008   Data   RO         1171    log_const_data      nrf_ble_gatt.o
    0x0002e464   0x0002e464   0x00000008   Data   RO         1339    log_const_data      nrf_drv_clock.o
    0x0002e46c   0x0002e46c   0x00000008   Data   RO         1578    log_const_data      nrf_drv_gpiote.o
    0x0002e474   0x0002e474   0x00000008   Data   RO         1821    log_const_data      nrf_drv_uart.o
    0x0002e47c   0x0002e47c   0x00000008   Data   RO         2036    log_const_data      nrf_drv_spi.o
    0x0002e484   0x0002e484   0x00000008   Data   RO         2731    log_const_data      nrf_balloc.o
    0x0002e48c   0x0002e48c   0x00000008   Data   RO         2937    log_const_data      nrf_pwr_mgmt.o
    0x0002e494   0x0002e494   0x00000008   Data   RO         3343    log_const_data      nrf_log_frontend.o
    0x0002e49c   0x0002e49c   0x00000008   Data   RO         3927    log_const_data      nrf_sdh.o
    0x0002e4a4   0x0002e4a4   0x00000008   Data   RO         4044    log_const_data      nrf_sdh_ble.o
    0x0002e4ac   0x0002e4ac   0x00000008   Data   RO         4090    log_const_data      nrf_sdh_soc.o
    0x0002e4b4   0x0002e4b4   0x00000008   Data   RO          968    sdh_ble_observers0  ble_conn_state.o
    0x0002e4bc   0x0002e4bc   0x00000008   Data   RO           60    sdh_ble_observers1  main.o
    0x0002e4c4   0x0002e4c4   0x00000008   Data   RO          850    sdh_ble_observers1  ble_conn_params.o
    0x0002e4cc   0x0002e4cc   0x00000008   Data   RO           61    sdh_ble_observers2  main.o
    0x0002e4d4   0x0002e4d4   0x00000008   Data   RO           62    sdh_ble_observers3  main.o
    0x0002e4dc   0x0002e4dc   0x00000008   Data   RO         1341    sdh_soc_observers0  nrf_drv_clock.o
    0x0002e4e4   0x0002e4e4   0x00000008   Data   RO         4046    sdh_stack_observers0  nrf_sdh_ble.o
    0x0002e4ec   0x0002e4ec   0x00000008   Data   RO         4092    sdh_stack_observers0  nrf_sdh_soc.o
    0x0002e4f4   0x0002e4f4   0x00000008   Data   RO         1342    sdh_state_observers0  nrf_drv_clock.o


    Execution Region RW_IRAM1 (Exec base: 0x20002180, Load base: 0x0002e4fc, Size: 0x00002ab8, Max: 0x0000de80, ABSOLUTE, COMPRESSED[0x0000004c])

    Exec Addr    Load Addr    Size         Type   Attr      Idx    E Section Name        Object

    0x20002180   COMPRESSED   0x00000034   Data   RW           56    .data               main.o
    0x200021b4   COMPRESSED   0x00000008   Data   RW          849    .data               ble_conn_params.o
    0x200021bc   COMPRESSED   0x00000014   Data   RW         2159    .data               app_button.o
    0x200021d0   COMPRESSED   0x00000010   Data   RW         2325    .data               app_scheduler.o
    0x200021e0   COMPRESSED   0x00000014   Data   RW         2399    .data               app_timer_1.o
    0x200021f4   COMPRESSED   0x0000000c   Data   RW         3210    .data               nrf_log_backend_uart.o
    0x20002200   COMPRESSED   0x0000000c   Data   RW         3273    .data               nrf_log_default_backends.o
    0x2000220c   COMPRESSED   0x00000008   Data   RW         3341    .data               nrf_log_frontend.o
    0x20002214   COMPRESSED   0x00000008   Data   RW         3342    .data               nrf_log_frontend.o
    0x2000221c   COMPRESSED   0x00000038   Data   RW         3505    .data               nrf_log_str_formatter.o
    0x20002254   COMPRESSED   0x00000003   Data   RW         3926    .data               nrf_sdh.o
    0x20002257   COMPRESSED   0x00000001   PAD
    0x20002258   COMPRESSED   0x00000004   Data   RW         4127    .data               system_nrf52_1.o
    0x2000225c   COMPRESSED   0x0000000c   Data   RW         1172    log_dynamic_data    nrf_ble_gatt.o
    0x20002268   COMPRESSED   0x0000000c   Data   RW         1340    log_dynamic_data    nrf_drv_clock.o
    0x20002274   COMPRESSED   0x0000000c   Data   RW         1579    log_dynamic_data    nrf_drv_gpiote.o
    0x20002280   COMPRESSED   0x0000000c   Data   RW         1822    log_dynamic_data    nrf_drv_uart.o
    0x2000228c   COMPRESSED   0x0000000c   Data   RW         2037    log_dynamic_data    nrf_drv_spi.o
    0x20002298   COMPRESSED   0x0000000c   Data   RW         2732    log_dynamic_data    nrf_balloc.o
    0x200022a4   COMPRESSED   0x0000000c   Data   RW         2938    log_dynamic_data    nrf_pwr_mgmt.o
    0x200022b0   COMPRESSED   0x0000000c   Data   RW         3344    log_dynamic_data    nrf_log_frontend.o
    0x200022bc   COMPRESSED   0x0000000c   Data   RW         3928    log_dynamic_data    nrf_sdh.o
    0x200022c8   COMPRESSED   0x0000000c   Data   RW         4045    log_dynamic_data    nrf_sdh_ble.o
    0x200022d4   COMPRESSED   0x0000000c   Data   RW         4091    log_dynamic_data    nrf_sdh_soc.o
    0x200022e0        -       0x00000020   Zero   RW           53    .bss                main.o
    0x20002300        -       0x000000dc   Zero   RW           54    .bss                main.o
    0x200023dc        -       0x00000050   Zero   RW          848    .bss                ble_conn_params.o
    0x2000242c        -       0x000000b8   Zero   RW          967    .bss                ble_conn_state.o
    0x200024e4        -       0x00000014   Zero   RW         1333    .bss                nrf_drv_clock.o
    0x200024f8        -       0x00000058   Zero   RW         1572    .bss                nrf_drv_gpiote.o
    0x20002550        -       0x00000020   Zero   RW         1819    .bss                nrf_drv_uart.o
    0x20002570        -       0x0000006c   Zero   RW         2031    .bss                nrf_drv_spi.o
    0x200025dc        -       0x00000020   Zero   RW         2157    .bss                app_button.o
    0x200025fc        -       0x0000010c   Zero   RW         2398    .bss                app_timer_1.o
    0x20002708        -       0x0000000c   Zero   RW         2547    .bss                app_util_platform.o
    0x20002714        -       0x00000040   Zero   RW         3207    .bss                nrf_log_backend_uart.o
    0x20002754        -       0x000000c0   Zero   RW         3335    .bss                nrf_log_frontend.o
    0x20002814        -       0x00000420   Zero   RW         3336    .bss                nrf_log_frontend.o
    0x20002c34   COMPRESSED   0x00000004   PAD
    0x20002c38        -       0x00002000   Zero   RW         4115    STACK               arm_startup_nrf52.o

