Archive member included to satisfy reference by file (symbol)

c:/program files (x86)/gnu tools arm embedded/7 2017-q4-major/bin/../lib/gcc/arm-none-eabi/7.2.1/../../../../arm-none-eabi/lib/thumb/v7e-m/fpv4-sp/hard\libc_nano.a(lib_a-exit.o)
                              c:/program files (x86)/gnu tools arm embedded/7 2017-q4-major/bin/../lib/gcc/arm-none-eabi/7.2.1/../../../../arm-none-eabi/lib/thumb/v7e-m/fpv4-sp/hard/crt0.o (exit)
c:/program files (x86)/gnu tools arm embedded/7 2017-q4-major/bin/../lib/gcc/arm-none-eabi/7.2.1/../../../../arm-none-eabi/lib/thumb/v7e-m/fpv4-sp/hard\libc_nano.a(lib_a-impure.o)
                              c:/program files (x86)/gnu tools arm embedded/7 2017-q4-major/bin/../lib/gcc/arm-none-eabi/7.2.1/../../../../arm-none-eabi/lib/thumb/v7e-m/fpv4-sp/hard\libc_nano.a(lib_a-exit.o) (_global_impure_ptr)
c:/program files (x86)/gnu tools arm embedded/7 2017-q4-major/bin/../lib/gcc/arm-none-eabi/7.2.1/../../../../arm-none-eabi/lib/thumb/v7e-m/fpv4-sp/hard\libc_nano.a(lib_a-init.o)
                              c:/program files (x86)/gnu tools arm embedded/7 2017-q4-major/bin/../lib/gcc/arm-none-eabi/7.2.1/../../../../arm-none-eabi/lib/thumb/v7e-m/fpv4-sp/hard/crt0.o (__libc_init_array)
c:/program files (x86)/gnu tools arm embedded/7 2017-q4-major/bin/../lib/gcc/arm-none-eabi/7.2.1/../../../../arm-none-eabi/lib/thumb/v7e-m/fpv4-sp/hard\libc_nano.a(lib_a-locale.o)
                              _build/nrf52832_xxaa/nrf_log_str_formatter.c.o (__locale_ctype_ptr)
c:/program files (x86)/gnu tools arm embedded/7 2017-q4-major/bin/../lib/gcc/arm-none-eabi/7.2.1/../../../../arm-none-eabi/lib/thumb/v7e-m/fpv4-sp/hard\libc_nano.a(lib_a-mbtowc_r.o)
                              c:/program files (x86)/gnu tools arm embedded/7 2017-q4-major/bin/../lib/gcc/arm-none-eabi/7.2.1/../../../../arm-none-eabi/lib/thumb/v7e-m/fpv4-sp/hard\libc_nano.a(lib_a-locale.o) (__ascii_mbtowc)
c:/program files (x86)/gnu tools arm embedded/7 2017-q4-major/bin/../lib/gcc/arm-none-eabi/7.2.1/../../../../arm-none-eabi/lib/thumb/v7e-m/fpv4-sp/hard\libc_nano.a(lib_a-memcpy-stub.o)
                              _build/nrf52832_xxaa/nrf_log_frontend.c.o (memcpy)
c:/program files (x86)/gnu tools arm embedded/7 2017-q4-major/bin/../lib/gcc/arm-none-eabi/7.2.1/../../../../arm-none-eabi/lib/thumb/v7e-m/fpv4-sp/hard\libc_nano.a(lib_a-memset.o)
                              c:/program files (x86)/gnu tools arm embedded/7 2017-q4-major/bin/../lib/gcc/arm-none-eabi/7.2.1/../../../../arm-none-eabi/lib/thumb/v7e-m/fpv4-sp/hard/crt0.o (memset)
c:/program files (x86)/gnu tools arm embedded/7 2017-q4-major/bin/../lib/gcc/arm-none-eabi/7.2.1/../../../../arm-none-eabi/lib/thumb/v7e-m/fpv4-sp/hard\libc_nano.a(lib_a-strcmp.o)
                              c:/program files (x86)/gnu tools arm embedded/7 2017-q4-major/bin/../lib/gcc/arm-none-eabi/7.2.1/../../../../arm-none-eabi/lib/thumb/v7e-m/fpv4-sp/hard\libc_nano.a(lib_a-locale.o) (strcmp)
c:/program files (x86)/gnu tools arm embedded/7 2017-q4-major/bin/../lib/gcc/arm-none-eabi/7.2.1/../../../../arm-none-eabi/lib/thumb/v7e-m/fpv4-sp/hard\libc_nano.a(lib_a-strcpy.o)
                              _build/nrf52832_xxaa/SEGGER_RTT.c.o (strcpy)
c:/program files (x86)/gnu tools arm embedded/7 2017-q4-major/bin/../lib/gcc/arm-none-eabi/7.2.1/../../../../arm-none-eabi/lib/thumb/v7e-m/fpv4-sp/hard\libc_nano.a(lib_a-strlen.o)
                              _build/nrf52832_xxaa/nrf_log_frontend.c.o (strlen)
c:/program files (x86)/gnu tools arm embedded/7 2017-q4-major/bin/../lib/gcc/arm-none-eabi/7.2.1/../../../../arm-none-eabi/lib/thumb/v7e-m/fpv4-sp/hard\libc_nano.a(lib_a-wctomb_r.o)
                              c:/program files (x86)/gnu tools arm embedded/7 2017-q4-major/bin/../lib/gcc/arm-none-eabi/7.2.1/../../../../arm-none-eabi/lib/thumb/v7e-m/fpv4-sp/hard\libc_nano.a(lib_a-locale.o) (__ascii_wctomb)
c:/program files (x86)/gnu tools arm embedded/7 2017-q4-major/bin/../lib/gcc/arm-none-eabi/7.2.1/../../../../arm-none-eabi/lib/thumb/v7e-m/fpv4-sp/hard\libc_nano.a(lib_a-ctype_.o)
                              c:/program files (x86)/gnu tools arm embedded/7 2017-q4-major/bin/../lib/gcc/arm-none-eabi/7.2.1/../../../../arm-none-eabi/lib/thumb/v7e-m/fpv4-sp/hard\libc_nano.a(lib_a-locale.o) (_ctype_)
c:/program files (x86)/gnu tools arm embedded/7 2017-q4-major/bin/../lib/gcc/arm-none-eabi/7.2.1/../../../../arm-none-eabi/lib/thumb/v7e-m/fpv4-sp/hard\libnosys.a(_exit.o)
                              c:/program files (x86)/gnu tools arm embedded/7 2017-q4-major/bin/../lib/gcc/arm-none-eabi/7.2.1/../../../../arm-none-eabi/lib/thumb/v7e-m/fpv4-sp/hard\libc_nano.a(lib_a-exit.o) (_exit)

Allocating common symbols
Common symbol       size              file

nrf_nvic_state      0xc               _build/nrf52832_xxaa/app_util_platform.c.o
j                   0x1               _build/nrf52832_xxaa/main.c.o
i                   0x1               _build/nrf52832_xxaa/main.c.o
[...]
Memory Configuration

Name             Origin             Length             Attributes
FLASH            0x00023000         0x0005d000         xr
RAM              0x20002180         0x0000de80         xrw
*default*        0x00000000         0xffffffff

Linker script and memory map


.text           0x00023000     0xdcb0
 *(.isr_vector)
 .isr_vector    0x00023000      0x200 _build/nrf52832_xxaa/gcc_startup_nrf52.S.o
                0x00023000                __isr_vector
 *(.text*)
 .text          0x00023200       0x40 c:/program files (x86)/gnu tools arm embedded/7 2017-q4-major/bin/../lib/gcc/arm-none-eabi/7.2.1/thumb/v7e-m/fpv4-sp/hard/crtbegin.o
 .text          0x00023240       0x74 c:/program files (x86)/gnu tools arm embedded/7 2017-q4-major/bin/../lib/gcc/arm-none-eabi/7.2.1/../../../../arm-none-eabi/lib/thumb/v7e-m/fpv4-sp/hard/crt0.o
                0x00023240                _start
                0x00023240                _mainCRTStartup
 .text.nrf_log_backend_serial_put
                0x000232b4       0xe4 _build/nrf52832_xxaa/nrf_log_backend_serial.c.o
                0x000232b4                nrf_log_backend_serial_put
 .text.uart_evt_handler
                0x00023398        0xc _build/nrf52832_xxaa/nrf_log_backend_uart.c.o
 .text.nrf_log_backend_uart_flush
                0x000233a4        0x4 _build/nrf52832_xxaa/nrf_log_backend_uart.c.o
 .text.nrf_log_backend_uart_panic_set
                0x000233a8       0x48 _build/nrf52832_xxaa/nrf_log_backend_uart.c.o
 .text.nrf_log_backend_uart_put
                0x000233f0       0x20 _build/nrf52832_xxaa/nrf_log_backend_uart.c.o
 .text.serial_tx
                0x00023410       0x34 _build/nrf52832_xxaa/nrf_log_backend_uart.c.o
 .text.nrf_log_backend_uart_init
                0x00023444       0x48 _build/nrf52832_xxaa/nrf_log_backend_uart.c.o
                0x00023444                nrf_log_backend_uart_init
 .text.nrf_log_default_backends_init
                0x0002348c       0x1c _build/nrf52832_xxaa/nrf_log_default_backends.c.o
                0x0002348c                nrf_log_default_backends_init
 .text.nrf_log_frontend_dequeue.part.5
                0x000234a8      0x21c _build/nrf52832_xxaa/nrf_log_frontend.c.o
 .text.nrf_log_init
                0x000236c4       0x50 _build/nrf52832_xxaa/nrf_log_frontend.c.o
                0x000236c4                nrf_log_init
 .text.nrf_log_module_name_get
                0x00023714       0x5c _build/nrf52832_xxaa/nrf_log_frontend.c.o
                0x00023714                nrf_log_module_name_get
 .text.nrf_log_color_id_get
                0x00023770       0x2c _build/nrf52832_xxaa/nrf_log_frontend.c.o
                0x00023770                nrf_log_color_id_get
 .text.nrf_log_frontend_std_0
                0x0002379c      0x194 _build/nrf52832_xxaa/nrf_log_frontend.c.o
                0x0002379c                nrf_log_frontend_std_0
 .text.nrf_log_frontend_std_1
                0x00023930      0x1a4 _build/nrf52832_xxaa/nrf_log_frontend.c.o
                0x00023930                nrf_log_frontend_std_1
 .text.nrf_log_frontend_std_2
                0x00023ad4      0x1b8 _build/nrf52832_xxaa/nrf_log_frontend.c.o
                0x00023ad4                nrf_log_frontend_std_2
 .text.nrf_log_frontend_dequeue
                0x00023c8c       0x18 _build/nrf52832_xxaa/nrf_log_frontend.c.o
                0x00023c8c                nrf_log_frontend_dequeue
 .text.nrf_log_backend_add
                0x00023ca4       0x5c _build/nrf52832_xxaa/nrf_log_frontend.c.o
                0x00023ca4                nrf_log_backend_add
 .text.nrf_log_panic
                0x00023d00       0x28 _build/nrf52832_xxaa/nrf_log_frontend.c.o
                0x00023d00                nrf_log_panic
 .text.nrf_log_std_entry_process
                0x00023d28      0x130 _build/nrf52832_xxaa/nrf_log_str_formatter.c.o
                0x00023d28                nrf_log_std_entry_process
 .text.nrf_log_hexdump_entry_process
                0x00023e58      0x13c _build/nrf52832_xxaa/nrf_log_str_formatter.c.o
                0x00023e58                nrf_log_hexdump_entry_process
 .text.app_button_enable
                0x00023f94       0x2c _build/nrf52832_xxaa/app_button.c.o
                0x00023f94                app_button_enable
 .text.app_button_disable
                0x00023fc0       0x34 _build/nrf52832_xxaa/app_button.c.o
                0x00023fc0                app_button_disable
 .text.app_error_handler_bare
                0x00023ff4       0x20 _build/nrf52832_xxaa/app_error.c.o
                0x00023ff4                app_error_handler_bare
 .text.app_error_fault_handler
                0x00024014       0x68 _build/nrf52832_xxaa/app_error_weak.c.o
                0x00024014                app_error_fault_handler
 .text.app_sched_init
                0x0002407c       0x50 _build/nrf52832_xxaa/app_scheduler.c.o
                0x0002407c                app_sched_init
 .text.app_sched_event_put
                0x000240cc       0xd4 _build/nrf52832_xxaa/app_scheduler.c.o
                0x000240cc                app_sched_event_put
 .text.app_sched_execute
                0x000241a0       0x8c _build/nrf52832_xxaa/app_scheduler.c.o
                0x000241a0                app_sched_execute
 .text.RTC1_IRQHandler
                0x0002422c       0xa0 _build/nrf52832_xxaa/app_timer.c.o
                0x0002422c                RTC1_IRQHandler
 .text.SWI0_EGU0_IRQHandler
                0x000242cc      0x670 _build/nrf52832_xxaa/app_timer.c.o
                0x000242cc                SWI0_EGU0_IRQHandler
 .text.app_timer_init
                0x0002493c      0x180 _build/nrf52832_xxaa/app_timer.c.o
                0x0002493c                app_timer_init
 .text.app_timer_create
                0x00024abc       0x24 _build/nrf52832_xxaa/app_timer.c.o
                0x00024abc                app_timer_create
 .text.app_timer_start
                0x00024ae0       0xac _build/nrf52832_xxaa/app_timer.c.o
                0x00024ae0                app_timer_start
 .text.app_timer_stop
                0x00024b8c       0x74 _build/nrf52832_xxaa/app_timer.c.o
                0x00024b8c                app_timer_stop
 .text.app_util_critical_region_enter
                0x00024c00       0x4c _build/nrf52832_xxaa/app_util_platform.c.o
                0x00024c00                app_util_critical_region_enter
 .text.app_util_critical_region_exit
                0x00024c4c       0x30 _build/nrf52832_xxaa/app_util_platform.c.o
                0x00024c4c                app_util_critical_region_exit
 .text.nrf_balloc_init
                0x00024c7c       0x38 _build/nrf52832_xxaa/nrf_balloc.c.o
                0x00024c7c                nrf_balloc_init
 .text.nrf_balloc_alloc
                0x00024cb4       0x50 _build/nrf52832_xxaa/nrf_balloc.c.o
                0x00024cb4                nrf_balloc_alloc
 .text.nrf_balloc_free
                0x00024d04       0x38 _build/nrf52832_xxaa/nrf_balloc.c.o
                0x00024d04                nrf_balloc_free
 .text.nrf_fprintf_buffer_flush
                0x00024d3c       0x18 _build/nrf52832_xxaa/nrf_fprintf.c.o
                0x00024d3c                nrf_fprintf_buffer_flush
 .text.nrf_fprintf
                0x00024d54       0x20 _build/nrf52832_xxaa/nrf_fprintf.c.o
                0x00024d54                nrf_fprintf
 .text.unsigned_print
                0x00024d74      0x10c _build/nrf52832_xxaa/nrf_fprintf_format.c.o
 .text.nrf_fprintf_fmt
                0x00024e80      0x5c4 _build/nrf52832_xxaa/nrf_fprintf_format.c.o
                0x00024e80                nrf_fprintf_fmt
 .text.nrf_memobj_pool_init
                0x00025444        0x4 _build/nrf52832_xxaa/nrf_memobj.c.o
                0x00025444                nrf_memobj_pool_init
 .text.nrf_memobj_alloc
                0x00025448       0x84 _build/nrf52832_xxaa/nrf_memobj.c.o
                0x00025448                nrf_memobj_alloc
 .text.nrf_memobj_get
                0x000254cc       0x20 _build/nrf52832_xxaa/nrf_memobj.c.o
                0x000254cc                nrf_memobj_get
 .text.nrf_memobj_put
                0x000254ec       0x50 _build/nrf52832_xxaa/nrf_memobj.c.o
                0x000254ec                nrf_memobj_put
 .text.nrf_memobj_write
                0x0002553c       0x5c _build/nrf52832_xxaa/nrf_memobj.c.o
                0x0002553c                nrf_memobj_write
 .text.nrf_memobj_read
                0x00025598       0x5c _build/nrf52832_xxaa/nrf_memobj.c.o
                0x00025598                nrf_memobj_read
 .text.nrf_section_iter_init
                0x000255f4       0x14 _build/nrf52832_xxaa/nrf_section_iter.c.o
                0x000255f4                nrf_section_iter_init
 .text.nrf_section_iter_next
                0x00025608       0x18 _build/nrf52832_xxaa/nrf_section_iter.c.o
                0x00025608                nrf_section_iter_next
 .text.nrf_strerror_get
                0x00025620       0x6c _build/nrf52832_xxaa/nrf_strerror.c.o
                0x00025620                nrf_strerror_get
 .text.sdk_mapped_flags_first_key_index_get
                0x0002568c       0x30 _build/nrf52832_xxaa/sdk_mapped_flags.c.o
                0x0002568c                sdk_mapped_flags_first_key_index_get
 .text.sdk_mapped_flags_update_by_key
                0x000256bc       0x38 _build/nrf52832_xxaa/sdk_mapped_flags.c.o
                0x000256bc                sdk_mapped_flags_update_by_key
 .text.sdk_mapped_flags_bulk_update_by_key
                0x000256f4       0x5c _build/nrf52832_xxaa/sdk_mapped_flags.c.o
                0x000256f4                sdk_mapped_flags_bulk_update_by_key
 .text.sdk_mapped_flags_key_list_get
                0x00025750       0x34 _build/nrf52832_xxaa/sdk_mapped_flags.c.o
                0x00025750                sdk_mapped_flags_key_list_get
 .text.bsp_board_led_on
                0x00025784       0x18 _build/nrf52832_xxaa/boards.c.o
                0x00025784                bsp_board_led_on
 .text.bsp_board_led_off
                0x0002579c       0x18 _build/nrf52832_xxaa/boards.c.o
                0x0002579c                bsp_board_led_off
 .text.bsp_board_leds_init
                0x000257b4       0x3c _build/nrf52832_xxaa/boards.c.o
                0x000257b4                bsp_board_leds_init
 .text.soc_evt_handler
                0x000257f0       0x24 _build/nrf52832_xxaa/nrf_drv_clock.c.o
 .text.sd_state_evt_handler
                0x00025814       0xc0 _build/nrf52832_xxaa/nrf_drv_clock.c.o
 .text.nrf_drv_clock_init
                0x000258d4       0x50 _build/nrf52832_xxaa/nrf_drv_clock.c.o
                0x000258d4                nrf_drv_clock_init
 .text.nrf_drv_clock_lfclk_request
                0x00025924       0x98 _build/nrf52832_xxaa/nrf_drv_clock.c.o
                0x00025924                nrf_drv_clock_lfclk_request
 .text.POWER_CLOCK_IRQHandler
                0x000259bc       0x7c _build/nrf52832_xxaa/nrf_drv_clock.c.o
                0x000259bc                POWER_CLOCK_IRQHandler
 .text.nrf_drv_common_irq_enable
                0x00025a38       0x48 _build/nrf52832_xxaa/nrf_drv_common.c.o
                0x00025a38                nrf_drv_common_irq_enable
 .text.nrf_drv_gpiote_init
                0x00025a80       0x74 _build/nrf52832_xxaa/nrf_drv_gpiote.c.o
                0x00025a80                nrf_drv_gpiote_init
 .text.nrf_drv_gpiote_out_init
                0x00025af4       0xf0 _build/nrf52832_xxaa/nrf_drv_gpiote.c.o
                0x00025af4                nrf_drv_gpiote_out_init
 .text.nrf_drv_gpiote_out_set
                0x00025be4       0x10 _build/nrf52832_xxaa/nrf_drv_gpiote.c.o
                0x00025be4                nrf_drv_gpiote_out_set
 .text.nrf_drv_gpiote_out_clear
                0x00025bf4       0x10 _build/nrf52832_xxaa/nrf_drv_gpiote.c.o
                0x00025bf4                nrf_drv_gpiote_out_clear
 .text.nrf_drv_gpiote_out_toggle
                0x00025c04       0x20 _build/nrf52832_xxaa/nrf_drv_gpiote.c.o
                0x00025c04                nrf_drv_gpiote_out_toggle
 .text.nrf_drv_gpiote_in_init
                0x00025c24      0x19c _build/nrf52832_xxaa/nrf_drv_gpiote.c.o
                0x00025c24                nrf_drv_gpiote_in_init
 .text.nrf_drv_gpiote_in_event_enable
                0x00025dc0       0xc4 _build/nrf52832_xxaa/nrf_drv_gpiote.c.o
                0x00025dc0                nrf_drv_gpiote_in_event_enable
 .text.nrf_drv_gpiote_in_event_disable
                0x00025e84       0x64 _build/nrf52832_xxaa/nrf_drv_gpiote.c.o
                0x00025e84                nrf_drv_gpiote_in_event_disable
 .text.GPIOTE_IRQHandler
                0x00025ee8      0x548 _build/nrf52832_xxaa/nrf_drv_gpiote.c.o
                0x00025ee8                GPIOTE_IRQHandler
 .text.nrf_drv_uart_init
                0x00026430      0x1d0 _build/nrf52832_xxaa/nrf_drv_uart.c.o
                0x00026430                nrf_drv_uart_init
 .text.nrf_drv_uart_uninit
                0x00026600      0x108 _build/nrf52832_xxaa/nrf_drv_uart.c.o
                0x00026600                nrf_drv_uart_uninit
 .text.nrf_drv_uart_tx
                0x00026708      0x154 _build/nrf52832_xxaa/nrf_drv_uart.c.o
                0x00026708                nrf_drv_uart_tx
 .text.UARTE0_UART0_IRQHandler
                0x0002685c      0x2e4 _build/nrf52832_xxaa/nrf_drv_uart.c.o
                0x0002685c                UARTE0_UART0_IRQHandler
 .text.nrf_drv_spi_init
                0x00026b40      0x15c _build/nrf52832_xxaa/nrf_drv_spi.c.o
                0x00026b40                nrf_drv_spi_init
 .text.nrf_drv_spi_transfer
                0x00026c9c      0x11c _build/nrf52832_xxaa/nrf_drv_spi.c.o
                0x00026c9c                nrf_drv_spi_transfer
 .text.SPIM0_SPIS0_TWIM0_TWIS0_SPI0_TWI0_IRQHandler
                0x00026db8       0x4c _build/nrf52832_xxaa/nrf_drv_spi.c.o
                0x00026db8                SPIM0_SPIS0_TWIM0_TWIS0_SPI0_TWI0_IRQHandler
 .text.SPIM1_SPIS1_TWIM1_TWIS1_SPI1_TWI1_IRQHandler
                0x00026e04       0x50 _build/nrf52832_xxaa/nrf_drv_spi.c.o
                0x00026e04                SPIM1_SPIS1_TWIM1_TWIS1_SPI1_TWI1_IRQHandler
 .text.SPIM2_SPIS2_SPI2_IRQHandler
                0x00026e54       0x54 _build/nrf52832_xxaa/nrf_drv_spi.c.o
                0x00026e54                SPIM2_SPIS2_SPI2_IRQHandler
 .text.sd_ble_gap_adv_start
                0x00026ea8        0x4 _build/nrf52832_xxaa/main.c.o
 .text.sd_ble_gap_disconnect
                0x00026eac        0x4 _build/nrf52832_xxaa/main.c.o
 .text.sd_ble_gap_ppcp_set
                0x00026eb0        0x4 _build/nrf52832_xxaa/main.c.o
 .text.sd_ble_gap_device_name_set
                0x00026eb4        0x4 _build/nrf52832_xxaa/main.c.o
 .text.sd_ble_gap_sec_params_reply
                0x00026eb8        0x4 _build/nrf52832_xxaa/main.c.o
 .text.sd_ble_gap_phy_update
                0x00026ebc        0x4 _build/nrf52832_xxaa/main.c.o
 .text.sd_ble_gatts_rw_authorize_reply
                0x00026ec0        0x4 _build/nrf52832_xxaa/main.c.o
 .text.sd_ble_gatts_sys_attr_set
                0x00026ec4        0x4 _build/nrf52832_xxaa/main.c.o
 .text.sd_ble_user_mem_reply
                0x00026ec8        0x4 _build/nrf52832_xxaa/main.c.o
 .text.spi_event_handler
                0x00026ecc        0xc _build/nrf52832_xxaa/main.c.o
                0x00026ecc                spi_event_handler
 .text.conn_params_error_handler
                0x00026ed8        0x4 _build/nrf52832_xxaa/main.c.o
 .text.gpiote_event_handler
                0x00026edc       0x20 _build/nrf52832_xxaa/main.c.o
                0x00026edc                gpiote_event_handler
 .text.ble_evt_handler
                0x00026efc      0x158 _build/nrf52832_xxaa/main.c.o
 .text.nrf_delay_us.part.1
                0x00027054       0x88 _build/nrf52832_xxaa/main.c.o
 .text.on_conn_params_evt
                0x000270dc       0x24 _build/nrf52832_xxaa/main.c.o
 .text.led_write_handler
                0x00027100       0x34 _build/nrf52832_xxaa/main.c.o
 .text.timer_handler
                0x00027134       0x44 _build/nrf52832_xxaa/main.c.o
 .text.st7586_write.constprop.12
                0x00027178       0x50 _build/nrf52832_xxaa/main.c.o
 .text.st7586_write.constprop.13
                0x000271c8       0x50 _build/nrf52832_xxaa/main.c.o
 .text.b_w_b.constprop.11
                0x00027218       0x3c _build/nrf52832_xxaa/main.c.o
 .text.b_w_b.constprop.10
                0x00027254       0x44 _build/nrf52832_xxaa/main.c.o
 .text.b_w_b.constprop.9
                0x00027298       0x30 _build/nrf52832_xxaa/main.c.o
 .text.b_w_b.constprop.8
                0x000272c8       0x38 _build/nrf52832_xxaa/main.c.o
 .text.b_w_b.constprop.7
                0x00027300       0x2c _build/nrf52832_xxaa/main.c.o
 .text.b_w_b.constprop.5
                0x0002732c       0x34 _build/nrf52832_xxaa/main.c.o
 .text.button_handler
                0x00027360       0x98 _build/nrf52832_xxaa/main.c.o
                0x00027360                button_handler
 .text.button_scheduler_event_handler
                0x000273f8        0x8 _build/nrf52832_xxaa/main.c.o
                0x000273f8                button_scheduler_event_handler
 .text.start_point
                0x00027400       0x4c _build/nrf52832_xxaa/main.c.o
                0x00027400                start_point
 .text.clear    0x0002744c      0x10c _build/nrf52832_xxaa/main.c.o
                0x0002744c                clear
 .text.b_w_b    0x00027558       0x40 _build/nrf52832_xxaa/main.c.o
                0x00027558                b_w_b
 .text.w_b_w    0x00027598       0x40 _build/nrf52832_xxaa/main.c.o
                0x00027598                w_b_w
 .text.hited    0x000275d8      0x2e4 _build/nrf52832_xxaa/main.c.o
                0x000275d8                hited
 .text.gameover
                0x000278bc      0x6bc _build/nrf52832_xxaa/main.c.o
                0x000278bc                gameover
 .text.arrow    0x00027f78      0x128 _build/nrf52832_xxaa/main.c.o
                0x00027f78                arrow
 .text.heart    0x000280a0      0x1d0 _build/nrf52832_xxaa/main.c.o
                0x000280a0                heart
 .text.display_hp
                0x00028270      0x150 _build/nrf52832_xxaa/main.c.o
                0x00028270                display_hp
 .text.enemy    0x000283c0      0x104 _build/nrf52832_xxaa/main.c.o
                0x000283c0                enemy
 .text.adventure
                0x000284c4      0x288 _build/nrf52832_xxaa/main.c.o
                0x000284c4                adventure
 .text.jump     0x0002874c      0x334 _build/nrf52832_xxaa/main.c.o
                0x0002874c                jump
 .text.bow      0x00028a80      0x344 _build/nrf52832_xxaa/main.c.o
                0x00028a80                bow
 .text.zero     0x00028dc4       0xf0 _build/nrf52832_xxaa/main.c.o
                0x00028dc4                zero
 .text.one      0x00028eb4      0x154 _build/nrf52832_xxaa/main.c.o
                0x00028eb4                one
 .text.two      0x00029008      0x1cc _build/nrf52832_xxaa/main.c.o
                0x00029008                two
 .text.three    0x000291d4      0x1cc _build/nrf52832_xxaa/main.c.o
                0x000291d4                three
 .text.max      0x000293a0      0x300 _build/nrf52832_xxaa/main.c.o
                0x000293a0                max
 .text.display_state
                0x000296a0      0xa14 _build/nrf52832_xxaa/main.c.o
                0x000296a0                display_state
 .text.select_state
                0x0002a0b4      0x3e4 _build/nrf52832_xxaa/main.c.o
                0x0002a0b4                select_state
 .text.display_head
                0x0002a498      0x930 _build/nrf52832_xxaa/main.c.o
                0x0002a498                display_head
 .text.eating   0x0002adc8      0xd38 _build/nrf52832_xxaa/main.c.o
                0x0002adc8                eating
 .text.display_z
                0x0002bb00      0x10c _build/nrf52832_xxaa/main.c.o
                0x0002bb00                display_z
 .text.display_zZ
                0x0002bc0c      0x258 _build/nrf52832_xxaa/main.c.o
                0x0002bc0c                display_zZ
 .text.sleep    0x0002be64      0xaf4 _build/nrf52832_xxaa/main.c.o
                0x0002be64                sleep
 .text.health   0x0002c958      0xa8c _build/nrf52832_xxaa/main.c.o
                0x0002c958                health
 .text.reject   0x0002d3e4      0x88c _build/nrf52832_xxaa/main.c.o
                0x0002d3e4                reject
 .text.startup.main
                0x0002dc70     0x14ac _build/nrf52832_xxaa/main.c.o
                0x0002dc70                main
 .text.sd_ble_gap_conn_param_update
                0x0002f11c        0x4 _build/nrf52832_xxaa/ble_conn_params.c.o
 .text.sd_ble_gap_disconnect
                0x0002f120        0x4 _build/nrf52832_xxaa/ble_conn_params.c.o
 .text.sd_ble_gap_ppcp_set
                0x0002f124        0x4 _build/nrf52832_xxaa/ble_conn_params.c.o
 .text.sd_ble_gap_ppcp_get
                0x0002f128        0x4 _build/nrf52832_xxaa/ble_conn_params.c.o
 .text.update_timeout_handler
                0x0002f12c       0x80 _build/nrf52832_xxaa/ble_conn_params.c.o
 .text.ble_evt_handler
                0x0002f1ac      0x1d4 _build/nrf52832_xxaa/ble_conn_params.c.o
 .text.ble_conn_params_init
                0x0002f380       0x7c _build/nrf52832_xxaa/ble_conn_params.c.o
                0x0002f380                ble_conn_params_init
 .text.ble_evt_handler
                0x0002f3fc      0x114 _build/nrf52832_xxaa/ble_conn_state.c.o
 .text.ble_srv_is_notification_enabled
                0x0002f510        0x8 _build/nrf52832_xxaa/ble_srv_common.c.o
                0x0002f510                ble_srv_is_notification_enabled
 .text.sd_ble_gap_data_length_update
                0x0002f518        0x4 _build/nrf52832_xxaa/nrf_ble_gatt.c.o
 .text.sd_ble_gattc_exchange_mtu_request
                0x0002f51c        0x4 _build/nrf52832_xxaa/nrf_ble_gatt.c.o
 .text.sd_ble_gatts_exchange_mtu_reply
                0x0002f520        0x4 _build/nrf52832_xxaa/nrf_ble_gatt.c.o
 .text.nrf_ble_gatt_init
                0x0002f524       0x2c _build/nrf52832_xxaa/nrf_ble_gatt.c.o
                0x0002f524                nrf_ble_gatt_init
 .text.nrf_ble_gatt_on_ble_evt
                0x0002f550      0x1f0 _build/nrf52832_xxaa/nrf_ble_gatt.c.o
                0x0002f550                nrf_ble_gatt_on_ble_evt
 .text          0x0002f740       0x3c _build/nrf52832_xxaa/gcc_startup_nrf52.S.o
                0x0002f740                Reset_Handler
                0x0002f768                NMI_Handler
                0x0002f76a                HardFault_Handler
                0x0002f76c                MemoryManagement_Handler
                0x0002f76e                BusFault_Handler
                0x0002f770                UsageFault_Handler
                0x0002f772                SVC_Handler
                0x0002f774                DebugMon_Handler
                0x0002f776                PendSV_Handler
                0x0002f778                SysTick_Handler
                0x0002f77a                TEMP_IRQHandler
                0x0002f77a                QDEC_IRQHandler
                0x0002f77a                TIMER3_IRQHandler
                0x0002f77a                FPU_IRQHandler
                0x0002f77a                PDM_IRQHandler
                0x0002f77a                TIMER4_IRQHandler
                0x0002f77a                I2S_IRQHandler
                0x0002f77a                SWI4_EGU4_IRQHandler
                0x0002f77a                TIMER0_IRQHandler
                0x0002f77a                RADIO_IRQHandler
                0x0002f77a                RTC0_IRQHandler
                0x0002f77a                PWM2_IRQHandler
                0x0002f77a                ECB_IRQHandler
                0x0002f77a                Default_Handler
                0x0002f77a                SAADC_IRQHandler
                0x0002f77a                CCM_AAR_IRQHandler
                0x0002f77a                WDT_IRQHandler
                0x0002f77a                PWM1_IRQHandler
                0x0002f77a                SWI5_EGU5_IRQHandler
                0x0002f77a                RNG_IRQHandler
                0x0002f77a                RTC2_IRQHandler
                0x0002f77a                PWM0_IRQHandler
                0x0002f77a                SWI3_EGU3_IRQHandler
                0x0002f77a                SWI1_EGU1_IRQHandler
                0x0002f77a                NFCT_IRQHandler
                0x0002f77a                TIMER1_IRQHandler
                0x0002f77a                MWU_IRQHandler
                0x0002f77a                TIMER2_IRQHandler
                0x0002f77a                COMP_LPCOMP_IRQHandler
 .text.SystemInit
                0x0002f77c      0x384 _build/nrf52832_xxaa/system_nrf52.c.o
                0x0002f77c                SystemInit
 .text.sd_ble_gatts_service_add
                0x0002fb00        0x4 _build/nrf52832_xxaa/ble_lbs.c.o
 .text.sd_ble_gatts_characteristic_add
                0x0002fb04        0x4 _build/nrf52832_xxaa/ble_lbs.c.o
 .text.sd_ble_uuid_vs_add
                0x0002fb08        0x4 _build/nrf52832_xxaa/ble_lbs.c.o
 .text.ble_lbs_on_ble_evt
                0x0002fb0c       0x30 _build/nrf52832_xxaa/ble_lbs.c.o
                0x0002fb0c                ble_lbs_on_ble_evt
 .text.ble_lbs_init
                0x0002fb3c      0x1a8 _build/nrf52832_xxaa/ble_lbs.c.o
                0x0002fb3c                ble_lbs_init
 .text.sd_softdevice_enable
                0x0002fce4        0x4 _build/nrf52832_xxaa/nrf_sdh.c.o
 .text.nrf_sdh_enable_request
                0x0002fce8      0x108 _build/nrf52832_xxaa/nrf_sdh.c.o
                0x0002fce8                nrf_sdh_enable_request
 .text.nrf_sdh_is_enabled
                0x0002fdf0        0xc _build/nrf52832_xxaa/nrf_sdh.c.o
                0x0002fdf0                nrf_sdh_is_enabled
 .text.SWI2_EGU2_IRQHandler
                0x0002fdfc       0x2c _build/nrf52832_xxaa/nrf_sdh.c.o
                0x0002fdfc                SWI2_EGU2_IRQHandler
 .text.sd_ble_enable
                0x0002fe28        0x4 _build/nrf52832_xxaa/nrf_sdh_ble.c.o
 .text.sd_ble_cfg_set
                0x0002fe2c        0x4 _build/nrf52832_xxaa/nrf_sdh_ble.c.o
 .text.sd_ble_evt_get
                0x0002fe30        0x4 _build/nrf52832_xxaa/nrf_sdh_ble.c.o
 .text.nrf_sdh_ble_evts_poll
                0x0002fe34       0x4c _build/nrf52832_xxaa/nrf_sdh_ble.c.o
 .text.nrf_sdh_ble_default_cfg_set
                0x0002fe80      0x164 _build/nrf52832_xxaa/nrf_sdh_ble.c.o
                0x0002fe80                nrf_sdh_ble_default_cfg_set
 .text.nrf_sdh_ble_enable
                0x0002ffe4       0x74 _build/nrf52832_xxaa/nrf_sdh_ble.c.o
                0x0002ffe4                nrf_sdh_ble_enable
 .text.sd_evt_get
                0x00030058        0x4 _build/nrf52832_xxaa/nrf_sdh_soc.c.o
 .text.nrf_sdh_soc_evts_poll
                0x0003005c       0x4c _build/nrf52832_xxaa/nrf_sdh_soc.c.o
 .text.exit     0x000300a8       0x28 c:/program files (x86)/gnu tools arm embedded/7 2017-q4-major/bin/../lib/gcc/arm-none-eabi/7.2.1/../../../../arm-none-eabi/lib/thumb/v7e-m/fpv4-sp/hard\libc_nano.a(lib_a-exit.o)
                0x000300a8                exit
 .text.__libc_init_array
                0x000300d0       0x48 c:/program files (x86)/gnu tools arm embedded/7 2017-q4-major/bin/../lib/gcc/arm-none-eabi/7.2.1/../../../../arm-none-eabi/lib/thumb/v7e-m/fpv4-sp/hard\libc_nano.a(lib_a-init.o)
                0x000300d0                __libc_init_array
 .text.__locale_ctype_ptr
                0x00030118       0x1c c:/program files (x86)/gnu tools arm embedded/7 2017-q4-major/bin/../lib/gcc/arm-none-eabi/7.2.1/../../../../arm-none-eabi/lib/thumb/v7e-m/fpv4-sp/hard\libc_nano.a(lib_a-locale.o)
                0x00030118                __locale_ctype_ptr
 .text.__ascii_mbtowc
                0x00030134       0x24 c:/program files (x86)/gnu tools arm embedded/7 2017-q4-major/bin/../lib/gcc/arm-none-eabi/7.2.1/../../../../arm-none-eabi/lib/thumb/v7e-m/fpv4-sp/hard\libc_nano.a(lib_a-mbtowc_r.o)
                0x00030134                __ascii_mbtowc
 .text.memcpy   0x00030158       0x16 c:/program files (x86)/gnu tools arm embedded/7 2017-q4-major/bin/../lib/gcc/arm-none-eabi/7.2.1/../../../../arm-none-eabi/lib/thumb/v7e-m/fpv4-sp/hard\libc_nano.a(lib_a-memcpy-stub.o)
                0x00030158                memcpy
 .text.memset   0x0003016e       0x10 c:/program files (x86)/gnu tools arm embedded/7 2017-q4-major/bin/../lib/gcc/arm-none-eabi/7.2.1/../../../../arm-none-eabi/lib/thumb/v7e-m/fpv4-sp/hard\libc_nano.a(lib_a-memset.o)
                0x0003016e                memset
 .text          0x0003017e       0x10 c:/program files (x86)/gnu tools arm embedded/7 2017-q4-major/bin/../lib/gcc/arm-none-eabi/7.2.1/../../../../arm-none-eabi/lib/thumb/v7e-m/fpv4-sp/hard\libc_nano.a(lib_a-strlen.o)
                0x0003017e                strlen
 .text.__ascii_wctomb
                0x0003018e       0x1a c:/program files (x86)/gnu tools arm embedded/7 2017-q4-major/bin/../lib/gcc/arm-none-eabi/7.2.1/../../../../arm-none-eabi/lib/thumb/v7e-m/fpv4-sp/hard\libc_nano.a(lib_a-wctomb_r.o)
                0x0003018e                __ascii_wctomb
 .text._exit    0x000301a8        0x4 c:/program files (x86)/gnu tools arm embedded/7 2017-q4-major/bin/../lib/gcc/arm-none-eabi/7.2.1/../../../../arm-none-eabi/lib/thumb/v7e-m/fpv4-sp/hard\libnosys.a(_exit.o)
                0x000301a8                _exit
 *(.init)
 .init          0x000301ac        0x4 c:/program files (x86)/gnu tools arm embedded/7 2017-q4-major/bin/../lib/gcc/arm-none-eabi/7.2.1/thumb/v7e-m/fpv4-sp/hard/crti.o
                0x000301ac                _init
 .init          0x000301b0        0x8 c:/program files (x86)/gnu tools arm embedded/7 2017-q4-major/bin/../lib/gcc/arm-none-eabi/7.2.1/thumb/v7e-m/fpv4-sp/hard/crtn.o
 *(.fini)
 .fini          0x000301b8        0x4 c:/program files (x86)/gnu tools arm embedded/7 2017-q4-major/bin/../lib/gcc/arm-none-eabi/7.2.1/thumb/v7e-m/fpv4-sp/hard/crti.o
                0x000301b8                _fini
 .fini          0x000301bc        0x8 c:/program files (x86)/gnu tools arm embedded/7 2017-q4-major/bin/../lib/gcc/arm-none-eabi/7.2.1/thumb/v7e-m/fpv4-sp/hard/crtn.o
 *crtbegin.o(.ctors)
 *crtbegin?.o(.ctors)
 *(EXCLUDE_FILE(*crtend.o *crtend?.o) .ctors)
 *(SORT_BY_NAME(.ctors.*))
 *(.ctors)
 *crtbegin.o(.dtors)
 *crtbegin?.o(.dtors)
 *(EXCLUDE_FILE(*crtend.o *crtend?.o) .dtors)
 *(SORT_BY_NAME(.dtors.*))
 *(.dtors)
 *(.rodata*)
 .rodata        0x000301c4       0x20 _build/nrf52832_xxaa/nrf_log_backend_uart.c.o
 .rodata.nrf_log_backend_uart_api
                0x000301e4        0xc _build/nrf52832_xxaa/nrf_log_backend_uart.c.o
                0x000301e4                nrf_log_backend_uart_api
 .rodata.mempool
                0x000301f0       0x14 _build/nrf52832_xxaa/nrf_log_frontend.c.o
 .rodata.str1.4
                0x00030204        0x4 _build/nrf52832_xxaa/nrf_log_frontend.c.o
 .rodata.m_colors
                0x00030208       0x24 _build/nrf52832_xxaa/nrf_log_str_formatter.c.o
 .rodata.nrf_log_hexdump_entry_process.str1.4
                0x0003022c       0x13 _build/nrf52832_xxaa/nrf_log_str_formatter.c.o
                                 0x16 (size before relaxing)
 *fill*         0x0003023f        0x1 
 .rodata.nrf_log_std_entry_process.str1.4
                0x00030240       0x1b _build/nrf52832_xxaa/nrf_log_str_formatter.c.o
 *fill*         0x0003025b        0x1 
 .rodata.severity_names
                0x0003025c       0x14 _build/nrf52832_xxaa/nrf_log_str_formatter.c.o
 .rodata.str1.4
                0x00030270       0x5e _build/nrf52832_xxaa/nrf_log_str_formatter.c.o
 *fill*         0x000302ce        0x2 
 .rodata.app_error_fault_handler.str1.4
                0x000302d0       0x19 _build/nrf52832_xxaa/app_error_weak.c.o
 *fill*         0x000302e9        0x3 
 .rodata.str1.4
                0x000302ec        0x7 _build/nrf52832_xxaa/nrf_balloc.c.o
 *fill*         0x000302f3        0x1 
 .rodata._aV2C.7959
                0x000302f4       0x10 _build/nrf52832_xxaa/nrf_fprintf_format.c.o
 .rodata.str1.4
                0x00030304        0x9 _build/nrf52832_xxaa/nrf_pwr_mgmt.c.o
 *fill*         0x0003030d        0x3 
 .rodata.m_unknown_str
                0x00030310       0x13 _build/nrf52832_xxaa/nrf_strerror.c.o
 *fill*         0x00030323        0x1 
 .rodata.nrf_strerror_array
                0x00030324       0xf0 _build/nrf52832_xxaa/nrf_strerror.c.o
 .rodata.str1.4
                0x00030414      0x308 _build/nrf52832_xxaa/nrf_strerror.c.o
 .rodata.m_board_led_list
                0x0003071c        0x4 _build/nrf52832_xxaa/boards.c.o
 .rodata.str1.4
                0x00030720        0x6 _build/nrf52832_xxaa/nrf_drv_clock.c.o
 *fill*         0x00030726        0x2 
 .rodata.str1.4
                0x00030728        0x7 _build/nrf52832_xxaa/nrf_drv_gpiote.c.o
 *fill*         0x0003072f        0x1 
 .rodata.str1.4
                0x00030730        0x5 _build/nrf52832_xxaa/nrf_drv_uart.c.o
 *fill*         0x00030735        0x3 
 .rodata.str1.4
                0x00030738        0x4 _build/nrf52832_xxaa/nrf_drv_spi.c.o
 .rodata        0x0003073c       0x14 _build/nrf52832_xxaa/main.c.o
 .rodata.ble_evt_handler.str1.4
                0x00030750       0x19 _build/nrf52832_xxaa/main.c.o
 *fill*         0x00030769        0x3 
 .rodata.led_write_handler.str1.4
                0x0003076c       0x26 _build/nrf52832_xxaa/main.c.o
 *fill*         0x00030792        0x2 
 .rodata.m_led_a_timer_id
                0x00030794        0x4 _build/nrf52832_xxaa/main.c.o
 .rodata.main.str1.4
                0x00030798       0x1e _build/nrf52832_xxaa/main.c.o
 *fill*         0x000307b6        0x2 
 .rodata.st7586_spi
                0x000307b8        0x8 _build/nrf52832_xxaa/main.c.o
 .rodata.timer_handler.str1.4
                0x000307c0       0x32 _build/nrf52832_xxaa/main.c.o
 *fill*         0x000307f2        0x2 
 .rodata.nrf_ble_gatt_on_ble_evt.str1.4
                0x000307f4      0x130 _build/nrf52832_xxaa/nrf_ble_gatt.c.o
 .rodata.str1.4
                0x00030924        0x9 _build/nrf52832_xxaa/nrf_ble_gatt.c.o
 *fill*         0x0003092d        0x3 
 .rodata        0x00030930       0x10 _build/nrf52832_xxaa/ble_lbs.c.o
 .rodata        0x00030940        0x4 _build/nrf52832_xxaa/nrf_sdh.c.o
 .rodata.sdh_req_observers
                0x00030944        0xc _build/nrf52832_xxaa/nrf_sdh.c.o
 .rodata.sdh_stack_observers
                0x00030950        0xc _build/nrf52832_xxaa/nrf_sdh.c.o
 .rodata.sdh_state_observers
                0x0003095c        0xc _build/nrf52832_xxaa/nrf_sdh.c.o
 .rodata.str1.4
                0x00030968        0x8 _build/nrf52832_xxaa/nrf_sdh.c.o
 .rodata.nrf_sdh_ble_default_cfg_set.str1.4
                0x00030970      0x187 _build/nrf52832_xxaa/nrf_sdh_ble.c.o
 *fill*         0x00030af7        0x1 
 .rodata.nrf_sdh_ble_enable.str1.4
                0x00030af8       0x71 _build/nrf52832_xxaa/nrf_sdh_ble.c.o
 *fill*         0x00030b69        0x3 
 .rodata.sdh_ble_observers
                0x00030b6c        0xc _build/nrf52832_xxaa/nrf_sdh_ble.c.o
 .rodata.str1.4
                0x00030b78        0xc _build/nrf52832_xxaa/nrf_sdh_ble.c.o
 .rodata.sdh_soc_observers
                0x00030b84        0xc _build/nrf52832_xxaa/nrf_sdh_soc.c.o
 .rodata.str1.4
                0x00030b90        0xc _build/nrf52832_xxaa/nrf_sdh_soc.c.o
 .rodata._global_impure_ptr
                0x00030b9c        0x4 c:/program files (x86)/gnu tools arm embedded/7 2017-q4-major/bin/../lib/gcc/arm-none-eabi/7.2.1/../../../../arm-none-eabi/lib/thumb/v7e-m/fpv4-sp/hard\libc_nano.a(lib_a-impure.o)
                0x00030b9c                _global_impure_ptr
 .rodata._setlocale_r.str1.1
                0x00030ba0        0x8 c:/program files (x86)/gnu tools arm embedded/7 2017-q4-major/bin/../lib/gcc/arm-none-eabi/7.2.1/../../../../arm-none-eabi/lib/thumb/v7e-m/fpv4-sp/hard\libc_nano.a(lib_a-locale.o)
                                  0x9 (size before relaxing)
 .rodata.str1.1
                0x00030ba8        0x2 c:/program files (x86)/gnu tools arm embedded/7 2017-q4-major/bin/../lib/gcc/arm-none-eabi/7.2.1/../../../../arm-none-eabi/lib/thumb/v7e-m/fpv4-sp/hard\libc_nano.a(lib_a-locale.o)
 .rodata._ctype_
                0x00030baa      0x101 c:/program files (x86)/gnu tools arm embedded/7 2017-q4-major/bin/../lib/gcc/arm-none-eabi/7.2.1/../../../../arm-none-eabi/lib/thumb/v7e-m/fpv4-sp/hard\libc_nano.a(lib_a-ctype_.o)
                0x00030baa                _ctype_
 *(.eh_frame*)
 *fill*         0x00030cab        0x1 
 .eh_frame      0x00030cac        0x0 c:/program files (x86)/gnu tools arm embedded/7 2017-q4-major/bin/../lib/gcc/arm-none-eabi/7.2.1/thumb/v7e-m/fpv4-sp/hard/crtbegin.o
 .eh_frame      0x00030cac        0x4 c:/program files (x86)/gnu tools arm embedded/7 2017-q4-major/bin/../lib/gcc/arm-none-eabi/7.2.1/thumb/v7e-m/fpv4-sp/hard/crtend.o

.glue_7         0x00030cb0        0x0
 .glue_7        0x00030cb0        0x0 linker stubs

.glue_7t        0x00030cb0        0x0
 .glue_7t       0x00030cb0        0x0 linker stubs

.vfp11_veneer   0x00030cb0        0x0
 .vfp11_veneer  0x00030cb0        0x0 linker stubs

.v4_bx          0x00030cb0        0x0
 .v4_bx         0x00030cb0        0x0 linker stubs

.iplt           0x00030cb0        0x0
 .iplt          0x00030cb0        0x0 c:/program files (x86)/gnu tools arm embedded/7 2017-q4-major/bin/../lib/gcc/arm-none-eabi/7.2.1/thumb/v7e-m/fpv4-sp/hard/crtbegin.o

.mem_section_dummy_rom

.sdh_soc_observers
                0x00030cb0        0x8
                0x00030cb0                PROVIDE (__start_sdh_soc_observers, .)
 *(SORT_BY_NAME(.sdh_soc_observers*))
 .sdh_soc_observers0
                0x00030cb0        0x8 _build/nrf52832_xxaa/nrf_drv_clock.c.o
                0x00030cb8                PROVIDE (__stop_sdh_soc_observers, .)

.pwr_mgmt_data  0x00030cb8        0x0
                0x00030cb8                PROVIDE (__start_pwr_mgmt_data, .)
 *(SORT_BY_NAME(.pwr_mgmt_data*))
                0x00030cb8                PROVIDE (__stop_pwr_mgmt_data, .)

.sdh_ble_observers
                0x00030cb8       0x28
                0x00030cb8                PROVIDE (__start_sdh_ble_observers, .)
 *(SORT_BY_NAME(.sdh_ble_observers*))
 .sdh_ble_observers0
                0x00030cb8        0x8 _build/nrf52832_xxaa/ble_conn_state.c.o
 .sdh_ble_observers1
                0x00030cc0        0x8 _build/nrf52832_xxaa/main.c.o
 .sdh_ble_observers1
                0x00030cc8        0x8 _build/nrf52832_xxaa/ble_conn_params.c.o
 .sdh_ble_observers2
                0x00030cd0        0x8 _build/nrf52832_xxaa/main.c.o
 .sdh_ble_observers3
                0x00030cd8        0x8 _build/nrf52832_xxaa/main.c.o
                0x00030ce0                PROVIDE (__stop_sdh_ble_observers, .)

.log_const_data
                0x00030ce0       0x58
                0x00030ce0                PROVIDE (__start_log_const_data, .)
 *(SORT_BY_NAME(.log_const_data*))
 .log_const_data_app
                0x00030ce0        0x8 _build/nrf52832_xxaa/nrf_log_frontend.c.o
                0x00030ce0                m_nrf_log_app_logs_data_const
 .log_const_data_balloc
                0x00030ce8        0x8 _build/nrf52832_xxaa/nrf_balloc.c.o
                0x00030ce8                m_nrf_log_balloc_logs_data_const
 .log_const_data_ble_gatt
                0x00030cf0        0x8 _build/nrf52832_xxaa/nrf_ble_gatt.c.o
                0x00030cf0                m_nrf_log_ble_gatt_logs_data_const
 .log_const_data_clock
                0x00030cf8        0x8 _build/nrf52832_xxaa/nrf_drv_clock.c.o
                0x00030cf8                m_nrf_log_clock_logs_data_const
 .log_const_data_gpiote
                0x00030d00        0x8 _build/nrf52832_xxaa/nrf_drv_gpiote.c.o
                0x00030d00                m_nrf_log_gpiote_logs_data_const
 .log_const_data_nrf_sdh
                0x00030d08        0x8 _build/nrf52832_xxaa/nrf_sdh.c.o
                0x00030d08                m_nrf_log_nrf_sdh_logs_data_const
 .log_const_data_nrf_sdh_ble
                0x00030d10        0x8 _build/nrf52832_xxaa/nrf_sdh_ble.c.o
                0x00030d10                m_nrf_log_nrf_sdh_ble_logs_data_const
 .log_const_data_nrf_sdh_soc
                0x00030d18        0x8 _build/nrf52832_xxaa/nrf_sdh_soc.c.o
                0x00030d18                m_nrf_log_nrf_sdh_soc_logs_data_const
 .log_const_data_pwr_mgmt
                0x00030d20        0x8 _build/nrf52832_xxaa/nrf_pwr_mgmt.c.o
                0x00030d20                m_nrf_log_pwr_mgmt_logs_data_const
 .log_const_data_spi
                0x00030d28        0x8 _build/nrf52832_xxaa/nrf_drv_spi.c.o
                0x00030d28                m_nrf_log_spi_logs_data_const
 .log_const_data_uart
                0x00030d30        0x8 _build/nrf52832_xxaa/nrf_drv_uart.c.o
                0x00030d30                m_nrf_log_uart_logs_data_const
                0x00030d38                PROVIDE (__stop_log_const_data, .)

.sdh_req_observers
                0x00030d38        0x0
                0x00030d38                PROVIDE (__start_sdh_req_observers, .)
 *(SORT_BY_NAME(.sdh_req_observers*))
                0x00030d38                PROVIDE (__stop_sdh_req_observers, .)

.sdh_state_observers
                0x00030d38        0x8
                0x00030d38                PROVIDE (__start_sdh_state_observers, .)
 *(SORT_BY_NAME(.sdh_state_observers*))
 .sdh_state_observers0
                0x00030d38        0x8 _build/nrf52832_xxaa/nrf_drv_clock.c.o
                0x00030d40                PROVIDE (__stop_sdh_state_observers, .)

.sdh_stack_observers
                0x00030d40       0x10
                0x00030d40                PROVIDE (__start_sdh_stack_observers, .)
 *(SORT_BY_NAME(.sdh_stack_observers*))
 .sdh_stack_observers0
                0x00030d40        0x8 _build/nrf52832_xxaa/nrf_sdh_ble.c.o
 .sdh_stack_observers0
                0x00030d48        0x8 _build/nrf52832_xxaa/nrf_sdh_soc.c.o
                0x00030d50                PROVIDE (__stop_sdh_stack_observers, .)

.cli_command    0x00030d50        0x0
                [!provide]                PROVIDE (__start_cli_command, .)
 *(.cli_command)
                [!provide]                PROVIDE (__stop_cli_command, .)

.ARM.extab
 *(.ARM.extab* .gnu.linkonce.armextab.*)
                0x00030d50                __exidx_start = .

.ARM.exidx      0x00030d50        0x8
 *(.ARM.exidx* .gnu.linkonce.armexidx.*)
 .ARM.exidx     0x00030d50        0x8 c:/program files (x86)/gnu tools arm embedded/7 2017-q4-major/bin/../lib/gcc/arm-none-eabi/7.2.1/../../../../arm-none-eabi/lib/thumb/v7e-m/fpv4-sp/hard/crt0.o
                0x00030d58                __exidx_end = .
                0x00030d58                __etext = .

.rel.dyn        0x00030d58        0x0
 .rel.iplt      0x00030d58        0x0 c:/program files (x86)/gnu tools arm embedded/7 2017-q4-major/bin/../lib/gcc/arm-none-eabi/7.2.1/thumb/v7e-m/fpv4-sp/hard/crtbegin.o

.data           0x20002180      0x208 load address 0x00030d58
                0x20002180                __data_start__ = .
 *(vtable)
 *(.data*)
 .data.m_uart   0x20002180        0x8 _build/nrf52832_xxaa/nrf_log_backend_uart.c.o
                0x20002180                m_uart
 .data.uart_log_backend
                0x20002188        0xc _build/nrf52832_xxaa/nrf_log_default_backends.c.o
 .data.adventure_temp
                0x20002194        0x4 _build/nrf52832_xxaa/main.c.o
                0x20002194                adventure_temp
 .data.enemy_temp
                0x20002198        0x4 _build/nrf52832_xxaa/main.c.o
                0x20002198                enemy_temp
 .data.full     0x2000219c        0x4 _build/nrf52832_xxaa/main.c.o
                0x2000219c                full
 .data.hp       0x200021a0        0x4 _build/nrf52832_xxaa/main.c.o
                0x200021a0                hp
 .data.lv       0x200021a4        0x4 _build/nrf52832_xxaa/main.c.o
                0x200021a4                lv
 .data.m_conn_handle
                0x200021a8        0x2 _build/nrf52832_xxaa/main.c.o
 *fill*         0x200021aa        0x2 
 .data.SystemCoreClock
                0x200021ac        0x4 _build/nrf52832_xxaa/system_nrf52.c.o
                0x200021ac                SystemCoreClock
 .data._impure_ptr
                0x200021b0        0x4 c:/program files (x86)/gnu tools arm embedded/7 2017-q4-major/bin/../lib/gcc/arm-none-eabi/7.2.1/../../../../arm-none-eabi/lib/thumb/v7e-m/fpv4-sp/hard\libc_nano.a(lib_a-impure.o)
                0x200021b0                _impure_ptr
 .data.impure_data
                0x200021b4       0x60 c:/program files (x86)/gnu tools arm embedded/7 2017-q4-major/bin/../lib/gcc/arm-none-eabi/7.2.1/../../../../arm-none-eabi/lib/thumb/v7e-m/fpv4-sp/hard\libc_nano.a(lib_a-impure.o)
 .data.__global_locale
                0x20002214      0x16c c:/program files (x86)/gnu tools arm embedded/7 2017-q4-major/bin/../lib/gcc/arm-none-eabi/7.2.1/../../../../arm-none-eabi/lib/thumb/v7e-m/fpv4-sp/hard\libc_nano.a(lib_a-locale.o)
                0x20002214                __global_locale
                0x20002380                . = ALIGN (0x4)
                0x20002380                PROVIDE (__preinit_array_start, .)
 *(.preinit_array)
                0x20002380                PROVIDE (__preinit_array_end, .)
                0x20002380                . = ALIGN (0x4)
                0x20002380                PROVIDE (__init_array_start, .)
 *(SORT_BY_NAME(.init_array.*))
 *(.init_array)
 .init_array    0x20002380        0x4 c:/program files (x86)/gnu tools arm embedded/7 2017-q4-major/bin/../lib/gcc/arm-none-eabi/7.2.1/thumb/v7e-m/fpv4-sp/hard/crtbegin.o
                0x20002384                PROVIDE (__init_array_end, .)
                0x20002384                . = ALIGN (0x4)
                [!provide]                PROVIDE (__fini_array_start, .)
 *(SORT_BY_NAME(.fini_array.*))
 *(.fini_array)
 .fini_array    0x20002384        0x4 c:/program files (x86)/gnu tools arm embedded/7 2017-q4-major/bin/../lib/gcc/arm-none-eabi/7.2.1/thumb/v7e-m/fpv4-sp/hard/crtbegin.o
                [!provide]                PROVIDE (__fini_array_end, .)
 *(.jcr*)
                0x20002388                . = ALIGN (0x4)
                0x20002388                __data_end__ = .
LOAD c:/program files (x86)/gnu tools arm embedded/7 2017-q4-major/bin/../lib/gcc/arm-none-eabi/7.2.1/thumb/v7e-m/fpv4-sp/hard/crti.o
LOAD c:/program files (x86)/gnu tools arm embedded/7 2017-q4-major/bin/../lib/gcc/arm-none-eabi/7.2.1/thumb/v7e-m/fpv4-sp/hard/crtbegin.o
LOAD c:/program files (x86)/gnu tools arm embedded/7 2017-q4-major/bin/../lib/gcc/arm-none-eabi/7.2.1/../../../../arm-none-eabi/lib/thumb/v7e-m/fpv4-sp/hard/crt0.o
LOAD _build/nrf52832_xxaa/nrf_log_backend_rtt.c.o
LOAD _build/nrf52832_xxaa/nrf_log_backend_serial.c.o
LOAD _build/nrf52832_xxaa/nrf_log_backend_uart.c.o
LOAD _build/nrf52832_xxaa/nrf_log_default_backends.c.o
LOAD _build/nrf52832_xxaa/nrf_log_frontend.c.o
LOAD _build/nrf52832_xxaa/nrf_log_str_formatter.c.o
LOAD _build/nrf52832_xxaa/app_button.c.o
LOAD _build/nrf52832_xxaa/app_error.c.o
LOAD _build/nrf52832_xxaa/app_error_weak.c.o
LOAD _build/nrf52832_xxaa/app_scheduler.c.o
LOAD _build/nrf52832_xxaa/app_timer.c.o
LOAD _build/nrf52832_xxaa/app_util_platform.c.o
LOAD _build/nrf52832_xxaa/hardfault_implementation.c.o
LOAD _build/nrf52832_xxaa/nrf_assert.c.o
LOAD _build/nrf52832_xxaa/nrf_atfifo.c.o
LOAD _build/nrf52832_xxaa/nrf_balloc.c.o
LOAD _build/nrf52832_xxaa/nrf_fprintf.c.o
LOAD _build/nrf52832_xxaa/nrf_fprintf_format.c.o
LOAD _build/nrf52832_xxaa/nrf_memobj.c.o
LOAD _build/nrf52832_xxaa/nrf_pwr_mgmt.c.o
LOAD _build/nrf52832_xxaa/nrf_section_iter.c.o
LOAD _build/nrf52832_xxaa/nrf_strerror.c.o
LOAD _build/nrf52832_xxaa/sdk_mapped_flags.c.o
LOAD _build/nrf52832_xxaa/boards.c.o
LOAD _build/nrf52832_xxaa/nrf_drv_clock.c.o
LOAD _build/nrf52832_xxaa/nrf_drv_common.c.o
LOAD _build/nrf52832_xxaa/nrf_drv_gpiote.c.o
LOAD _build/nrf52832_xxaa/nrf_drv_uart.c.o
LOAD _build/nrf52832_xxaa/nrf_drv_spi.c.o
LOAD _build/nrf52832_xxaa/main.c.o
LOAD _build/nrf52832_xxaa/SEGGER_RTT.c.o
LOAD _build/nrf52832_xxaa/SEGGER_RTT_Syscalls_GCC.c.o
LOAD _build/nrf52832_xxaa/SEGGER_RTT_printf.c.o
LOAD _build/nrf52832_xxaa/ble_advdata.c.o
LOAD _build/nrf52832_xxaa/ble_conn_params.c.o
LOAD _build/nrf52832_xxaa/ble_conn_state.c.o
LOAD _build/nrf52832_xxaa/ble_srv_common.c.o
LOAD _build/nrf52832_xxaa/nrf_ble_gatt.c.o
LOAD _build/nrf52832_xxaa/gcc_startup_nrf52.S.o
LOAD _build/nrf52832_xxaa/system_nrf52.c.o
LOAD _build/nrf52832_xxaa/ble_lbs.c.o
LOAD _build/nrf52832_xxaa/nrf_sdh.c.o
LOAD _build/nrf52832_xxaa/nrf_sdh_ble.c.o
LOAD _build/nrf52832_xxaa/nrf_sdh_soc.c.o
LOAD c:/program files (x86)/gnu tools arm embedded/7 2017-q4-major/bin/../lib/gcc/arm-none-eabi/7.2.1/../../../../arm-none-eabi/lib/thumb/v7e-m/fpv4-sp/hard\libc_nano.a
LOAD c:/program files (x86)/gnu tools arm embedded/7 2017-q4-major/bin/../lib/gcc/arm-none-eabi/7.2.1/../../../../arm-none-eabi/lib/thumb/v7e-m/fpv4-sp/hard\libnosys.a
LOAD c:/program files (x86)/gnu tools arm embedded/7 2017-q4-major/bin/../lib/gcc/arm-none-eabi/7.2.1/../../../../arm-none-eabi/lib/thumb/v7e-m/fpv4-sp/hard\libm.a
START GROUP
LOAD c:/program files (x86)/gnu tools arm embedded/7 2017-q4-major/bin/../lib/gcc/arm-none-eabi/7.2.1/thumb/v7e-m/fpv4-sp/hard\libgcc.a
LOAD c:/program files (x86)/gnu tools arm embedded/7 2017-q4-major/bin/../lib/gcc/arm-none-eabi/7.2.1/../../../../arm-none-eabi/lib/thumb/v7e-m/fpv4-sp/hard\libg_nano.a
LOAD c:/program files (x86)/gnu tools arm embedded/7 2017-q4-major/bin/../lib/gcc/arm-none-eabi/7.2.1/../../../../arm-none-eabi/lib/thumb/v7e-m/fpv4-sp/hard\libc_nano.a
END GROUP
START GROUP
LOAD c:/program files (x86)/gnu tools arm embedded/7 2017-q4-major/bin/../lib/gcc/arm-none-eabi/7.2.1/thumb/v7e-m/fpv4-sp/hard\libgcc.a
LOAD c:/program files (x86)/gnu tools arm embedded/7 2017-q4-major/bin/../lib/gcc/arm-none-eabi/7.2.1/../../../../arm-none-eabi/lib/thumb/v7e-m/fpv4-sp/hard\libc_nano.a
END GROUP
LOAD c:/program files (x86)/gnu tools arm embedded/7 2017-q4-major/bin/../lib/gcc/arm-none-eabi/7.2.1/thumb/v7e-m/fpv4-sp/hard/crtend.o
LOAD c:/program files (x86)/gnu tools arm embedded/7 2017-q4-major/bin/../lib/gcc/arm-none-eabi/7.2.1/thumb/v7e-m/fpv4-sp/hard/crtn.o
START GROUP
LOAD c:/program files (x86)/gnu tools arm embedded/7 2017-q4-major/bin/../lib/gcc/arm-none-eabi/7.2.1/thumb/v7e-m/fpv4-sp/hard\libgcc.a
LOAD c:/program files (x86)/gnu tools arm embedded/7 2017-q4-major/bin/../lib/gcc/arm-none-eabi/7.2.1/../../../../arm-none-eabi/lib/thumb/v7e-m/fpv4-sp/hard\libc.a
LOAD c:/program files (x86)/gnu tools arm embedded/7 2017-q4-major/bin/../lib/gcc/arm-none-eabi/7.2.1/../../../../arm-none-eabi/lib/thumb/v7e-m/fpv4-sp/hard\libnosys.a
END GROUP

.igot.plt       0x20002388        0x0 load address 0x00030f60
 .igot.plt      0x20002388        0x0 c:/program files (x86)/gnu tools arm embedded/7 2017-q4-major/bin/../lib/gcc/arm-none-eabi/7.2.1/thumb/v7e-m/fpv4-sp/hard/crtbegin.o
                0x20002388                . = ALIGN (0x4)

.mem_section_dummy_ram

.log_dynamic_data
                0x20002388       0x84 load address 0x00030f60
                0x20002388                PROVIDE (__start_log_dynamic_data, .)
 *(SORT_BY_NAME(.log_dynamic_data*))
 .log_dynamic_data_app
                0x20002388        0xc _build/nrf52832_xxaa/nrf_log_frontend.c.o
                0x20002388                m_nrf_log_app_logs_data_dynamic
 .log_dynamic_data_balloc
                0x20002394        0xc _build/nrf52832_xxaa/nrf_balloc.c.o
                0x20002394                m_nrf_log_balloc_logs_data_dynamic
 .log_dynamic_data_ble_gatt
                0x200023a0        0xc _build/nrf52832_xxaa/nrf_ble_gatt.c.o
                0x200023a0                m_nrf_log_ble_gatt_logs_data_dynamic
 .log_dynamic_data_clock
                0x200023ac        0xc _build/nrf52832_xxaa/nrf_drv_clock.c.o
                0x200023ac                m_nrf_log_clock_logs_data_dynamic
 .log_dynamic_data_gpiote
                0x200023b8        0xc _build/nrf52832_xxaa/nrf_drv_gpiote.c.o
                0x200023b8                m_nrf_log_gpiote_logs_data_dynamic
 .log_dynamic_data_nrf_sdh
                0x200023c4        0xc _build/nrf52832_xxaa/nrf_sdh.c.o
                0x200023c4                m_nrf_log_nrf_sdh_logs_data_dynamic
 .log_dynamic_data_nrf_sdh_ble
                0x200023d0        0xc _build/nrf52832_xxaa/nrf_sdh_ble.c.o
                0x200023d0                m_nrf_log_nrf_sdh_ble_logs_data_dynamic
 .log_dynamic_data_nrf_sdh_soc
                0x200023dc        0xc _build/nrf52832_xxaa/nrf_sdh_soc.c.o
                0x200023dc                m_nrf_log_nrf_sdh_soc_logs_data_dynamic
 .log_dynamic_data_pwr_mgmt
                0x200023e8        0xc _build/nrf52832_xxaa/nrf_pwr_mgmt.c.o
                0x200023e8                m_nrf_log_pwr_mgmt_logs_data_dynamic
 .log_dynamic_data_spi
                0x200023f4        0xc _build/nrf52832_xxaa/nrf_drv_spi.c.o
                0x200023f4                m_nrf_log_spi_logs_data_dynamic
 .log_dynamic_data_uart
                0x20002400        0xc _build/nrf52832_xxaa/nrf_drv_uart.c.o
                0x20002400                m_nrf_log_uart_logs_data_dynamic
                [!provide]                PROVIDE (__stop_log_dynamic_data, .)

.cli_sorted_cmd_ptrs
                0x2000240c        0x0
                [!provide]                PROVIDE (__start_cli_sorted_cmd_ptrs, .)
 *(.cli_sorted_cmd_ptrs)
                [!provide]                PROVIDE (__stop_cli_sorted_cmd_ptrs, .)

.fs_data        0x2000240c        0x0
                [!provide]                PROVIDE (__start_fs_data, .)
 *(.fs_data)
                [!provide]                PROVIDE (__stop_fs_data, .)

.bss            0x2000240c      0x9f0 load address 0x00030fe4
                0x2000240c                . = ALIGN (0x4)
                0x2000240c                __bss_start__ = .
 *(.bss*)
 .bss           0x2000240c       0x1c c:/program files (x86)/gnu tools arm embedded/7 2017-q4-major/bin/../lib/gcc/arm-none-eabi/7.2.1/thumb/v7e-m/fpv4-sp/hard/crtbegin.o
 .bss.m_async_mode
                0x20002428        0x1 _build/nrf52832_xxaa/nrf_log_backend_uart.c.o
 *fill*         0x20002429        0x3 
 .bss.m_string_buff
                0x2000242c       0x40 _build/nrf52832_xxaa/nrf_log_backend_uart.c.o
 .bss.m_xfer_done
                0x2000246c        0x1 _build/nrf52832_xxaa/nrf_log_backend_uart.c.o
 *fill*         0x2000246d        0x3 
 .bss.m_log_data
                0x20002470      0x420 _build/nrf52832_xxaa/nrf_log_frontend.c.o
 .bss.mempool_nrf_balloc_cb
                0x20002890        0x8 _build/nrf52832_xxaa/nrf_log_frontend.c.o
 .bss.mempool_nrf_balloc_pool_mem
                0x20002898       0xc0 _build/nrf52832_xxaa/nrf_log_frontend.c.o
 .bss.mempool_nrf_balloc_pool_stack
                0x20002958        0x8 _build/nrf52832_xxaa/nrf_log_frontend.c.o
 .bss.m_button_count
                0x20002960        0x1 _build/nrf52832_xxaa/app_button.c.o
 *fill*         0x20002961        0x3 
 .bss.m_detection_delay_timer_id_data
                0x20002964       0x20 _build/nrf52832_xxaa/app_button.c.o
 .bss.mp_buttons
                0x20002984        0x4 _build/nrf52832_xxaa/app_button.c.o
 .bss.m_queue_end_index
                0x20002988        0x1 _build/nrf52832_xxaa/app_scheduler.c.o
 *fill*         0x20002989        0x3 
 .bss.m_queue_event_data
                0x2000298c        0x4 _build/nrf52832_xxaa/app_scheduler.c.o
 .bss.m_queue_event_headers
                0x20002990        0x4 _build/nrf52832_xxaa/app_scheduler.c.o
 .bss.m_queue_event_size
                0x20002994        0x2 _build/nrf52832_xxaa/app_scheduler.c.o
 .bss.m_queue_size
                0x20002996        0x2 _build/nrf52832_xxaa/app_scheduler.c.o
 .bss.m_queue_start_index
                0x20002998        0x1 _build/nrf52832_xxaa/app_scheduler.c.o
 *fill*         0x20002999        0x3 
 .bss.m_op_queue
                0x2000299c      0x10c _build/nrf52832_xxaa/app_timer.c.o
 .bss.m_rtc1_reset
                0x20002aa8        0x1 _build/nrf52832_xxaa/app_timer.c.o
 .bss.m_rtc1_running
                0x20002aa9        0x1 _build/nrf52832_xxaa/app_timer.c.o
 *fill*         0x20002aaa        0x2 
 .bss.m_ticks_elapsed
                0x20002aac        0x8 _build/nrf52832_xxaa/app_timer.c.o
 .bss.m_ticks_elapsed_q_read_ind
                0x20002ab4        0x1 _build/nrf52832_xxaa/app_timer.c.o
 .bss.m_ticks_elapsed_q_write_ind
                0x20002ab5        0x1 _build/nrf52832_xxaa/app_timer.c.o
 *fill*         0x20002ab6        0x2 
 .bss.m_ticks_latest
                0x20002ab8        0x4 _build/nrf52832_xxaa/app_timer.c.o
 .bss.mp_timer_id_head
                0x20002abc        0x4 _build/nrf52832_xxaa/app_timer.c.o
 .bss.m_clock_cb
                0x20002ac0       0x14 _build/nrf52832_xxaa/nrf_drv_clock.c.o
 .bss.m_cb      0x20002ad4       0x58 _build/nrf52832_xxaa/nrf_drv_gpiote.c.o
 .bss.m_cb      0x20002b2c       0x20 _build/nrf52832_xxaa/nrf_drv_uart.c.o
 .bss.m_cb      0x20002b4c       0x6c _build/nrf52832_xxaa/nrf_drv_spi.c.o
 .bss.APP_SCHED_BUF.12265
                0x20002bb8       0xb0 _build/nrf52832_xxaa/main.c.o
 .bss.adventure_ing
                0x20002c68        0x1 _build/nrf52832_xxaa/main.c.o
                0x20002c68                adventure_ing
 *fill*         0x20002c69        0x3 
 .bss.enemy_num
                0x20002c6c        0x4 _build/nrf52832_xxaa/main.c.o
                0x20002c6c                enemy_num
 .bss.experience
                0x20002c70        0x4 _build/nrf52832_xxaa/main.c.o
                0x20002c70                experience
 .bss.hit       0x20002c74        0x1 _build/nrf52832_xxaa/main.c.o
                0x20002c74                hit
 *fill*         0x20002c75        0x3 
 .bss.m_gatt    0x20002c78       0x14 _build/nrf52832_xxaa/main.c.o
 .bss.m_lbs     0x20002c8c       0x18 _build/nrf52832_xxaa/main.c.o
 .bss.m_led_a_timer_id_data
                0x20002ca4       0x20 _build/nrf52832_xxaa/main.c.o
 .bss.rx_data   0x20002cc4        0x1 _build/nrf52832_xxaa/main.c.o
 *fill*         0x20002cc5        0x3 
 .bss.select    0x20002cc8        0x4 _build/nrf52832_xxaa/main.c.o
                0x20002cc8                select
 .bss.st7586_spi_xfer_done
                0x20002ccc        0x1 _build/nrf52832_xxaa/main.c.o
 *fill*         0x20002ccd        0x3 
 .bss.state     0x20002cd0        0x4 _build/nrf52832_xxaa/main.c.o
                0x20002cd0                state
 .bss.state_temp
                0x20002cd4        0x4 _build/nrf52832_xxaa/main.c.o
                0x20002cd4                state_temp
 .bss.tired     0x20002cd8        0x4 _build/nrf52832_xxaa/main.c.o
                0x20002cd8                tired
 .bss.m_conn_params_config
                0x20002cdc       0x1c _build/nrf52832_xxaa/ble_conn_params.c.o
 .bss.m_conn_params_instances
                0x20002cf8       0x14 _build/nrf52832_xxaa/ble_conn_params.c.o
 .bss.m_preferred_conn_params
                0x20002d0c        0x8 _build/nrf52832_xxaa/ble_conn_params.c.o
 .bss.m_timer_data
                0x20002d14       0x20 _build/nrf52832_xxaa/ble_conn_params.c.o
 .bss.m_bcs     0x20002d34       0xb8 _build/nrf52832_xxaa/ble_conn_state.c.o
 .bss.m_nrf_sdh_continue
                0x20002dec        0x1 _build/nrf52832_xxaa/nrf_sdh.c.o
 .bss.m_nrf_sdh_enabled
                0x20002ded        0x1 _build/nrf52832_xxaa/nrf_sdh.c.o
 .bss.m_nrf_sdh_suspended
                0x20002dee        0x1 _build/nrf52832_xxaa/nrf_sdh.c.o
 *(COMMON)
 *fill*         0x20002def        0x1 
 COMMON         0x20002df0        0xc _build/nrf52832_xxaa/app_util_platform.c.o
                0x20002df0                nrf_nvic_state
                0x20002dfc                . = ALIGN (0x4)
                0x20002dfc                __bss_end__ = .

.heap           0x20002e00     0x2000
                0x20002e00                __HeapBase = .
                0x20002e00                __end__ = .
                [!provide]                PROVIDE (end, .)
 *(.heap*)
 .heap          0x20002e00     0x2000 _build/nrf52832_xxaa/gcc_startup_nrf52.S.o
                0x20004e00                __HeapLimit = .

.stack_dummy    0x20002e00     0x2000
 *(.stack*)
 .stack         0x20002e00     0x2000 _build/nrf52832_xxaa/gcc_startup_nrf52.S.o
                0x20010000                __StackTop = (ORIGIN (RAM) + LENGTH (RAM))
                0x2000e000                __StackLimit = (__StackTop - SIZEOF (.stack_dummy))
                0x20010000                PROVIDE (__stack, __StackTop)
                0x00000001                ASSERT ((__StackLimit >= __HeapLimit), region RAM overflowed with stack)
                0x0000028c                DataInitFlashUsed = (__bss_start__ - __data_start__)
                0x0000dd58                CodeFlashUsed = (__etext - ORIGIN (FLASH))
                0x0000dfe4                TotalFlashUsed = (CodeFlashUsed + DataInitFlashUsed)
                0x00000001                ASSERT ((TotalFlashUsed <= LENGTH (FLASH)), region FLASH overflowed with .data and user data)
OUTPUT(_build/nrf52832_xxaa.out elf32-littlearm)

.ARM.attributes
                0x00000000       0x30
 .ARM.attributes
                0x00000000       0x22 c:/program files (x86)/gnu tools arm embedded/7 2017-q4-major/bin/../lib/gcc/arm-none-eabi/7.2.1/thumb/v7e-m/fpv4-sp/hard/crti.o
 .ARM.attributes
                0x00000022       0x34 c:/program files (x86)/gnu tools arm embedded/7 2017-q4-major/bin/../lib/gcc/arm-none-eabi/7.2.1/thumb/v7e-m/fpv4-sp/hard/crtbegin.o
 .ARM.attributes
                0x00000056       0x20 c:/program files (x86)/gnu tools arm embedded/7 2017-q4-major/bin/../lib/gcc/arm-none-eabi/7.2.1/../../../../arm-none-eabi/lib/thumb/v7e-m/fpv4-sp/hard/crt0.o
 .ARM.attributes
                0x00000076       0x39 _build/nrf52832_xxaa/nrf_log_backend_serial.c.o
 .ARM.attributes
                0x000000af       0x39 _build/nrf52832_xxaa/nrf_log_backend_uart.c.o
 .ARM.attributes
                0x000000e8       0x39 _build/nrf52832_xxaa/nrf_log_default_backends.c.o
 .ARM.attributes
                0x00000121       0x39 _build/nrf52832_xxaa/nrf_log_frontend.c.o
 .ARM.attributes
                0x0000015a       0x39 _build/nrf52832_xxaa/nrf_log_str_formatter.c.o
 .ARM.attributes
                0x00000193       0x39 _build/nrf52832_xxaa/app_button.c.o
 .ARM.attributes
                0x000001cc       0x39 _build/nrf52832_xxaa/app_error.c.o
 .ARM.attributes
                0x00000205       0x39 _build/nrf52832_xxaa/app_error_weak.c.o
 .ARM.attributes
                0x0000023e       0x39 _build/nrf52832_xxaa/app_scheduler.c.o
 .ARM.attributes
                0x00000277       0x39 _build/nrf52832_xxaa/app_timer.c.o
 .ARM.attributes
                0x000002b0       0x39 _build/nrf52832_xxaa/app_util_platform.c.o
 .ARM.attributes
                0x000002e9       0x39 _build/nrf52832_xxaa/nrf_balloc.c.o
 .ARM.attributes
                0x00000322       0x39 _build/nrf52832_xxaa/nrf_fprintf.c.o
 .ARM.attributes
                0x0000035b       0x39 _build/nrf52832_xxaa/nrf_fprintf_format.c.o
 .ARM.attributes
                0x00000394       0x39 _build/nrf52832_xxaa/nrf_memobj.c.o
 .ARM.attributes
                0x000003cd       0x39 _build/nrf52832_xxaa/nrf_pwr_mgmt.c.o
 .ARM.attributes
                0x00000406       0x39 _build/nrf52832_xxaa/nrf_section_iter.c.o
 .ARM.attributes
                0x0000043f       0x39 _build/nrf52832_xxaa/nrf_strerror.c.o
 .ARM.attributes
                0x00000478       0x39 _build/nrf52832_xxaa/sdk_mapped_flags.c.o
 .ARM.attributes
                0x000004b1       0x39 _build/nrf52832_xxaa/boards.c.o
 .ARM.attributes
                0x000004ea       0x39 _build/nrf52832_xxaa/nrf_drv_clock.c.o
 .ARM.attributes
                0x00000523       0x39 _build/nrf52832_xxaa/nrf_drv_common.c.o
 .ARM.attributes
                0x0000055c       0x39 _build/nrf52832_xxaa/nrf_drv_gpiote.c.o
 .ARM.attributes
                0x00000595       0x39 _build/nrf52832_xxaa/nrf_drv_uart.c.o
 .ARM.attributes
                0x000005ce       0x39 _build/nrf52832_xxaa/nrf_drv_spi.c.o
 .ARM.attributes
                0x00000607       0x39 _build/nrf52832_xxaa/main.c.o
 .ARM.attributes
                0x00000640       0x39 _build/nrf52832_xxaa/ble_conn_params.c.o
 .ARM.attributes
                0x00000679       0x39 _build/nrf52832_xxaa/ble_conn_state.c.o
 .ARM.attributes
                0x000006b2       0x39 _build/nrf52832_xxaa/ble_srv_common.c.o
 .ARM.attributes
                0x000006eb       0x39 _build/nrf52832_xxaa/nrf_ble_gatt.c.o
 .ARM.attributes
                0x00000724       0x20 _build/nrf52832_xxaa/gcc_startup_nrf52.S.o
 .ARM.attributes
                0x00000744       0x39 _build/nrf52832_xxaa/system_nrf52.c.o
 .ARM.attributes
                0x0000077d       0x39 _build/nrf52832_xxaa/ble_lbs.c.o
 .ARM.attributes
                0x000007b6       0x39 _build/nrf52832_xxaa/nrf_sdh.c.o
 .ARM.attributes
                0x000007ef       0x39 _build/nrf52832_xxaa/nrf_sdh_ble.c.o
 .ARM.attributes
                0x00000828       0x39 _build/nrf52832_xxaa/nrf_sdh_soc.c.o
 .ARM.attributes
                0x00000861       0x34 c:/program files (x86)/gnu tools arm embedded/7 2017-q4-major/bin/../lib/gcc/arm-none-eabi/7.2.1/../../../../arm-none-eabi/lib/thumb/v7e-m/fpv4-sp/hard\libc_nano.a(lib_a-exit.o)
 .ARM.attributes
                0x00000895       0x34 c:/program files (x86)/gnu tools arm embedded/7 2017-q4-major/bin/../lib/gcc/arm-none-eabi/7.2.1/../../../../arm-none-eabi/lib/thumb/v7e-m/fpv4-sp/hard\libc_nano.a(lib_a-impure.o)
 .ARM.attributes
                0x000008c9       0x34 c:/program files (x86)/gnu tools arm embedded/7 2017-q4-major/bin/../lib/gcc/arm-none-eabi/7.2.1/../../../../arm-none-eabi/lib/thumb/v7e-m/fpv4-sp/hard\libc_nano.a(lib_a-init.o)
 .ARM.attributes
                0x000008fd       0x34 c:/program files (x86)/gnu tools arm embedded/7 2017-q4-major/bin/../lib/gcc/arm-none-eabi/7.2.1/../../../../arm-none-eabi/lib/thumb/v7e-m/fpv4-sp/hard\libc_nano.a(lib_a-locale.o)
 .ARM.attributes
                0x00000931       0x34 c:/program files (x86)/gnu tools arm embedded/7 2017-q4-major/bin/../lib/gcc/arm-none-eabi/7.2.1/../../../../arm-none-eabi/lib/thumb/v7e-m/fpv4-sp/hard\libc_nano.a(lib_a-mbtowc_r.o)
 .ARM.attributes
                0x00000965       0x34 c:/program files (x86)/gnu tools arm embedded/7 2017-q4-major/bin/../lib/gcc/arm-none-eabi/7.2.1/../../../../arm-none-eabi/lib/thumb/v7e-m/fpv4-sp/hard\libc_nano.a(lib_a-memcpy-stub.o)
 .ARM.attributes
                0x00000999       0x34 c:/program files (x86)/gnu tools arm embedded/7 2017-q4-major/bin/../lib/gcc/arm-none-eabi/7.2.1/../../../../arm-none-eabi/lib/thumb/v7e-m/fpv4-sp/hard\libc_nano.a(lib_a-memset.o)
 .ARM.attributes
                0x000009cd       0x1b c:/program files (x86)/gnu tools arm embedded/7 2017-q4-major/bin/../lib/gcc/arm-none-eabi/7.2.1/../../../../arm-none-eabi/lib/thumb/v7e-m/fpv4-sp/hard\libc_nano.a(lib_a-strlen.o)
 .ARM.attributes
                0x000009e8       0x34 c:/program files (x86)/gnu tools arm embedded/7 2017-q4-major/bin/../lib/gcc/arm-none-eabi/7.2.1/../../../../arm-none-eabi/lib/thumb/v7e-m/fpv4-sp/hard\libc_nano.a(lib_a-wctomb_r.o)
 .ARM.attributes
                0x00000a1c       0x34 c:/program files (x86)/gnu tools arm embedded/7 2017-q4-major/bin/../lib/gcc/arm-none-eabi/7.2.1/../../../../arm-none-eabi/lib/thumb/v7e-m/fpv4-sp/hard\libc_nano.a(lib_a-ctype_.o)
 .ARM.attributes
                0x00000a50       0x34 c:/program files (x86)/gnu tools arm embedded/7 2017-q4-major/bin/../lib/gcc/arm-none-eabi/7.2.1/../../../../arm-none-eabi/lib/thumb/v7e-m/fpv4-sp/hard\libnosys.a(_exit.o)
 .ARM.attributes
                0x00000a84       0x34 c:/program files (x86)/gnu tools arm embedded/7 2017-q4-major/bin/../lib/gcc/arm-none-eabi/7.2.1/thumb/v7e-m/fpv4-sp/hard/crtend.o
 .ARM.attributes
                0x00000ab8       0x22 c:/program files (x86)/gnu tools arm embedded/7 2017-q4-major/bin/../lib/gcc/arm-none-eabi/7.2.1/thumb/v7e-m/fpv4-sp/hard/crtn.o

.comment        0x00000000       0x7e
 .comment       0x00000000       0x7e _build/nrf52832_xxaa/nrf_log_backend_serial.c.o
                                 0x7f (size before relaxing)
 .comment       0x0000007e       0x7f _build/nrf52832_xxaa/nrf_log_backend_uart.c.o
 .comment       0x0000007e       0x7f _build/nrf52832_xxaa/nrf_log_default_backends.c.o
 .comment       0x0000007e       0x7f _build/nrf52832_xxaa/nrf_log_frontend.c.o
 .comment       0x0000007e       0x7f _build/nrf52832_xxaa/nrf_log_str_formatter.c.o
 .comment       0x0000007e       0x7f _build/nrf52832_xxaa/app_button.c.o
 .comment       0x0000007e       0x7f _build/nrf52832_xxaa/app_error.c.o
 .comment       0x0000007e       0x7f _build/nrf52832_xxaa/app_error_weak.c.o
 .comment       0x0000007e       0x7f _build/nrf52832_xxaa/app_scheduler.c.o
 .comment       0x0000007e       0x7f _build/nrf52832_xxaa/app_timer.c.o
 .comment       0x0000007e       0x7f _build/nrf52832_xxaa/app_util_platform.c.o
 .comment       0x0000007e       0x7f _build/nrf52832_xxaa/nrf_balloc.c.o
 .comment       0x0000007e       0x7f _build/nrf52832_xxaa/nrf_fprintf.c.o
 .comment       0x0000007e       0x7f _build/nrf52832_xxaa/nrf_fprintf_format.c.o
 .comment       0x0000007e       0x7f _build/nrf52832_xxaa/nrf_memobj.c.o
 .comment       0x0000007e       0x7f _build/nrf52832_xxaa/nrf_pwr_mgmt.c.o
 .comment       0x0000007e       0x7f _build/nrf52832_xxaa/nrf_section_iter.c.o
 .comment       0x0000007e       0x7f _build/nrf52832_xxaa/nrf_strerror.c.o
 .comment       0x0000007e       0x7f _build/nrf52832_xxaa/sdk_mapped_flags.c.o
 .comment       0x0000007e       0x7f _build/nrf52832_xxaa/boards.c.o
 .comment       0x0000007e       0x7f _build/nrf52832_xxaa/nrf_drv_clock.c.o
 .comment       0x0000007e       0x7f _build/nrf52832_xxaa/nrf_drv_common.c.o
 .comment       0x0000007e       0x7f _build/nrf52832_xxaa/nrf_drv_gpiote.c.o
 .comment       0x0000007e       0x7f _build/nrf52832_xxaa/nrf_drv_uart.c.o
 .comment       0x0000007e       0x7f _build/nrf52832_xxaa/nrf_drv_spi.c.o
 .comment       0x0000007e       0x7f _build/nrf52832_xxaa/main.c.o
 .comment       0x0000007e       0x7f _build/nrf52832_xxaa/ble_conn_params.c.o
 .comment       0x0000007e       0x7f _build/nrf52832_xxaa/ble_conn_state.c.o
 .comment       0x0000007e       0x7f _build/nrf52832_xxaa/ble_srv_common.c.o
 .comment       0x0000007e       0x7f _build/nrf52832_xxaa/nrf_ble_gatt.c.o
 .comment       0x0000007e       0x7f _build/nrf52832_xxaa/system_nrf52.c.o
 .comment       0x0000007e       0x7f _build/nrf52832_xxaa/ble_lbs.c.o
 .comment       0x0000007e       0x7f _build/nrf52832_xxaa/nrf_sdh.c.o
 .comment       0x0000007e       0x7f _build/nrf52832_xxaa/nrf_sdh_ble.c.o
 .comment       0x0000007e       0x7f _build/nrf52832_xxaa/nrf_sdh_soc.c.o

.debug_info     0x00000000    0x59fe8
 .debug_info    0x00000000     0x1057 _build/nrf52832_xxaa/nrf_log_backend_serial.c.o
 .debug_info    0x00001057     0x17ad _build/nrf52832_xxaa/nrf_log_backend_uart.c.o
 .debug_info    0x00002804      0xba1 _build/nrf52832_xxaa/nrf_log_default_backends.c.o
 .debug_info    0x000033a5     0x3cb8 _build/nrf52832_xxaa/nrf_log_frontend.c.o
 .debug_info    0x0000705d     0x106c _build/nrf52832_xxaa/nrf_log_str_formatter.c.o
 .debug_info    0x000080c9      0xe40 _build/nrf52832_xxaa/app_button.c.o
 .debug_info    0x00008f09      0xb58 _build/nrf52832_xxaa/app_error.c.o
 .debug_info    0x00009a61      0xcb6 _build/nrf52832_xxaa/app_error_weak.c.o
 .debug_info    0x0000a717      0xd38 _build/nrf52832_xxaa/app_scheduler.c.o
 .debug_info    0x0000b44f     0x2371 _build/nrf52832_xxaa/app_timer.c.o
 .debug_info    0x0000d7c0     0x1199 _build/nrf52832_xxaa/app_util_platform.c.o
 .debug_info    0x0000e959      0xcce _build/nrf52832_xxaa/nrf_balloc.c.o
 .debug_info    0x0000f627      0xa92 _build/nrf52832_xxaa/nrf_fprintf.c.o
 .debug_info    0x000100b9     0x11df _build/nrf52832_xxaa/nrf_fprintf_format.c.o
 .debug_info    0x00011298     0x1279 _build/nrf52832_xxaa/nrf_memobj.c.o
 .debug_info    0x00012511     0x1ae7 _build/nrf52832_xxaa/nrf_pwr_mgmt.c.o
 .debug_info    0x00013ff8      0xa0b _build/nrf52832_xxaa/nrf_section_iter.c.o
 .debug_info    0x00014a03      0xa8c _build/nrf52832_xxaa/nrf_strerror.c.o
 .debug_info    0x0001548f      0x623 _build/nrf52832_xxaa/sdk_mapped_flags.c.o
 .debug_info    0x00015ab2     0x1405 _build/nrf52832_xxaa/boards.c.o
 .debug_info    0x00016eb7     0x21bc _build/nrf52832_xxaa/nrf_drv_clock.c.o
 .debug_info    0x00019073      0xece _build/nrf52832_xxaa/nrf_drv_common.c.o
 .debug_info    0x00019f41     0x30bd _build/nrf52832_xxaa/nrf_drv_gpiote.c.o
 .debug_info    0x0001cffe     0x4c66 _build/nrf52832_xxaa/nrf_drv_uart.c.o
 .debug_info    0x00021c64     0x2ede _build/nrf52832_xxaa/nrf_drv_spi.c.o
 .debug_info    0x00024b42    0x225d9 _build/nrf52832_xxaa/main.c.o
 .debug_info    0x0004711b     0x2e4a _build/nrf52832_xxaa/ble_conn_params.c.o
 .debug_info    0x00049f65     0x29b0 _build/nrf52832_xxaa/ble_conn_state.c.o
 .debug_info    0x0004c915     0x150a _build/nrf52832_xxaa/ble_srv_common.c.o
 .debug_info    0x0004de1f     0x2cad _build/nrf52832_xxaa/nrf_ble_gatt.c.o
 .debug_info    0x00050acc       0x26 _build/nrf52832_xxaa/gcc_startup_nrf52.S.o
 .debug_info    0x00050af2     0x10fe _build/nrf52832_xxaa/system_nrf52.c.o
 .debug_info    0x00051bf0     0x2841 _build/nrf52832_xxaa/ble_lbs.c.o
 .debug_info    0x00054431     0x2028 _build/nrf52832_xxaa/nrf_sdh.c.o
 .debug_info    0x00056459     0x2dbd _build/nrf52832_xxaa/nrf_sdh_ble.c.o
 .debug_info    0x00059216      0xdd2 _build/nrf52832_xxaa/nrf_sdh_soc.c.o

.debug_abbrev   0x00000000     0x7cc3
 .debug_abbrev  0x00000000      0x27f _build/nrf52832_xxaa/nrf_log_backend_serial.c.o
 .debug_abbrev  0x0000027f      0x353 _build/nrf52832_xxaa/nrf_log_backend_uart.c.o
 .debug_abbrev  0x000005d2      0x256 _build/nrf52832_xxaa/nrf_log_default_backends.c.o
 .debug_abbrev  0x00000828      0x560 _build/nrf52832_xxaa/nrf_log_frontend.c.o
 .debug_abbrev  0x00000d88      0x29d _build/nrf52832_xxaa/nrf_log_str_formatter.c.o
 .debug_abbrev  0x00001025      0x2b5 _build/nrf52832_xxaa/app_button.c.o
 .debug_abbrev  0x000012da      0x235 _build/nrf52832_xxaa/app_error.c.o
 .debug_abbrev  0x0000150f      0x260 _build/nrf52832_xxaa/app_error_weak.c.o
 .debug_abbrev  0x0000176f      0x345 _build/nrf52832_xxaa/app_scheduler.c.o
 .debug_abbrev  0x00001ab4      0x479 _build/nrf52832_xxaa/app_timer.c.o
 .debug_abbrev  0x00001f2d      0x381 _build/nrf52832_xxaa/app_util_platform.c.o
 .debug_abbrev  0x000022ae      0x2f9 _build/nrf52832_xxaa/nrf_balloc.c.o
 .debug_abbrev  0x000025a7      0x239 _build/nrf52832_xxaa/nrf_fprintf.c.o
 .debug_abbrev  0x000027e0      0x352 _build/nrf52832_xxaa/nrf_fprintf_format.c.o
 .debug_abbrev  0x00002b32      0x397 _build/nrf52832_xxaa/nrf_memobj.c.o
 .debug_abbrev  0x00002ec9      0x475 _build/nrf52832_xxaa/nrf_pwr_mgmt.c.o
 .debug_abbrev  0x0000333e      0x1da _build/nrf52832_xxaa/nrf_section_iter.c.o
 .debug_abbrev  0x00003518      0x248 _build/nrf52832_xxaa/nrf_strerror.c.o
 .debug_abbrev  0x00003760      0x237 _build/nrf52832_xxaa/sdk_mapped_flags.c.o
 .debug_abbrev  0x00003997      0x384 _build/nrf52832_xxaa/boards.c.o
 .debug_abbrev  0x00003d1b      0x58d _build/nrf52832_xxaa/nrf_drv_clock.c.o
 .debug_abbrev  0x000042a8      0x287 _build/nrf52832_xxaa/nrf_drv_common.c.o
 .debug_abbrev  0x0000452f      0x529 _build/nrf52832_xxaa/nrf_drv_gpiote.c.o
 .debug_abbrev  0x00004a58      0x47b _build/nrf52832_xxaa/nrf_drv_uart.c.o
 .debug_abbrev  0x00004ed3      0x4b1 _build/nrf52832_xxaa/nrf_drv_spi.c.o
 .debug_abbrev  0x00005384      0x724 _build/nrf52832_xxaa/main.c.o
 .debug_abbrev  0x00005aa8      0x4fb _build/nrf52832_xxaa/ble_conn_params.c.o
 .debug_abbrev  0x00005fa3      0x447 _build/nrf52832_xxaa/ble_conn_state.c.o
 .debug_abbrev  0x000063ea      0x34f _build/nrf52832_xxaa/ble_srv_common.c.o
 .debug_abbrev  0x00006739      0x433 _build/nrf52832_xxaa/nrf_ble_gatt.c.o
 .debug_abbrev  0x00006b6c       0x14 _build/nrf52832_xxaa/gcc_startup_nrf52.S.o
 .debug_abbrev  0x00006b80      0x1e2 _build/nrf52832_xxaa/system_nrf52.c.o
 .debug_abbrev  0x00006d62      0x38d _build/nrf52832_xxaa/ble_lbs.c.o
 .debug_abbrev  0x000070ef      0x508 _build/nrf52832_xxaa/nrf_sdh.c.o
 .debug_abbrev  0x000075f7      0x40a _build/nrf52832_xxaa/nrf_sdh_ble.c.o
 .debug_abbrev  0x00007a01      0x2c2 _build/nrf52832_xxaa/nrf_sdh_soc.c.o

.debug_loc      0x00000000    0x150a6
 .debug_loc     0x00000000      0x160 _build/nrf52832_xxaa/nrf_log_backend_serial.c.o
 .debug_loc     0x00000160      0x153 _build/nrf52832_xxaa/nrf_log_backend_uart.c.o
 .debug_loc     0x000002b3       0x15 _build/nrf52832_xxaa/nrf_log_default_backends.c.o
 .debug_loc     0x000002c8     0x31dc _build/nrf52832_xxaa/nrf_log_frontend.c.o
 .debug_loc     0x000034a4      0x544 _build/nrf52832_xxaa/nrf_log_str_formatter.c.o
 .debug_loc     0x000039e8      0x3c1 _build/nrf52832_xxaa/app_button.c.o
 .debug_loc     0x00003da9      0x145 _build/nrf52832_xxaa/app_error.c.o
 .debug_loc     0x00003eee       0x63 _build/nrf52832_xxaa/app_error_weak.c.o
 .debug_loc     0x00003f51      0x25a _build/nrf52832_xxaa/app_scheduler.c.o
 .debug_loc     0x000041ab      0xdd8 _build/nrf52832_xxaa/app_timer.c.o
 .debug_loc     0x00004f83      0x112 _build/nrf52832_xxaa/app_util_platform.c.o
 .debug_loc     0x00005095      0x169 _build/nrf52832_xxaa/nrf_balloc.c.o
 .debug_loc     0x000051fe       0x4a _build/nrf52832_xxaa/nrf_fprintf.c.o
 .debug_loc     0x00005248      0xf2c _build/nrf52832_xxaa/nrf_fprintf_format.c.o
 .debug_loc     0x00006174      0xa3b _build/nrf52832_xxaa/nrf_memobj.c.o
 .debug_loc     0x00006baf       0xf4 _build/nrf52832_xxaa/nrf_pwr_mgmt.c.o
 .debug_loc     0x00006ca3      0x2db _build/nrf52832_xxaa/nrf_strerror.c.o
 .debug_loc     0x00006f7e      0x512 _build/nrf52832_xxaa/sdk_mapped_flags.c.o
 .debug_loc     0x00007490      0x845 _build/nrf52832_xxaa/boards.c.o
 .debug_loc     0x00007cd5      0x5d0 _build/nrf52832_xxaa/nrf_drv_clock.c.o
 .debug_loc     0x000082a5       0xd7 _build/nrf52832_xxaa/nrf_drv_common.c.o
 .debug_loc     0x0000837c     0x24ec _build/nrf52832_xxaa/nrf_drv_gpiote.c.o
 .debug_loc     0x0000a868     0x2889 _build/nrf52832_xxaa/nrf_drv_uart.c.o
 .debug_loc     0x0000d0f1     0x11ed _build/nrf52832_xxaa/nrf_drv_spi.c.o
 .debug_loc     0x0000e2de     0x42d4 _build/nrf52832_xxaa/main.c.o
 .debug_loc     0x000125b2      0xb45 _build/nrf52832_xxaa/ble_conn_params.c.o
 .debug_loc     0x000130f7      0x4ab _build/nrf52832_xxaa/ble_conn_state.c.o
 .debug_loc     0x000135a2      0x545 _build/nrf52832_xxaa/ble_srv_common.c.o
 .debug_loc     0x00013ae7      0xb45 _build/nrf52832_xxaa/nrf_ble_gatt.c.o
 .debug_loc     0x0001462c      0x2dc _build/nrf52832_xxaa/ble_lbs.c.o
 .debug_loc     0x00014908      0x47d _build/nrf52832_xxaa/nrf_sdh.c.o
 .debug_loc     0x00014d85      0x2ad _build/nrf52832_xxaa/nrf_sdh_ble.c.o
 .debug_loc     0x00015032       0x74 _build/nrf52832_xxaa/nrf_sdh_soc.c.o

.debug_aranges  0x00000000      0xd00
 .debug_aranges
                0x00000000       0x20 _build/nrf52832_xxaa/nrf_log_backend_serial.c.o
 .debug_aranges
                0x00000020       0x48 _build/nrf52832_xxaa/nrf_log_backend_uart.c.o
 .debug_aranges
                0x00000068       0x20 _build/nrf52832_xxaa/nrf_log_default_backends.c.o
 .debug_aranges
                0x00000088       0xc0 _build/nrf52832_xxaa/nrf_log_frontend.c.o
 .debug_aranges
                0x00000148       0x28 _build/nrf52832_xxaa/nrf_log_str_formatter.c.o
 .debug_aranges
                0x00000170       0x48 _build/nrf52832_xxaa/app_button.c.o
 .debug_aranges
                0x000001b8       0x30 _build/nrf52832_xxaa/app_error.c.o
 .debug_aranges
                0x000001e8       0x20 _build/nrf52832_xxaa/app_error_weak.c.o
 .debug_aranges
                0x00000208       0x38 _build/nrf52832_xxaa/app_scheduler.c.o
 .debug_aranges
                0x00000240       0x70 _build/nrf52832_xxaa/app_timer.c.o
 .debug_aranges
                0x000002b0       0x48 _build/nrf52832_xxaa/app_util_platform.c.o
 .debug_aranges
                0x000002f8       0x30 _build/nrf52832_xxaa/nrf_balloc.c.o
 .debug_aranges
                0x00000328       0x28 _build/nrf52832_xxaa/nrf_fprintf.c.o
 .debug_aranges
                0x00000350       0x28 _build/nrf52832_xxaa/nrf_fprintf_format.c.o
 .debug_aranges
                0x00000378       0x50 _build/nrf52832_xxaa/nrf_memobj.c.o
 .debug_aranges
                0x000003c8       0x48 _build/nrf52832_xxaa/nrf_pwr_mgmt.c.o
 .debug_aranges
                0x00000410       0x28 _build/nrf52832_xxaa/nrf_section_iter.c.o
 .debug_aranges
                0x00000438       0x28 _build/nrf52832_xxaa/nrf_strerror.c.o
 .debug_aranges
                0x00000460       0x50 _build/nrf52832_xxaa/sdk_mapped_flags.c.o
 .debug_aranges
                0x000004b0       0x80 _build/nrf52832_xxaa/boards.c.o
 .debug_aranges
                0x00000530       0xa8 _build/nrf52832_xxaa/nrf_drv_clock.c.o
 .debug_aranges
                0x000005d8       0x28 _build/nrf52832_xxaa/nrf_drv_common.c.o
 .debug_aranges
                0x00000600       0xd8 _build/nrf52832_xxaa/nrf_drv_gpiote.c.o
 .debug_aranges
                0x000006d8       0x78 _build/nrf52832_xxaa/nrf_drv_uart.c.o
 .debug_aranges
                0x00000750       0x68 _build/nrf52832_xxaa/nrf_drv_spi.c.o
 .debug_aranges
                0x000007b8      0x200 _build/nrf52832_xxaa/main.c.o
 .debug_aranges
                0x000009b8       0x60 _build/nrf52832_xxaa/ble_conn_params.c.o
 .debug_aranges
                0x00000a18       0xa8 _build/nrf52832_xxaa/ble_conn_state.c.o
 .debug_aranges
                0x00000ac0       0x58 _build/nrf52832_xxaa/ble_srv_common.c.o
 .debug_aranges
                0x00000b18       0x68 _build/nrf52832_xxaa/nrf_ble_gatt.c.o
 .debug_aranges
                0x00000b80       0x20 _build/nrf52832_xxaa/gcc_startup_nrf52.S.o
 .debug_aranges
                0x00000ba0       0x28 _build/nrf52832_xxaa/system_nrf52.c.o
 .debug_aranges
                0x00000bc8       0x50 _build/nrf52832_xxaa/ble_lbs.c.o
 .debug_aranges
                0x00000c18       0x70 _build/nrf52832_xxaa/nrf_sdh.c.o
 .debug_aranges
                0x00000c88       0x50 _build/nrf52832_xxaa/nrf_sdh_ble.c.o
 .debug_aranges
                0x00000cd8       0x28 _build/nrf52832_xxaa/nrf_sdh_soc.c.o

.debug_ranges   0x00000000     0x51e8
 .debug_ranges  0x00000000       0x28 _build/nrf52832_xxaa/nrf_log_backend_serial.c.o
 .debug_ranges  0x00000028       0x80 _build/nrf52832_xxaa/nrf_log_backend_uart.c.o
 .debug_ranges  0x000000a8       0x10 _build/nrf52832_xxaa/nrf_log_default_backends.c.o
 .debug_ranges  0x000000b8      0x8d8 _build/nrf52832_xxaa/nrf_log_frontend.c.o
 .debug_ranges  0x00000990       0xe8 _build/nrf52832_xxaa/nrf_log_str_formatter.c.o
 .debug_ranges  0x00000a78       0x98 _build/nrf52832_xxaa/app_button.c.o
 .debug_ranges  0x00000b10       0x20 _build/nrf52832_xxaa/app_error.c.o
 .debug_ranges  0x00000b30       0x10 _build/nrf52832_xxaa/app_error_weak.c.o
 .debug_ranges  0x00000b40       0xe0 _build/nrf52832_xxaa/app_scheduler.c.o
 .debug_ranges  0x00000c20      0x570 _build/nrf52832_xxaa/app_timer.c.o
 .debug_ranges  0x00001190       0x80 _build/nrf52832_xxaa/app_util_platform.c.o
 .debug_ranges  0x00001210       0x78 _build/nrf52832_xxaa/nrf_balloc.c.o
 .debug_ranges  0x00001288       0x18 _build/nrf52832_xxaa/nrf_fprintf.c.o
 .debug_ranges  0x000012a0      0x1e8 _build/nrf52832_xxaa/nrf_fprintf_format.c.o
 .debug_ranges  0x00001488       0xa8 _build/nrf52832_xxaa/nrf_memobj.c.o
 .debug_ranges  0x00001530       0x80 _build/nrf52832_xxaa/nrf_pwr_mgmt.c.o
 .debug_ranges  0x000015b0       0x18 _build/nrf52832_xxaa/nrf_section_iter.c.o
 .debug_ranges  0x000015c8       0x80 _build/nrf52832_xxaa/nrf_strerror.c.o
 .debug_ranges  0x00001648      0x148 _build/nrf52832_xxaa/sdk_mapped_flags.c.o
 .debug_ranges  0x00001790      0x178 _build/nrf52832_xxaa/boards.c.o
 .debug_ranges  0x00001908      0x3b8 _build/nrf52832_xxaa/nrf_drv_clock.c.o
 .debug_ranges  0x00001cc0       0x38 _build/nrf52832_xxaa/nrf_drv_common.c.o
 .debug_ranges  0x00001cf8      0xa60 _build/nrf52832_xxaa/nrf_drv_gpiote.c.o
 .debug_ranges  0x00002758      0x800 _build/nrf52832_xxaa/nrf_drv_uart.c.o
 .debug_ranges  0x00002f58      0x4f8 _build/nrf52832_xxaa/nrf_drv_spi.c.o
 .debug_ranges  0x00003450     0x1400 _build/nrf52832_xxaa/main.c.o
 .debug_ranges  0x00004850      0x228 _build/nrf52832_xxaa/ble_conn_params.c.o
 .debug_ranges  0x00004a78       0xe8 _build/nrf52832_xxaa/ble_conn_state.c.o
 .debug_ranges  0x00004b60      0x120 _build/nrf52832_xxaa/ble_srv_common.c.o
 .debug_ranges  0x00004c80       0xc8 _build/nrf52832_xxaa/nrf_ble_gatt.c.o
 .debug_ranges  0x00004d48      0x150 _build/nrf52832_xxaa/system_nrf52.c.o
 .debug_ranges  0x00004e98       0x60 _build/nrf52832_xxaa/ble_lbs.c.o
 .debug_ranges  0x00004ef8      0x228 _build/nrf52832_xxaa/nrf_sdh.c.o
 .debug_ranges  0x00005120       0x98 _build/nrf52832_xxaa/nrf_sdh_ble.c.o
 .debug_ranges  0x000051b8       0x30 _build/nrf52832_xxaa/nrf_sdh_soc.c.o

.debug_macro    0x00000000     0x9ed4
 .debug_macro   0x00000000      0x366 _build/nrf52832_xxaa/nrf_log_backend_serial.c.o
 .debug_macro   0x00000366       0x16 _build/nrf52832_xxaa/nrf_log_backend_serial.c.o
 .debug_macro   0x0000037c       0x22 _build/nrf52832_xxaa/nrf_log_backend_serial.c.o
 .debug_macro   0x0000039e       0x16 _build/nrf52832_xxaa/nrf_log_backend_serial.c.o
 .debug_macro   0x000003b4       0x40 _build/nrf52832_xxaa/nrf_log_backend_serial.c.o
 .debug_macro   0x000003f4       0x70 _build/nrf52832_xxaa/nrf_log_backend_serial.c.o
 .debug_macro   0x00000464       0x2e _build/nrf52832_xxaa/nrf_log_backend_serial.c.o
 .debug_macro   0x00000492       0x1c _build/nrf52832_xxaa/nrf_log_backend_serial.c.o
 .debug_macro   0x000004ae       0x10 _build/nrf52832_xxaa/nrf_log_backend_serial.c.o
 .debug_macro   0x000004be       0x10 _build/nrf52832_xxaa/nrf_log_backend_serial.c.o
 .debug_macro   0x000004ce       0xb6 _build/nrf52832_xxaa/nrf_log_backend_serial.c.o
 .debug_macro   0x00000584       0x16 _build/nrf52832_xxaa/nrf_log_backend_serial.c.o
 .debug_macro   0x0000059a      0x129 _build/nrf52832_xxaa/nrf_log_backend_serial.c.o
 .debug_macro   0x000006c3       0x2b _build/nrf52832_xxaa/nrf_log_backend_serial.c.o
 .debug_macro   0x000006ee       0x10 _build/nrf52832_xxaa/nrf_log_backend_serial.c.o
 .debug_macro   0x000006fe       0x7e _build/nrf52832_xxaa/nrf_log_backend_serial.c.o
 .debug_macro   0x0000077c       0x8c _build/nrf52832_xxaa/nrf_log_backend_serial.c.o
 .debug_macro   0x00000808       0x10 _build/nrf52832_xxaa/nrf_log_backend_serial.c.o
 .debug_macro   0x00000818       0x22 _build/nrf52832_xxaa/nrf_log_backend_serial.c.o
 .debug_macro   0x0000083a       0x1c _build/nrf52832_xxaa/nrf_log_backend_serial.c.o
 .debug_macro   0x00000856      0x16d _build/nrf52832_xxaa/nrf_log_backend_serial.c.o
 .debug_macro   0x000009c3      0x3a5 _build/nrf52832_xxaa/nrf_log_backend_uart.c.o
 .debug_macro   0x00000d68      0x372 _build/nrf52832_xxaa/nrf_log_backend_uart.c.o
 .debug_macro   0x000010da       0x10 _build/nrf52832_xxaa/nrf_log_backend_uart.c.o
 .debug_macro   0x000010ea       0x43 _build/nrf52832_xxaa/nrf_log_backend_uart.c.o
 .debug_macro   0x0000112d      0x357 _build/nrf52832_xxaa/nrf_log_default_backends.c.o
 .debug_macro   0x00001484       0x10 _build/nrf52832_xxaa/nrf_log_default_backends.c.o
 .debug_macro   0x00001494      0x3b1 _build/nrf52832_xxaa/nrf_log_frontend.c.o
 .debug_macro   0x00001845       0x31 _build/nrf52832_xxaa/nrf_log_frontend.c.o
 .debug_macro   0x00001876       0x10 _build/nrf52832_xxaa/nrf_log_frontend.c.o
 .debug_macro   0x00001886       0x76 _build/nrf52832_xxaa/nrf_log_frontend.c.o
 .debug_macro   0x000018fc       0x92 _build/nrf52832_xxaa/nrf_log_frontend.c.o
 .debug_macro   0x0000198e       0x16 _build/nrf52832_xxaa/nrf_log_frontend.c.o
 .debug_macro   0x000019a4       0x3b _build/nrf52832_xxaa/nrf_log_frontend.c.o
 .debug_macro   0x000019df      0x3a2 _build/nrf52832_xxaa/nrf_log_str_formatter.c.o
 .debug_macro   0x00001d81       0x9c _build/nrf52832_xxaa/nrf_log_str_formatter.c.o
 .debug_macro   0x00001e1d      0x318 _build/nrf52832_xxaa/app_button.c.o
 .debug_macro   0x00002135       0x16 _build/nrf52832_xxaa/app_button.c.o
 .debug_macro   0x0000214b       0x1c _build/nrf52832_xxaa/app_button.c.o
 .debug_macro   0x00002167       0x28 _build/nrf52832_xxaa/app_button.c.o
 .debug_macro   0x0000218f       0x1f _build/nrf52832_xxaa/app_button.c.o
 .debug_macro   0x000021ae       0x30 _build/nrf52832_xxaa/app_button.c.o
 .debug_macro   0x000021de      0x228 _build/nrf52832_xxaa/app_error.c.o
 .debug_macro   0x00002406       0x35 _build/nrf52832_xxaa/app_error.c.o
 .debug_macro   0x0000243b       0x22 _build/nrf52832_xxaa/app_error.c.o
 .debug_macro   0x0000245d       0x16 _build/nrf52832_xxaa/app_error.c.o
 .debug_macro   0x00002473       0x97 _build/nrf52832_xxaa/app_error.c.o
 .debug_macro   0x0000250a       0xf6 _build/nrf52832_xxaa/app_error.c.o
 .debug_macro   0x00002600      0x387 _build/nrf52832_xxaa/app_error_weak.c.o
 .debug_macro   0x00002987       0x16 _build/nrf52832_xxaa/app_error_weak.c.o
 .debug_macro   0x0000299d      0x167 _build/nrf52832_xxaa/app_error_weak.c.o
 .debug_macro   0x00002b04       0x16 _build/nrf52832_xxaa/app_error_weak.c.o
 .debug_macro   0x00002b1a       0x1c _build/nrf52832_xxaa/app_error_weak.c.o
 .debug_macro   0x00002b36      0x10d _build/nrf52832_xxaa/app_error_weak.c.o
 .debug_macro   0x00002c43      0x310 _build/nrf52832_xxaa/app_scheduler.c.o
 .debug_macro   0x00002f53       0x16 _build/nrf52832_xxaa/app_scheduler.c.o
 .debug_macro   0x00002f69      0x344 _build/nrf52832_xxaa/app_timer.c.o
 .debug_macro   0x000032ad       0x16 _build/nrf52832_xxaa/app_timer.c.o
 .debug_macro   0x000032c3      0x278 _build/nrf52832_xxaa/app_util_platform.c.o
 .debug_macro   0x0000353b      0x33a _build/nrf52832_xxaa/nrf_balloc.c.o
 .debug_macro   0x00003875      0x167 _build/nrf52832_xxaa/nrf_balloc.c.o
 .debug_macro   0x000039dc      0x299 _build/nrf52832_xxaa/nrf_fprintf.c.o
 .debug_macro   0x00003c75       0x58 _build/nrf52832_xxaa/nrf_fprintf.c.o
 .debug_macro   0x00003ccd      0x2ab _build/nrf52832_xxaa/nrf_fprintf_format.c.o
 .debug_macro   0x00003f78      0x325 _build/nrf52832_xxaa/nrf_memobj.c.o
 .debug_macro   0x0000429d      0x10e _build/nrf52832_xxaa/nrf_memobj.c.o
 .debug_macro   0x000043ab       0x86 _build/nrf52832_xxaa/nrf_memobj.c.o
 .debug_macro   0x00004431       0x10 _build/nrf52832_xxaa/nrf_memobj.c.o
 .debug_macro   0x00004441      0x45a _build/nrf52832_xxaa/nrf_pwr_mgmt.c.o
 .debug_macro   0x0000489b       0x11 _build/nrf52832_xxaa/nrf_pwr_mgmt.c.o
 .debug_macro   0x000048ac       0x10 _build/nrf52832_xxaa/nrf_pwr_mgmt.c.o
 .debug_macro   0x000048bc       0x22 _build/nrf52832_xxaa/nrf_pwr_mgmt.c.o
 .debug_macro   0x000048de       0x30 _build/nrf52832_xxaa/nrf_pwr_mgmt.c.o
 .debug_macro   0x0000490e      0x2a5 _build/nrf52832_xxaa/nrf_section_iter.c.o
 .debug_macro   0x00004bb3      0x209 _build/nrf52832_xxaa/nrf_strerror.c.o
 .debug_macro   0x00004dbc      0x123 _build/nrf52832_xxaa/sdk_mapped_flags.c.o
 .debug_macro   0x00004edf       0x16 _build/nrf52832_xxaa/sdk_mapped_flags.c.o
 .debug_macro   0x00004ef5      0x29c _build/nrf52832_xxaa/boards.c.o
 .debug_macro   0x00005191      0x261 _build/nrf52832_xxaa/boards.c.o
 .debug_macro   0x000053f2      0x115 _build/nrf52832_xxaa/boards.c.o
 .debug_macro   0x00005507      0x399 _build/nrf52832_xxaa/nrf_drv_clock.c.o
 .debug_macro   0x000058a0       0x10 _build/nrf52832_xxaa/nrf_drv_clock.c.o
 .debug_macro   0x000058b0       0x28 _build/nrf52832_xxaa/nrf_drv_clock.c.o
 .debug_macro   0x000058d8       0x2a _build/nrf52832_xxaa/nrf_drv_clock.c.o
 .debug_macro   0x00005902       0x1c _build/nrf52832_xxaa/nrf_drv_clock.c.o
 .debug_macro   0x0000591e      0x2ec _build/nrf52832_xxaa/nrf_drv_common.c.o
 .debug_macro   0x00005c0a       0x22 _build/nrf52832_xxaa/nrf_drv_common.c.o
 .debug_macro   0x00005c2c      0x3d4 _build/nrf52832_xxaa/nrf_drv_gpiote.c.o
 .debug_macro   0x00006000       0x16 _build/nrf52832_xxaa/nrf_drv_gpiote.c.o
 .debug_macro   0x00006016      0x161 _build/nrf52832_xxaa/nrf_drv_gpiote.c.o
 .debug_macro   0x00006177      0x3cb _build/nrf52832_xxaa/nrf_drv_uart.c.o
 .debug_macro   0x00006542      0x410 _build/nrf52832_xxaa/nrf_drv_spi.c.o
 .debug_macro   0x00006952       0x22 _build/nrf52832_xxaa/nrf_drv_spi.c.o
 .debug_macro   0x00006974       0x9e _build/nrf52832_xxaa/nrf_drv_spi.c.o
 .debug_macro   0x00006a12       0x37 _build/nrf52832_xxaa/nrf_drv_spi.c.o
 .debug_macro   0x00006a49      0x63a _build/nrf52832_xxaa/main.c.o
 .debug_macro   0x00007083      0x13a _build/nrf52832_xxaa/main.c.o
 .debug_macro   0x000071bd      0x204 _build/nrf52832_xxaa/main.c.o
 .debug_macro   0x000073c1      0x487 _build/nrf52832_xxaa/main.c.o
 .debug_macro   0x00007848       0x34 _build/nrf52832_xxaa/main.c.o
 .debug_macro   0x0000787c       0x86 _build/nrf52832_xxaa/main.c.o
 .debug_macro   0x00007902      0x1f9 _build/nrf52832_xxaa/main.c.o
 .debug_macro   0x00007afb       0x22 _build/nrf52832_xxaa/main.c.o
 .debug_macro   0x00007b1d       0xf3 _build/nrf52832_xxaa/main.c.o
 .debug_macro   0x00007c10       0x3c _build/nrf52832_xxaa/main.c.o
 .debug_macro   0x00007c4c       0xb2 _build/nrf52832_xxaa/main.c.o
 .debug_macro   0x00007cfe      0x343 _build/nrf52832_xxaa/main.c.o
 .debug_macro   0x00008041       0x6a _build/nrf52832_xxaa/main.c.o
 .debug_macro   0x000080ab       0x22 _build/nrf52832_xxaa/main.c.o
 .debug_macro   0x000080cd       0x2e _build/nrf52832_xxaa/main.c.o
 .debug_macro   0x000080fb       0x22 _build/nrf52832_xxaa/main.c.o
 .debug_macro   0x0000811d       0x28 _build/nrf52832_xxaa/main.c.o
 .debug_macro   0x00008145       0x16 _build/nrf52832_xxaa/main.c.o
 .debug_macro   0x0000815b       0x46 _build/nrf52832_xxaa/main.c.o
 .debug_macro   0x000081a1       0x10 _build/nrf52832_xxaa/main.c.o
 .debug_macro   0x000081b1       0x10 _build/nrf52832_xxaa/main.c.o
 .debug_macro   0x000081c1      0x3bc _build/nrf52832_xxaa/ble_conn_params.c.o
 .debug_macro   0x0000857d       0x1c _build/nrf52832_xxaa/ble_conn_params.c.o
 .debug_macro   0x00008599       0x10 _build/nrf52832_xxaa/ble_conn_params.c.o
 .debug_macro   0x000085a9       0x1c _build/nrf52832_xxaa/ble_conn_params.c.o